[2025-01-13T02:01:13.835+0000] {local_task_job_runner.py:120} INFO - ::group::Pre task execution logs
[2025-01-13T02:01:13.924+0000] {taskinstance.py:2073} INFO - Dependencies all met for dep_context=non-requeueable deps ti=<TaskInstance: etl_reddit_pipeline.extraction_from_reddit scheduled__2025-01-12T00:00:00+00:00 [queued]>
[2025-01-13T02:01:13.950+0000] {taskinstance.py:2073} INFO - Dependencies all met for dep_context=requeueable deps ti=<TaskInstance: etl_reddit_pipeline.extraction_from_reddit scheduled__2025-01-12T00:00:00+00:00 [queued]>
[2025-01-13T02:01:13.952+0000] {taskinstance.py:2303} INFO - Starting attempt 1 of 1
[2025-01-13T02:01:13.999+0000] {taskinstance.py:2327} INFO - Executing <Task(PythonOperator): extraction_from_reddit> on 2025-01-12 00:00:00+00:00
[2025-01-13T02:01:14.025+0000] {standard_task_runner.py:63} INFO - Started process 108 to run task
[2025-01-13T02:01:14.031+0000] {standard_task_runner.py:90} INFO - Running: ['airflow', 'tasks', 'run', 'etl_reddit_pipeline', 'extraction_from_reddit', 'scheduled__2025-01-12T00:00:00+00:00', '--job-id', '14', '--raw', '--subdir', 'DAGS_FOLDER/reddit_dag.py', '--cfg-path', '/tmp/tmp67_3wtue']
[2025-01-13T02:01:14.036+0000] {standard_task_runner.py:91} INFO - Job 14: Subtask extraction_from_reddit
[2025-01-13T02:01:14.163+0000] {task_command.py:426} INFO - Running <TaskInstance: etl_reddit_pipeline.extraction_from_reddit scheduled__2025-01-12T00:00:00+00:00 [running]> on host 171130cc8ff7
[2025-01-13T02:01:14.427+0000] {taskinstance.py:2644} INFO - Exporting env vars: AIRFLOW_CTX_DAG_OWNER='Leepaakshi Gokulkrishnan' AIRFLOW_CTX_DAG_ID='etl_reddit_pipeline' AIRFLOW_CTX_TASK_ID='extraction_from_reddit' AIRFLOW_CTX_EXECUTION_DATE='2025-01-12T00:00:00+00:00' AIRFLOW_CTX_TRY_NUMBER='1' AIRFLOW_CTX_DAG_RUN_ID='scheduled__2025-01-12T00:00:00+00:00'
[2025-01-13T02:01:14.433+0000] {taskinstance.py:430} INFO - ::endgroup::
[2025-01-13T02:01:14.788+0000] {logging_mixin.py:188} WARNING - Version 7.7.1 of praw is outdated. Version 7.8.1 was released Friday October 25, 2024.
[2025-01-13T02:01:14.792+0000] {logging_mixin.py:188} INFO - Connected to Reddit successfully!
[2025-01-13T02:01:16.044+0000] {logging_mixin.py:188} INFO - /opt/airflow/data/output/reddit_250113.csv
[2025-01-13T02:01:16.076+0000] {python.py:237} INFO - Done. Returned value was: /opt/airflow/data/output/reddit_250113.csv
[2025-01-13T02:01:16.077+0000] {taskinstance.py:441} INFO - ::group::Post task execution logs
[2025-01-13T02:01:16.124+0000] {taskinstance.py:1205} INFO - Marking task as SUCCESS. dag_id=etl_reddit_pipeline, task_id=extraction_from_reddit, execution_date=20250112T000000, start_date=20250113T020113, end_date=20250113T020116
[2025-01-13T02:01:16.183+0000] {local_task_job_runner.py:240} INFO - Task exited with return code 0
[2025-01-13T02:01:16.251+0000] {taskinstance.py:3482} INFO - 1 downstream tasks scheduled from follow-on schedule check
[2025-01-13T02:01:16.262+0000] {local_task_job_runner.py:222} INFO - ::endgroup::
