[2025-01-12T20:11:10.662+0000] {local_task_job_runner.py:120} INFO - ::group::Pre task execution logs
[2025-01-12T20:11:10.684+0000] {taskinstance.py:2073} INFO - Dependencies all met for dep_context=non-requeueable deps ti=<TaskInstance: etl_reddit_pipeline.extraction_from_reddit manual__2025-01-12T20:11:08.477383+00:00 [queued]>
[2025-01-12T20:11:10.691+0000] {taskinstance.py:2073} INFO - Dependencies all met for dep_context=requeueable deps ti=<TaskInstance: etl_reddit_pipeline.extraction_from_reddit manual__2025-01-12T20:11:08.477383+00:00 [queued]>
[2025-01-12T20:11:10.692+0000] {taskinstance.py:2303} INFO - Starting attempt 1 of 1
[2025-01-12T20:11:10.704+0000] {taskinstance.py:2327} INFO - Executing <Task(PythonOperator): extraction_from_reddit> on 2025-01-12 20:11:08.477383+00:00
[2025-01-12T20:11:10.711+0000] {standard_task_runner.py:63} INFO - Started process 128 to run task
[2025-01-12T20:11:10.714+0000] {standard_task_runner.py:90} INFO - Running: ['airflow', 'tasks', 'run', 'etl_reddit_pipeline', 'extraction_from_reddit', 'manual__2025-01-12T20:11:08.477383+00:00', '--job-id', '22', '--raw', '--subdir', 'DAGS_FOLDER/reddit_dag.py', '--cfg-path', '/tmp/tmp1rllog1j']
[2025-01-12T20:11:10.717+0000] {standard_task_runner.py:91} INFO - Job 22: Subtask extraction_from_reddit
[2025-01-12T20:11:10.759+0000] {task_command.py:426} INFO - Running <TaskInstance: etl_reddit_pipeline.extraction_from_reddit manual__2025-01-12T20:11:08.477383+00:00 [running]> on host 374becc60cd1
[2025-01-12T20:11:10.845+0000] {taskinstance.py:2644} INFO - Exporting env vars: AIRFLOW_CTX_DAG_OWNER='Leepaakshi Gokulkrishnan' AIRFLOW_CTX_DAG_ID='etl_reddit_pipeline' AIRFLOW_CTX_TASK_ID='extraction_from_reddit' AIRFLOW_CTX_EXECUTION_DATE='2025-01-12T20:11:08.477383+00:00' AIRFLOW_CTX_TRY_NUMBER='1' AIRFLOW_CTX_DAG_RUN_ID='manual__2025-01-12T20:11:08.477383+00:00'
[2025-01-12T20:11:10.846+0000] {taskinstance.py:430} INFO - ::endgroup::
[2025-01-12T20:11:10.863+0000] {logging_mixin.py:188} WARNING - Version 7.7.1 of praw is outdated. Version 7.8.1 was released Friday October 25, 2024.
[2025-01-12T20:11:10.865+0000] {logging_mixin.py:188} INFO - Connected to Reddit successfully!
[2025-01-12T20:11:12.095+0000] {logging_mixin.py:188} INFO - /opt/airflow/data/output/reddit_250112.csv
[2025-01-12T20:11:12.107+0000] {python.py:237} INFO - Done. Returned value was: /opt/airflow/data/output/reddit_250112.csv
[2025-01-12T20:11:12.108+0000] {taskinstance.py:441} INFO - ::group::Post task execution logs
[2025-01-12T20:11:12.131+0000] {taskinstance.py:1205} INFO - Marking task as SUCCESS. dag_id=etl_reddit_pipeline, task_id=extraction_from_reddit, execution_date=20250112T201108, start_date=20250112T201110, end_date=20250112T201112
[2025-01-12T20:11:12.171+0000] {local_task_job_runner.py:240} INFO - Task exited with return code 0
[2025-01-12T20:11:12.194+0000] {taskinstance.py:3482} INFO - 1 downstream tasks scheduled from follow-on schedule check
[2025-01-12T20:11:12.196+0000] {local_task_job_runner.py:222} INFO - ::endgroup::
