[2025-01-12T19:21:04.160+0000] {local_task_job_runner.py:120} INFO - ::group::Pre task execution logs
[2025-01-12T19:21:04.184+0000] {taskinstance.py:2073} INFO - Dependencies all met for dep_context=non-requeueable deps ti=<TaskInstance: etl_reddit_pipeline.extraction_from_reddit manual__2025-01-12T19:21:02.328835+00:00 [queued]>
[2025-01-12T19:21:04.196+0000] {taskinstance.py:2073} INFO - Dependencies all met for dep_context=requeueable deps ti=<TaskInstance: etl_reddit_pipeline.extraction_from_reddit manual__2025-01-12T19:21:02.328835+00:00 [queued]>
[2025-01-12T19:21:04.197+0000] {taskinstance.py:2303} INFO - Starting attempt 1 of 1
[2025-01-12T19:21:04.212+0000] {taskinstance.py:2327} INFO - Executing <Task(PythonOperator): extraction_from_reddit> on 2025-01-12 19:21:02.328835+00:00
[2025-01-12T19:21:04.219+0000] {standard_task_runner.py:63} INFO - Started process 106 to run task
[2025-01-12T19:21:04.222+0000] {standard_task_runner.py:90} INFO - Running: ['airflow', 'tasks', 'run', 'etl_reddit_pipeline', 'extraction_from_reddit', 'manual__2025-01-12T19:21:02.328835+00:00', '--job-id', '16', '--raw', '--subdir', 'DAGS_FOLDER/reddit_dag.py', '--cfg-path', '/tmp/tmpcuisygqm']
[2025-01-12T19:21:04.225+0000] {standard_task_runner.py:91} INFO - Job 16: Subtask extraction_from_reddit
[2025-01-12T19:21:04.271+0000] {task_command.py:426} INFO - Running <TaskInstance: etl_reddit_pipeline.extraction_from_reddit manual__2025-01-12T19:21:02.328835+00:00 [running]> on host 374becc60cd1
[2025-01-12T19:21:04.351+0000] {taskinstance.py:2644} INFO - Exporting env vars: AIRFLOW_CTX_DAG_OWNER='Leepaakshi Gokulkrishnan' AIRFLOW_CTX_DAG_ID='etl_reddit_pipeline' AIRFLOW_CTX_TASK_ID='extraction_from_reddit' AIRFLOW_CTX_EXECUTION_DATE='2025-01-12T19:21:02.328835+00:00' AIRFLOW_CTX_TRY_NUMBER='1' AIRFLOW_CTX_DAG_RUN_ID='manual__2025-01-12T19:21:02.328835+00:00'
[2025-01-12T19:21:04.352+0000] {taskinstance.py:430} INFO - ::endgroup::
[2025-01-12T19:21:04.364+0000] {logging_mixin.py:188} WARNING - Version 7.7.1 of praw is outdated. Version 7.8.1 was released Friday October 25, 2024.
[2025-01-12T19:21:04.365+0000] {logging_mixin.py:188} INFO - Connected to Reddit successfully!
[2025-01-12T19:21:05.617+0000] {logging_mixin.py:188} INFO - /opt/airflow/data/output/reddit_250112.csv
[2025-01-12T19:21:05.623+0000] {taskinstance.py:441} INFO - ::group::Post task execution logs
[2025-01-12T19:21:05.623+0000] {taskinstance.py:2890} ERROR - Task failed with exception
Traceback (most recent call last):
  File "/home/airflow/.local/lib/python3.9/site-packages/airflow/models/taskinstance.py", line 465, in _execute_task
    result = _execute_callable(context=context, **execute_callable_kwargs)
  File "/home/airflow/.local/lib/python3.9/site-packages/airflow/models/taskinstance.py", line 432, in _execute_callable
    return execute_callable(context=context, **execute_callable_kwargs)
  File "/home/airflow/.local/lib/python3.9/site-packages/airflow/models/baseoperator.py", line 400, in wrapper
    return func(self, *args, **kwargs)
  File "/home/airflow/.local/lib/python3.9/site-packages/airflow/operators/python.py", line 235, in execute
    return_value = self.execute_callable()
  File "/home/airflow/.local/lib/python3.9/site-packages/airflow/operators/python.py", line 252, in execute_callable
    return self.python_callable(*self.op_args, **self.op_kwargs)
  File "/opt/airflow/pipelines/reddit_pipeline.py", line 13, in reddit_pipeline
    load_to_csv(post_df, file_path)
  File "/opt/airflow/etls/reddit_etl.py", line 50, in load_to_csv
    data.to_csv(path,index=False)
  File "/home/airflow/.local/lib/python3.9/site-packages/pandas/core/generic.py", line 3902, in to_csv
    return DataFrameRenderer(formatter).to_csv(
  File "/home/airflow/.local/lib/python3.9/site-packages/pandas/io/formats/format.py", line 1152, in to_csv
    csv_formatter.save()
  File "/home/airflow/.local/lib/python3.9/site-packages/pandas/io/formats/csvs.py", line 247, in save
    with get_handle(
  File "/home/airflow/.local/lib/python3.9/site-packages/pandas/io/common.py", line 863, in get_handle
    handle = open(
PermissionError: [Errno 13] Permission denied: '/opt/airflow/data/output/reddit_250112.csv'
[2025-01-12T19:21:05.639+0000] {taskinstance.py:1205} INFO - Marking task as FAILED. dag_id=etl_reddit_pipeline, task_id=extraction_from_reddit, execution_date=20250112T192102, start_date=20250112T192104, end_date=20250112T192105
[2025-01-12T19:21:05.651+0000] {standard_task_runner.py:110} ERROR - Failed to execute job 16 for task extraction_from_reddit ([Errno 13] Permission denied: '/opt/airflow/data/output/reddit_250112.csv'; 106)
[2025-01-12T19:21:05.680+0000] {local_task_job_runner.py:240} INFO - Task exited with return code 1
[2025-01-12T19:21:05.696+0000] {taskinstance.py:3482} INFO - 0 downstream tasks scheduled from follow-on schedule check
[2025-01-12T19:21:05.698+0000] {local_task_job_runner.py:222} INFO - ::endgroup::
