[2025-01-12T19:21:55.894+0000] {local_task_job_runner.py:120} INFO - ::group::Pre task execution logs
[2025-01-12T19:21:55.913+0000] {taskinstance.py:2073} INFO - Dependencies all met for dep_context=non-requeueable deps ti=<TaskInstance: etl_reddit_pipeline.extraction_from_reddit manual__2025-01-12T19:21:54.609409+00:00 [queued]>
[2025-01-12T19:21:55.921+0000] {taskinstance.py:2073} INFO - Dependencies all met for dep_context=requeueable deps ti=<TaskInstance: etl_reddit_pipeline.extraction_from_reddit manual__2025-01-12T19:21:54.609409+00:00 [queued]>
[2025-01-12T19:21:55.921+0000] {taskinstance.py:2303} INFO - Starting attempt 1 of 1
[2025-01-12T19:21:55.932+0000] {taskinstance.py:2327} INFO - Executing <Task(PythonOperator): extraction_from_reddit> on 2025-01-12 19:21:54.609409+00:00
[2025-01-12T19:21:55.940+0000] {standard_task_runner.py:63} INFO - Started process 109 to run task
[2025-01-12T19:21:55.942+0000] {standard_task_runner.py:90} INFO - Running: ['airflow', 'tasks', 'run', 'etl_reddit_pipeline', 'extraction_from_reddit', 'manual__2025-01-12T19:21:54.609409+00:00', '--job-id', '17', '--raw', '--subdir', 'DAGS_FOLDER/reddit_dag.py', '--cfg-path', '/tmp/tmp3u3qjznk']
[2025-01-12T19:21:55.944+0000] {standard_task_runner.py:91} INFO - Job 17: Subtask extraction_from_reddit
[2025-01-12T19:21:55.986+0000] {task_command.py:426} INFO - Running <TaskInstance: etl_reddit_pipeline.extraction_from_reddit manual__2025-01-12T19:21:54.609409+00:00 [running]> on host 374becc60cd1
[2025-01-12T19:21:56.065+0000] {taskinstance.py:2644} INFO - Exporting env vars: AIRFLOW_CTX_DAG_OWNER='Leepaakshi Gokulkrishnan' AIRFLOW_CTX_DAG_ID='etl_reddit_pipeline' AIRFLOW_CTX_TASK_ID='extraction_from_reddit' AIRFLOW_CTX_EXECUTION_DATE='2025-01-12T19:21:54.609409+00:00' AIRFLOW_CTX_TRY_NUMBER='1' AIRFLOW_CTX_DAG_RUN_ID='manual__2025-01-12T19:21:54.609409+00:00'
[2025-01-12T19:21:56.067+0000] {taskinstance.py:430} INFO - ::endgroup::
[2025-01-12T19:21:56.078+0000] {logging_mixin.py:188} WARNING - Version 7.7.1 of praw is outdated. Version 7.8.1 was released Friday October 25, 2024.
[2025-01-12T19:21:56.079+0000] {logging_mixin.py:188} INFO - Connected to Reddit successfully!
[2025-01-12T19:21:57.413+0000] {logging_mixin.py:188} INFO - /opt/airflow/data/output/reddit_250112.csv
[2025-01-12T19:21:57.424+0000] {python.py:237} INFO - Done. Returned value was: /opt/airflow/data/output/reddit_250112.csv
[2025-01-12T19:21:57.424+0000] {taskinstance.py:441} INFO - ::group::Post task execution logs
[2025-01-12T19:21:57.443+0000] {taskinstance.py:1205} INFO - Marking task as SUCCESS. dag_id=etl_reddit_pipeline, task_id=extraction_from_reddit, execution_date=20250112T192154, start_date=20250112T192155, end_date=20250112T192157
[2025-01-12T19:21:57.481+0000] {local_task_job_runner.py:240} INFO - Task exited with return code 0
[2025-01-12T19:21:57.496+0000] {taskinstance.py:3482} INFO - 0 downstream tasks scheduled from follow-on schedule check
[2025-01-12T19:21:57.498+0000] {local_task_job_runner.py:222} INFO - ::endgroup::
