[2025-01-12T20:07:05.703+0000] {local_task_job_runner.py:120} INFO - ::group::Pre task execution logs
[2025-01-12T20:07:05.726+0000] {taskinstance.py:2073} INFO - Dependencies all met for dep_context=non-requeueable deps ti=<TaskInstance: etl_reddit_pipeline.s3_upload manual__2025-01-12T20:07:00.114218+00:00 [queued]>
[2025-01-12T20:07:05.735+0000] {taskinstance.py:2073} INFO - Dependencies all met for dep_context=requeueable deps ti=<TaskInstance: etl_reddit_pipeline.s3_upload manual__2025-01-12T20:07:00.114218+00:00 [queued]>
[2025-01-12T20:07:05.735+0000] {taskinstance.py:2303} INFO - Starting attempt 1 of 1
[2025-01-12T20:07:05.747+0000] {taskinstance.py:2327} INFO - Executing <Task(PythonOperator): s3_upload> on 2025-01-12 20:07:00.114218+00:00
[2025-01-12T20:07:05.755+0000] {standard_task_runner.py:63} INFO - Started process 115 to run task
[2025-01-12T20:07:05.758+0000] {standard_task_runner.py:90} INFO - Running: ['airflow', 'tasks', 'run', 'etl_reddit_pipeline', 's3_upload', 'manual__2025-01-12T20:07:00.114218+00:00', '--job-id', '19', '--raw', '--subdir', 'DAGS_FOLDER/reddit_dag.py', '--cfg-path', '/tmp/tmp3g1ivpcb']
[2025-01-12T20:07:05.761+0000] {standard_task_runner.py:91} INFO - Job 19: Subtask s3_upload
[2025-01-12T20:07:05.803+0000] {task_command.py:426} INFO - Running <TaskInstance: etl_reddit_pipeline.s3_upload manual__2025-01-12T20:07:00.114218+00:00 [running]> on host 374becc60cd1
[2025-01-12T20:07:05.882+0000] {taskinstance.py:2644} INFO - Exporting env vars: AIRFLOW_CTX_DAG_OWNER='Leepaakshi Gokulkrishnan' AIRFLOW_CTX_DAG_ID='etl_reddit_pipeline' AIRFLOW_CTX_TASK_ID='s3_upload' AIRFLOW_CTX_EXECUTION_DATE='2025-01-12T20:07:00.114218+00:00' AIRFLOW_CTX_TRY_NUMBER='1' AIRFLOW_CTX_DAG_RUN_ID='manual__2025-01-12T20:07:00.114218+00:00'
[2025-01-12T20:07:05.883+0000] {taskinstance.py:430} INFO - ::endgroup::
[2025-01-12T20:07:07.458+0000] {logging_mixin.py:188} INFO - The AWS Access Key Id you provided does not exist in our records.
[2025-01-12T20:07:07.459+0000] {taskinstance.py:441} INFO - ::group::Post task execution logs
[2025-01-12T20:07:07.459+0000] {taskinstance.py:2890} ERROR - Task failed with exception
Traceback (most recent call last):
  File "/home/airflow/.local/lib/python3.9/site-packages/airflow/models/taskinstance.py", line 465, in _execute_task
    result = _execute_callable(context=context, **execute_callable_kwargs)
  File "/home/airflow/.local/lib/python3.9/site-packages/airflow/models/taskinstance.py", line 432, in _execute_callable
    return execute_callable(context=context, **execute_callable_kwargs)
  File "/home/airflow/.local/lib/python3.9/site-packages/airflow/models/baseoperator.py", line 400, in wrapper
    return func(self, *args, **kwargs)
  File "/home/airflow/.local/lib/python3.9/site-packages/airflow/operators/python.py", line 235, in execute
    return_value = self.execute_callable()
  File "/home/airflow/.local/lib/python3.9/site-packages/airflow/operators/python.py", line 252, in execute_callable
    return self.python_callable(*self.op_args, **self.op_kwargs)
  File "/opt/airflow/pipelines/aws_s3_pipeline.py", line 10, in upload_s3_pipeline
    upload_to_s3(s3, file_path, AWS_BUCKET_NAME, file_path.split('/')[-1])
AttributeError: 'NoneType' object has no attribute 'split'
[2025-01-12T20:07:07.472+0000] {taskinstance.py:1205} INFO - Marking task as FAILED. dag_id=etl_reddit_pipeline, task_id=s3_upload, execution_date=20250112T200700, start_date=20250112T200705, end_date=20250112T200707
[2025-01-12T20:07:07.483+0000] {standard_task_runner.py:110} ERROR - Failed to execute job 19 for task s3_upload ('NoneType' object has no attribute 'split'; 115)
[2025-01-12T20:07:07.496+0000] {local_task_job_runner.py:240} INFO - Task exited with return code 1
[2025-01-12T20:07:07.511+0000] {taskinstance.py:3482} INFO - 0 downstream tasks scheduled from follow-on schedule check
[2025-01-12T20:07:07.513+0000] {local_task_job_runner.py:222} INFO - ::endgroup::
