[2025-01-12T16:22:15.146+0000] {local_task_job_runner.py:120} INFO - ::group::Pre task execution logs
[2025-01-12T16:22:15.172+0000] {taskinstance.py:2073} INFO - Dependencies all met for dep_context=non-requeueable deps ti=<TaskInstance: etl_reddit_pipeline.extraction_from_reddit manual__2025-01-12T16:22:13.780622+00:00 [queued]>
[2025-01-12T16:22:15.183+0000] {taskinstance.py:2073} INFO - Dependencies all met for dep_context=requeueable deps ti=<TaskInstance: etl_reddit_pipeline.extraction_from_reddit manual__2025-01-12T16:22:13.780622+00:00 [queued]>
[2025-01-12T16:22:15.184+0000] {taskinstance.py:2303} INFO - Starting attempt 1 of 1
[2025-01-12T16:22:15.199+0000] {taskinstance.py:2327} INFO - Executing <Task(PythonOperator): extraction_from_reddit> on 2025-01-12 16:22:13.780622+00:00
[2025-01-12T16:22:15.208+0000] {standard_task_runner.py:63} INFO - Started process 76 to run task
[2025-01-12T16:22:15.211+0000] {standard_task_runner.py:90} INFO - Running: ['airflow', 'tasks', 'run', 'etl_reddit_pipeline', 'extraction_from_reddit', 'manual__2025-01-12T16:22:13.780622+00:00', '--job-id', '6', '--raw', '--subdir', 'DAGS_FOLDER/reddit_dag.py', '--cfg-path', '/tmp/tmplds4nu9i']
[2025-01-12T16:22:15.214+0000] {standard_task_runner.py:91} INFO - Job 6: Subtask extraction_from_reddit
[2025-01-12T16:22:15.264+0000] {task_command.py:426} INFO - Running <TaskInstance: etl_reddit_pipeline.extraction_from_reddit manual__2025-01-12T16:22:13.780622+00:00 [running]> on host 374becc60cd1
[2025-01-12T16:22:15.362+0000] {taskinstance.py:2644} INFO - Exporting env vars: AIRFLOW_CTX_DAG_OWNER='Leepaakshi Gokulkrishnan' AIRFLOW_CTX_DAG_ID='etl_reddit_pipeline' AIRFLOW_CTX_TASK_ID='extraction_from_reddit' AIRFLOW_CTX_EXECUTION_DATE='2025-01-12T16:22:13.780622+00:00' AIRFLOW_CTX_TRY_NUMBER='1' AIRFLOW_CTX_DAG_RUN_ID='manual__2025-01-12T16:22:13.780622+00:00'
[2025-01-12T16:22:15.363+0000] {taskinstance.py:430} INFO - ::endgroup::
[2025-01-12T16:22:15.381+0000] {logging_mixin.py:188} WARNING - Version 7.7.1 of praw is outdated. Version 7.8.1 was released Friday October 25, 2024.
[2025-01-12T16:22:15.382+0000] {logging_mixin.py:188} INFO - Connected to Reddit successfully!
[2025-01-12T16:22:16.527+0000] {logging_mixin.py:188} INFO - {'comment_limit': 2048, 'comment_sort': 'confidence', '_reddit': <praw.reddit.Reddit object at 0x7f08daba6af0>, 'approved_at_utc': None, 'subreddit': Subreddit(display_name='Awww'), 'selftext': '', 'author_fullname': 't2_1skpmsnk', 'saved': False, 'mod_reason_title': None, 'gilded': 0, 'clicked': False, 'title': 'Illegally Smol Doggo', 'link_flair_richtext': [], 'subreddit_name_prefixed': 'r/Awww', 'hidden': False, 'pwls': 6, 'link_flair_css_class': '', 'downs': 0, 'thumbnail_height': 140, 'top_awarded_type': None, 'hide_score': False, 'name': 't3_1hzf1xo', 'quarantine': False, 'link_flair_text_color': 'dark', 'upvote_ratio': 0.96, 'author_flair_background_color': None, 'ups': 7849, 'total_awards_received': 0, 'media_embed': {}, 'thumbnail_width': 140, 'author_flair_template_id': None, 'is_original_content': False, 'user_reports': [], 'secure_media': {'reddit_video': {'bitrate_kbps': 800, 'fallback_url': 'https://v.redd.it/x247db8gthce1/DASH_360.mp4?source=fallback', 'has_audio': True, 'height': 640, 'width': 360, 'scrubber_media_url': 'https://v.redd.it/x247db8gthce1/DASH_96.mp4', 'dash_url': 'https://v.redd.it/x247db8gthce1/DASHPlaylist.mpd?a=1739290934%2CMzVjZTJjOGQ1MmY5MjlhY2U3N2M5Y2Q5NDRiYWQ2NzIyZDJjNjI1NjlmNWJlMTcyODE5MTI1NzQxZWMzMzJjNA%3D%3D&v=1&f=sd', 'duration': 9, 'hls_url': 'https://v.redd.it/x247db8gthce1/HLSPlaylist.m3u8?a=1739290934%2CMzI2NmJkODJlODA3ZWI2ODEzMTYwYjY4MjMwNjQ5NWYyNjNkZGU4MmJkNGMyNzg0OTY1ZDFkZTkxZDc5ZTZhOQ%3D%3D&v=1&f=sd', 'is_gif': False, 'transcoding_status': 'completed'}}, 'is_reddit_media_domain': True, 'is_meta': False, 'category': None, 'secure_media_embed': {}, 'link_flair_text': 'Dog(s)', 'can_mod_post': False, 'score': 7849, 'approved_by': None, 'is_created_from_ads_ui': False, 'author_premium': False, 'thumbnail': 'https://external-preview.redd.it/b3M4MndkMWd0aGNlMb0VefqGqt87o9SeVl8x7E67TLYlfJNI02k3m3BYmYAj.png?width=140&height=140&crop=140:140,smart&format=jpg&v=enabled&lthumb=true&s=bfa7fe84d26f9ec609a74485a083f55760c3eb5f', 'edited': False, 'author_flair_css_class': None, 'author_flair_richtext': [], 'gildings': {}, 'post_hint': 'hosted:video', 'content_categories': None, 'is_self': False, 'subreddit_type': 'public', 'created': 1736657190.0, 'link_flair_type': 'text', 'wls': 6, 'removed_by_category': None, 'banned_by': None, 'author_flair_type': 'text', 'domain': 'v.redd.it', 'allow_live_comments': False, 'selftext_html': None, 'likes': None, 'suggested_sort': 'confidence', 'banned_at_utc': None, 'url_overridden_by_dest': 'https://v.redd.it/x247db8gthce1', 'view_count': None, 'archived': False, 'no_follow': False, 'is_crosspostable': False, 'pinned': False, 'over_18': False, 'preview': {'images': [{'source': {'url': 'https://external-preview.redd.it/b3M4MndkMWd0aGNlMb0VefqGqt87o9SeVl8x7E67TLYlfJNI02k3m3BYmYAj.png?format=pjpg&auto=webp&s=8b67f67a3002a4204104630043e204f3fee34b11', 'width': 360, 'height': 640}, 'resolutions': [{'url': 'https://external-preview.redd.it/b3M4MndkMWd0aGNlMb0VefqGqt87o9SeVl8x7E67TLYlfJNI02k3m3BYmYAj.png?width=108&crop=smart&format=pjpg&auto=webp&s=7b5411e7d6973d1c999c903c57e4b548c9058bcd', 'width': 108, 'height': 192}, {'url': 'https://external-preview.redd.it/b3M4MndkMWd0aGNlMb0VefqGqt87o9SeVl8x7E67TLYlfJNI02k3m3BYmYAj.png?width=216&crop=smart&format=pjpg&auto=webp&s=3eb806dc373a00e60c3d6791ae5bcd4ece718762', 'width': 216, 'height': 384}, {'url': 'https://external-preview.redd.it/b3M4MndkMWd0aGNlMb0VefqGqt87o9SeVl8x7E67TLYlfJNI02k3m3BYmYAj.png?width=320&crop=smart&format=pjpg&auto=webp&s=e86c2e7e93488b2bcd4f44f04cbd34e228a93aef', 'width': 320, 'height': 568}], 'variants': {}, 'id': 'b3M4MndkMWd0aGNlMb0VefqGqt87o9SeVl8x7E67TLYlfJNI02k3m3BYmYAj'}], 'enabled': False}, 'all_awardings': [], 'awarders': [], 'media_only': False, 'link_flair_template_id': 'b4960996-f4a1-11eb-b622-067d276c80ce', 'can_gild': False, 'spoiler': False, 'locked': False, 'author_flair_text': None, 'treatment_tags': [], 'visited': False, 'removed_by': None, 'mod_note': None, 'distinguished': None, 'subreddit_id': 't5_2suml', 'author_is_blocked': False, 'mod_reason_by': None, 'num_reports': None, 'removal_reason': None, 'link_flair_background_color': '', 'id': '1hzf1xo', 'is_robot_indexable': True, 'report_reasons': None, 'author': Redditor(name='_hereforthecomments'), 'discussion_type': None, 'num_comments': 61, 'send_replies': True, 'contest_mode': False, 'mod_reports': [], 'author_patreon_flair': False, 'author_flair_text_color': None, 'permalink': '/r/Awww/comments/1hzf1xo/illegally_smol_doggo/', 'stickied': False, 'url': 'https://v.redd.it/x247db8gthce1', 'subreddit_subscribers': 950785, 'created_utc': 1736657190.0, 'num_crossposts': 10, 'media': {'reddit_video': {'bitrate_kbps': 800, 'fallback_url': 'https://v.redd.it/x247db8gthce1/DASH_360.mp4?source=fallback', 'has_audio': True, 'height': 640, 'width': 360, 'scrubber_media_url': 'https://v.redd.it/x247db8gthce1/DASH_96.mp4', 'dash_url': 'https://v.redd.it/x247db8gthce1/DASHPlaylist.mpd?a=1739290934%2CMzVjZTJjOGQ1MmY5MjlhY2U3N2M5Y2Q5NDRiYWQ2NzIyZDJjNjI1NjlmNWJlMTcyODE5MTI1NzQxZWMzMzJjNA%3D%3D&v=1&f=sd', 'duration': 9, 'hls_url': 'https://v.redd.it/x247db8gthce1/HLSPlaylist.m3u8?a=1739290934%2CMzI2NmJkODJlODA3ZWI2ODEzMTYwYjY4MjMwNjQ5NWYyNjNkZGU4MmJkNGMyNzg0OTY1ZDFkZTkxZDc5ZTZhOQ%3D%3D&v=1&f=sd', 'is_gif': False, 'transcoding_status': 'completed'}}, 'is_video': True, '_fetched': False, '_additional_fetch_params': {}, '_comments_by_id': {}}
[2025-01-12T16:22:16.528+0000] {taskinstance.py:441} INFO - ::group::Post task execution logs
[2025-01-12T16:22:16.529+0000] {taskinstance.py:2890} ERROR - Task failed with exception
Traceback (most recent call last):
  File "/home/airflow/.local/lib/python3.9/site-packages/airflow/models/taskinstance.py", line 465, in _execute_task
    result = _execute_callable(context=context, **execute_callable_kwargs)
  File "/home/airflow/.local/lib/python3.9/site-packages/airflow/models/taskinstance.py", line 432, in _execute_callable
    return execute_callable(context=context, **execute_callable_kwargs)
  File "/home/airflow/.local/lib/python3.9/site-packages/airflow/models/baseoperator.py", line 400, in wrapper
    return func(self, *args, **kwargs)
  File "/home/airflow/.local/lib/python3.9/site-packages/airflow/operators/python.py", line 235, in execute
    return_value = self.execute_callable()
  File "/home/airflow/.local/lib/python3.9/site-packages/airflow/operators/python.py", line 252, in execute_callable
    return self.python_callable(*self.op_args, **self.op_kwargs)
  File "/opt/airflow/pipelines/reddit_pipeline.py", line 8, in reddit_pipeline
    posts=extract_posts(instance,subreddit,time_filter,limit)
  File "/opt/airflow/etls/reddit_etl.py", line 24, in extract_posts
    post = {key: post_dict[key] for key in POST_FIELDS}
  File "/opt/airflow/etls/reddit_etl.py", line 24, in <dictcomp>
    post = {key: post_dict[key] for key in POST_FIELDS}
KeyError: 'downvote_ratio'
[2025-01-12T16:22:16.544+0000] {taskinstance.py:1205} INFO - Marking task as FAILED. dag_id=etl_reddit_pipeline, task_id=extraction_from_reddit, execution_date=20250112T162213, start_date=20250112T162215, end_date=20250112T162216
[2025-01-12T16:22:16.555+0000] {standard_task_runner.py:110} ERROR - Failed to execute job 6 for task extraction_from_reddit ('downvote_ratio'; 76)
[2025-01-12T16:22:16.588+0000] {local_task_job_runner.py:240} INFO - Task exited with return code 1
[2025-01-12T16:22:16.603+0000] {taskinstance.py:3482} INFO - 0 downstream tasks scheduled from follow-on schedule check
[2025-01-12T16:22:16.605+0000] {local_task_job_runner.py:222} INFO - ::endgroup::
