[2025-01-11T22:51:41.449+0000] {manager.py:470} INFO - Processing files using up to 2 processes at a time 
[2025-01-11T22:51:41.450+0000] {manager.py:471} INFO - Process each file at most once every 30 seconds
[2025-01-11T22:51:41.451+0000] {manager.py:472} INFO - Checking for new files in /opt/airflow/dags every 300 seconds
[2025-01-11T22:51:41.452+0000] {manager.py:737} INFO - Searching for files in /opt/airflow/dags
[2025-01-11T22:51:41.455+0000] {manager.py:740} INFO - There are 0 files in /opt/airflow/dags
[2025-01-11T22:56:41.689+0000] {manager.py:737} INFO - Searching for files in /opt/airflow/dags
[2025-01-11T22:56:41.692+0000] {manager.py:740} INFO - There are 0 files in /opt/airflow/dags
[2025-01-11T23:01:41.883+0000] {manager.py:737} INFO - Searching for files in /opt/airflow/dags
[2025-01-11T23:01:41.886+0000] {manager.py:740} INFO - There are 0 files in /opt/airflow/dags
[2025-01-11T23:06:42.088+0000] {manager.py:737} INFO - Searching for files in /opt/airflow/dags
[2025-01-11T23:06:42.091+0000] {manager.py:740} INFO - There are 0 files in /opt/airflow/dags
[2025-01-11T23:11:42.313+0000] {manager.py:737} INFO - Searching for files in /opt/airflow/dags
[2025-01-11T23:11:42.316+0000] {manager.py:740} INFO - There are 0 files in /opt/airflow/dags
[2025-01-11T23:16:42.559+0000] {manager.py:737} INFO - Searching for files in /opt/airflow/dags
[2025-01-11T23:16:42.563+0000] {manager.py:740} INFO - There are 0 files in /opt/airflow/dags
[2025-01-11T23:21:42.793+0000] {manager.py:737} INFO - Searching for files in /opt/airflow/dags
[2025-01-11T23:21:42.795+0000] {manager.py:740} INFO - There are 0 files in /opt/airflow/dags
[2025-01-11T23:26:43.040+0000] {manager.py:737} INFO - Searching for files in /opt/airflow/dags
[2025-01-11T23:26:43.043+0000] {manager.py:740} INFO - There are 0 files in /opt/airflow/dags
[2025-01-11T23:31:43.266+0000] {manager.py:737} INFO - Searching for files in /opt/airflow/dags
[2025-01-11T23:31:43.268+0000] {manager.py:740} INFO - There are 0 files in /opt/airflow/dags
[2025-01-11T23:36:43.504+0000] {manager.py:737} INFO - Searching for files in /opt/airflow/dags
[2025-01-11T23:36:43.507+0000] {manager.py:740} INFO - There are 0 files in /opt/airflow/dags
[2025-01-11T23:41:43.756+0000] {manager.py:737} INFO - Searching for files in /opt/airflow/dags
[2025-01-11T23:41:43.759+0000] {manager.py:740} INFO - There are 0 files in /opt/airflow/dags
[2025-01-11T23:46:43.972+0000] {manager.py:737} INFO - Searching for files in /opt/airflow/dags
[2025-01-11T23:46:43.975+0000] {manager.py:740} INFO - There are 0 files in /opt/airflow/dags
[2025-01-11T23:51:44.222+0000] {manager.py:737} INFO - Searching for files in /opt/airflow/dags
[2025-01-11T23:51:44.226+0000] {manager.py:740} INFO - There are 0 files in /opt/airflow/dags
[2025-01-11T23:56:44.446+0000] {manager.py:737} INFO - Searching for files in /opt/airflow/dags
[2025-01-11T23:56:44.449+0000] {manager.py:740} INFO - There are 0 files in /opt/airflow/dags
[2025-01-12T00:01:44.687+0000] {manager.py:737} INFO - Searching for files in /opt/airflow/dags
[2025-01-12T00:01:44.690+0000] {manager.py:740} INFO - There are 0 files in /opt/airflow/dags
[2025-01-12T00:06:45.235+0000] {manager.py:737} INFO - Searching for files in /opt/airflow/dags
[2025-01-12T00:06:45.240+0000] {manager.py:740} INFO - There are 0 files in /opt/airflow/dags
[2025-01-12T00:11:45.732+0000] {manager.py:737} INFO - Searching for files in /opt/airflow/dags
[2025-01-12T00:11:45.734+0000] {manager.py:740} INFO - There are 0 files in /opt/airflow/dags
[2025-01-12T00:16:45.955+0000] {manager.py:737} INFO - Searching for files in /opt/airflow/dags
[2025-01-12T00:16:45.958+0000] {manager.py:740} INFO - There are 0 files in /opt/airflow/dags
[2025-01-12T00:21:46.172+0000] {manager.py:737} INFO - Searching for files in /opt/airflow/dags
[2025-01-12T00:21:46.176+0000] {manager.py:740} INFO - There are 0 files in /opt/airflow/dags
[2025-01-12T00:26:46.400+0000] {manager.py:737} INFO - Searching for files in /opt/airflow/dags
[2025-01-12T00:26:46.403+0000] {manager.py:740} INFO - There are 0 files in /opt/airflow/dags
[2025-01-12T00:31:46.631+0000] {manager.py:737} INFO - Searching for files in /opt/airflow/dags
[2025-01-12T00:31:46.634+0000] {manager.py:740} INFO - There are 0 files in /opt/airflow/dags
[2025-01-12T00:36:46.868+0000] {manager.py:737} INFO - Searching for files in /opt/airflow/dags
[2025-01-12T00:36:46.872+0000] {manager.py:740} INFO - There are 0 files in /opt/airflow/dags
[2025-01-12T00:41:47.101+0000] {manager.py:737} INFO - Searching for files in /opt/airflow/dags
[2025-01-12T00:41:47.105+0000] {manager.py:740} INFO - There are 0 files in /opt/airflow/dags
[2025-01-12T00:46:47.311+0000] {manager.py:737} INFO - Searching for files in /opt/airflow/dags
[2025-01-12T00:46:47.314+0000] {manager.py:740} INFO - There are 0 files in /opt/airflow/dags
[2025-01-12T00:51:47.557+0000] {manager.py:737} INFO - Searching for files in /opt/airflow/dags
[2025-01-12T00:51:47.559+0000] {manager.py:740} INFO - There are 0 files in /opt/airflow/dags
[2025-01-12T00:56:47.776+0000] {manager.py:737} INFO - Searching for files in /opt/airflow/dags
[2025-01-12T00:56:47.778+0000] {manager.py:740} INFO - There are 0 files in /opt/airflow/dags
[2025-01-12T01:01:48.049+0000] {manager.py:737} INFO - Searching for files in /opt/airflow/dags
[2025-01-12T01:01:48.052+0000] {manager.py:740} INFO - There are 0 files in /opt/airflow/dags
[2025-01-12T01:06:48.231+0000] {manager.py:737} INFO - Searching for files in /opt/airflow/dags
[2025-01-12T01:06:48.234+0000] {manager.py:740} INFO - There are 0 files in /opt/airflow/dags
[2025-01-12T01:11:48.411+0000] {manager.py:737} INFO - Searching for files in /opt/airflow/dags
[2025-01-12T01:11:48.414+0000] {manager.py:740} INFO - There are 0 files in /opt/airflow/dags
[2025-01-12T01:16:48.595+0000] {manager.py:737} INFO - Searching for files in /opt/airflow/dags
[2025-01-12T01:16:48.598+0000] {manager.py:740} INFO - There are 0 files in /opt/airflow/dags
[2025-01-12T01:21:48.790+0000] {manager.py:737} INFO - Searching for files in /opt/airflow/dags
[2025-01-12T01:21:48.793+0000] {manager.py:740} INFO - There are 0 files in /opt/airflow/dags
[2025-01-12T01:26:48.972+0000] {manager.py:737} INFO - Searching for files in /opt/airflow/dags
[2025-01-12T01:26:48.975+0000] {manager.py:740} INFO - There are 0 files in /opt/airflow/dags
[2025-01-12T01:31:49.189+0000] {manager.py:737} INFO - Searching for files in /opt/airflow/dags
[2025-01-12T01:31:49.192+0000] {manager.py:740} INFO - There are 0 files in /opt/airflow/dags
[2025-01-12T01:36:49.428+0000] {manager.py:737} INFO - Searching for files in /opt/airflow/dags
[2025-01-12T01:36:49.430+0000] {manager.py:740} INFO - There are 0 files in /opt/airflow/dags
[2025-01-12T01:41:49.597+0000] {manager.py:737} INFO - Searching for files in /opt/airflow/dags
[2025-01-12T01:41:49.600+0000] {manager.py:740} INFO - There are 0 files in /opt/airflow/dags
[2025-01-12T01:46:49.779+0000] {manager.py:737} INFO - Searching for files in /opt/airflow/dags
[2025-01-12T01:46:49.782+0000] {manager.py:740} INFO - There are 0 files in /opt/airflow/dags
[2025-01-12T01:51:49.987+0000] {manager.py:737} INFO - Searching for files in /opt/airflow/dags
[2025-01-12T01:51:49.990+0000] {manager.py:740} INFO - There are 0 files in /opt/airflow/dags
[2025-01-12T01:56:50.212+0000] {manager.py:737} INFO - Searching for files in /opt/airflow/dags
[2025-01-12T01:56:50.215+0000] {manager.py:740} INFO - There are 0 files in /opt/airflow/dags
[2025-01-12T02:01:50.419+0000] {manager.py:737} INFO - Searching for files in /opt/airflow/dags
[2025-01-12T02:01:50.422+0000] {manager.py:740} INFO - There are 0 files in /opt/airflow/dags
[2025-01-12T02:06:50.642+0000] {manager.py:737} INFO - Searching for files in /opt/airflow/dags
[2025-01-12T02:06:50.645+0000] {manager.py:740} INFO - There are 0 files in /opt/airflow/dags
[2025-01-12T02:11:50.866+0000] {manager.py:737} INFO - Searching for files in /opt/airflow/dags
[2025-01-12T02:11:50.868+0000] {manager.py:740} INFO - There are 0 files in /opt/airflow/dags
[2025-01-12T02:16:51.106+0000] {manager.py:737} INFO - Searching for files in /opt/airflow/dags
[2025-01-12T02:16:51.109+0000] {manager.py:740} INFO - There are 0 files in /opt/airflow/dags
[2025-01-12T02:21:51.332+0000] {manager.py:737} INFO - Searching for files in /opt/airflow/dags
[2025-01-12T02:21:51.335+0000] {manager.py:740} INFO - There are 0 files in /opt/airflow/dags
[2025-01-12T02:26:51.550+0000] {manager.py:737} INFO - Searching for files in /opt/airflow/dags
[2025-01-12T02:26:51.553+0000] {manager.py:740} INFO - There are 0 files in /opt/airflow/dags
[2025-01-12T02:31:51.739+0000] {manager.py:737} INFO - Searching for files in /opt/airflow/dags
[2025-01-12T02:31:51.742+0000] {manager.py:740} INFO - There are 0 files in /opt/airflow/dags
[2025-01-12T02:36:51.928+0000] {manager.py:737} INFO - Searching for files in /opt/airflow/dags
[2025-01-12T02:36:51.931+0000] {manager.py:740} INFO - There are 0 files in /opt/airflow/dags
[2025-01-12T02:41:52.124+0000] {manager.py:737} INFO - Searching for files in /opt/airflow/dags
[2025-01-12T02:41:52.133+0000] {manager.py:740} INFO - There are 0 files in /opt/airflow/dags
[2025-01-12T02:46:52.347+0000] {manager.py:737} INFO - Searching for files in /opt/airflow/dags
[2025-01-12T02:46:52.354+0000] {manager.py:740} INFO - There are 0 files in /opt/airflow/dags
[2025-01-12T02:51:52.607+0000] {manager.py:737} INFO - Searching for files in /opt/airflow/dags
[2025-01-12T02:51:52.613+0000] {manager.py:740} INFO - There are 0 files in /opt/airflow/dags
[2025-01-12T02:56:52.786+0000] {manager.py:737} INFO - Searching for files in /opt/airflow/dags
[2025-01-12T02:56:52.804+0000] {manager.py:740} INFO - There are 1 files in /opt/airflow/dags
[2025-01-12T02:57:11.944+0000] {manager.py:878} INFO - 
================================================================================
DAG File Processing Stats

File Path                        PID    Runtime      # DAGs    # Errors  Last Runtime    Last Run
-------------------------------  -----  ---------  --------  ----------  --------------  -------------------
/opt/airflow/dags/reddit_dag.py                           0           1  0.15s           2025-01-12T02:56:52
================================================================================
[2025-01-12T02:57:42.093+0000] {manager.py:878} INFO - 
================================================================================
DAG File Processing Stats

File Path                        PID    Runtime      # DAGs    # Errors  Last Runtime    Last Run
-------------------------------  -----  ---------  --------  ----------  --------------  -------------------
/opt/airflow/dags/reddit_dag.py                           0           1  0.06s           2025-01-12T02:57:23
================================================================================
[2025-01-12T02:58:12.265+0000] {manager.py:878} INFO - 
================================================================================
DAG File Processing Stats

File Path                        PID    Runtime      # DAGs    # Errors  Last Runtime    Last Run
-------------------------------  -----  ---------  --------  ----------  --------------  -------------------
/opt/airflow/dags/reddit_dag.py                           0           1  0.05s           2025-01-12T02:57:53
================================================================================
[2025-01-12T02:58:42.425+0000] {manager.py:878} INFO - 
================================================================================
DAG File Processing Stats

File Path                        PID    Runtime      # DAGs    # Errors  Last Runtime    Last Run
-------------------------------  -----  ---------  --------  ----------  --------------  -------------------
/opt/airflow/dags/reddit_dag.py                           0           1  0.05s           2025-01-12T02:58:23
================================================================================
[2025-01-12T02:59:12.580+0000] {manager.py:878} INFO - 
================================================================================
DAG File Processing Stats

File Path                        PID    Runtime      # DAGs    # Errors  Last Runtime    Last Run
-------------------------------  -----  ---------  --------  ----------  --------------  -------------------
/opt/airflow/dags/reddit_dag.py                           0           1  0.06s           2025-01-12T02:58:53
================================================================================
[2025-01-12T02:59:42.747+0000] {manager.py:878} INFO - 
================================================================================
DAG File Processing Stats

File Path                        PID    Runtime      # DAGs    # Errors  Last Runtime    Last Run
-------------------------------  -----  ---------  --------  ----------  --------------  -------------------
/opt/airflow/dags/reddit_dag.py                           0           1  0.05s           2025-01-12T02:59:23
================================================================================
[2025-01-12T03:00:12.942+0000] {manager.py:878} INFO - 
================================================================================
DAG File Processing Stats

File Path                        PID    Runtime      # DAGs    # Errors  Last Runtime    Last Run
-------------------------------  -----  ---------  --------  ----------  --------------  -------------------
/opt/airflow/dags/reddit_dag.py                           0           1  0.06s           2025-01-12T03:00:06
================================================================================
[2025-01-12T03:00:43.106+0000] {manager.py:878} INFO - 
================================================================================
DAG File Processing Stats

File Path                        PID    Runtime      # DAGs    # Errors  Last Runtime    Last Run
-------------------------------  -----  ---------  --------  ----------  --------------  -------------------
/opt/airflow/dags/reddit_dag.py                           0           1  0.06s           2025-01-12T03:00:37
================================================================================
[2025-01-12T03:01:13.275+0000] {manager.py:878} INFO - 
================================================================================
DAG File Processing Stats

File Path                        PID    Runtime      # DAGs    # Errors  Last Runtime    Last Run
-------------------------------  -----  ---------  --------  ----------  --------------  -------------------
/opt/airflow/dags/reddit_dag.py                           0           1  0.06s           2025-01-12T03:01:07
================================================================================
[2025-01-12T03:01:43.434+0000] {manager.py:878} INFO - 
================================================================================
DAG File Processing Stats

File Path                        PID    Runtime      # DAGs    # Errors  Last Runtime    Last Run
-------------------------------  -----  ---------  --------  ----------  --------------  -------------------
/opt/airflow/dags/reddit_dag.py                           0           1  0.05s           2025-01-12T03:01:37
================================================================================
[2025-01-12T03:01:53.485+0000] {manager.py:737} INFO - Searching for files in /opt/airflow/dags
[2025-01-12T03:01:53.493+0000] {manager.py:740} INFO - There are 1 files in /opt/airflow/dags
[2025-01-12T03:02:13.615+0000] {manager.py:878} INFO - 
================================================================================
DAG File Processing Stats

File Path                        PID    Runtime      # DAGs    # Errors  Last Runtime    Last Run
-------------------------------  -----  ---------  --------  ----------  --------------  -------------------
/opt/airflow/dags/reddit_dag.py                           0           1  0.06s           2025-01-12T03:02:07
================================================================================
[2025-01-12T03:02:43.787+0000] {manager.py:878} INFO - 
================================================================================
DAG File Processing Stats

File Path                        PID    Runtime      # DAGs    # Errors  Last Runtime    Last Run
-------------------------------  -----  ---------  --------  ----------  --------------  -------------------
/opt/airflow/dags/reddit_dag.py                           0           1  0.06s           2025-01-12T03:02:37
================================================================================
[2025-01-12T03:03:13.952+0000] {manager.py:878} INFO - 
================================================================================
DAG File Processing Stats

File Path                        PID    Runtime      # DAGs    # Errors  Last Runtime    Last Run
-------------------------------  -----  ---------  --------  ----------  --------------  -------------------
/opt/airflow/dags/reddit_dag.py                           0           1  0.06s           2025-01-12T03:03:07
================================================================================
[2025-01-12T03:03:44.127+0000] {manager.py:878} INFO - 
================================================================================
DAG File Processing Stats

File Path                        PID    Runtime      # DAGs    # Errors  Last Runtime    Last Run
-------------------------------  -----  ---------  --------  ----------  --------------  -------------------
/opt/airflow/dags/reddit_dag.py                           0           1  0.07s           2025-01-12T03:03:38
================================================================================
[2025-01-12T03:04:14.295+0000] {manager.py:878} INFO - 
================================================================================
DAG File Processing Stats

File Path                        PID    Runtime      # DAGs    # Errors  Last Runtime    Last Run
-------------------------------  -----  ---------  --------  ----------  --------------  -------------------
/opt/airflow/dags/reddit_dag.py                           0           1  0.06s           2025-01-12T03:04:08
================================================================================
[2025-01-12T03:04:44.459+0000] {manager.py:878} INFO - 
================================================================================
DAG File Processing Stats

File Path                        PID    Runtime      # DAGs    # Errors  Last Runtime    Last Run
-------------------------------  -----  ---------  --------  ----------  --------------  -------------------
/opt/airflow/dags/reddit_dag.py                           0           1  0.06s           2025-01-12T03:04:38
================================================================================
[2025-01-12T03:05:14.620+0000] {manager.py:878} INFO - 
================================================================================
DAG File Processing Stats

File Path                        PID    Runtime      # DAGs    # Errors  Last Runtime    Last Run
-------------------------------  -----  ---------  --------  ----------  --------------  -------------------
/opt/airflow/dags/reddit_dag.py                           0           1  0.06s           2025-01-12T03:05:08
================================================================================
[2025-01-12T03:05:44.784+0000] {manager.py:878} INFO - 
================================================================================
DAG File Processing Stats

File Path                        PID    Runtime      # DAGs    # Errors  Last Runtime    Last Run
-------------------------------  -----  ---------  --------  ----------  --------------  -------------------
/opt/airflow/dags/reddit_dag.py                           0           1  0.06s           2025-01-12T03:05:38
================================================================================
[2025-01-12T03:06:14.951+0000] {manager.py:878} INFO - 
================================================================================
DAG File Processing Stats

File Path                        PID    Runtime      # DAGs    # Errors  Last Runtime    Last Run
-------------------------------  -----  ---------  --------  ----------  --------------  -------------------
/opt/airflow/dags/reddit_dag.py                           0           1  0.07s           2025-01-12T03:06:08
================================================================================
[2025-01-12T03:06:45.121+0000] {manager.py:878} INFO - 
================================================================================
DAG File Processing Stats

File Path                        PID    Runtime      # DAGs    # Errors  Last Runtime    Last Run
-------------------------------  -----  ---------  --------  ----------  --------------  -------------------
/opt/airflow/dags/reddit_dag.py                           0           1  0.05s           2025-01-12T03:06:39
================================================================================
[2025-01-12T03:06:54.166+0000] {manager.py:737} INFO - Searching for files in /opt/airflow/dags
[2025-01-12T03:06:54.173+0000] {manager.py:740} INFO - There are 1 files in /opt/airflow/dags
[2025-01-12T03:07:15.294+0000] {manager.py:878} INFO - 
================================================================================
DAG File Processing Stats

File Path                        PID    Runtime      # DAGs    # Errors  Last Runtime    Last Run
-------------------------------  -----  ---------  --------  ----------  --------------  -------------------
/opt/airflow/dags/reddit_dag.py                           0           1  0.05s           2025-01-12T03:07:09
================================================================================
[2025-01-12T03:07:45.456+0000] {manager.py:878} INFO - 
================================================================================
DAG File Processing Stats

File Path                        PID    Runtime      # DAGs    # Errors  Last Runtime    Last Run
-------------------------------  -----  ---------  --------  ----------  --------------  -------------------
/opt/airflow/dags/reddit_dag.py                           0           1  0.08s           2025-01-12T03:07:39
================================================================================
[2025-01-12T03:08:15.648+0000] {manager.py:878} INFO - 
================================================================================
DAG File Processing Stats

File Path                        PID    Runtime      # DAGs    # Errors  Last Runtime    Last Run
-------------------------------  -----  ---------  --------  ----------  --------------  -------------------
/opt/airflow/dags/reddit_dag.py                           0           1  0.06s           2025-01-12T03:08:09
================================================================================
[2025-01-12T03:08:45.815+0000] {manager.py:878} INFO - 
================================================================================
DAG File Processing Stats

File Path                        PID    Runtime      # DAGs    # Errors  Last Runtime    Last Run
-------------------------------  -----  ---------  --------  ----------  --------------  -------------------
/opt/airflow/dags/reddit_dag.py                           0           1  0.06s           2025-01-12T03:08:39
================================================================================
[2025-01-12T03:09:15.993+0000] {manager.py:878} INFO - 
================================================================================
DAG File Processing Stats

File Path                        PID    Runtime      # DAGs    # Errors  Last Runtime    Last Run
-------------------------------  -----  ---------  --------  ----------  --------------  -------------------
/opt/airflow/dags/reddit_dag.py                           0           1  0.07s           2025-01-12T03:09:10
================================================================================
[2025-01-12T03:09:46.167+0000] {manager.py:878} INFO - 
================================================================================
DAG File Processing Stats

File Path                        PID    Runtime      # DAGs    # Errors  Last Runtime    Last Run
-------------------------------  -----  ---------  --------  ----------  --------------  -------------------
/opt/airflow/dags/reddit_dag.py                           0           1  0.06s           2025-01-12T03:09:40
================================================================================
[2025-01-12T03:10:16.328+0000] {manager.py:878} INFO - 
================================================================================
DAG File Processing Stats

File Path                        PID    Runtime      # DAGs    # Errors  Last Runtime    Last Run
-------------------------------  -----  ---------  --------  ----------  --------------  -------------------
/opt/airflow/dags/reddit_dag.py                           0           1  0.07s           2025-01-12T03:10:10
================================================================================
[2025-01-12T03:10:46.508+0000] {manager.py:878} INFO - 
================================================================================
DAG File Processing Stats

File Path                        PID    Runtime      # DAGs    # Errors  Last Runtime    Last Run
-------------------------------  -----  ---------  --------  ----------  --------------  -------------------
/opt/airflow/dags/reddit_dag.py                           0           1  0.05s           2025-01-12T03:10:40
================================================================================
[2025-01-12T03:11:16.668+0000] {manager.py:878} INFO - 
================================================================================
DAG File Processing Stats

File Path                        PID    Runtime      # DAGs    # Errors  Last Runtime    Last Run
-------------------------------  -----  ---------  --------  ----------  --------------  -------------------
/opt/airflow/dags/reddit_dag.py                           0           1  0.06s           2025-01-12T03:11:10
================================================================================
[2025-01-12T03:11:46.844+0000] {manager.py:878} INFO - 
================================================================================
DAG File Processing Stats

File Path                        PID    Runtime      # DAGs    # Errors  Last Runtime    Last Run
-------------------------------  -----  ---------  --------  ----------  --------------  -------------------
/opt/airflow/dags/reddit_dag.py                           0           1  0.06s           2025-01-12T03:11:40
================================================================================
[2025-01-12T03:11:54.884+0000] {manager.py:737} INFO - Searching for files in /opt/airflow/dags
[2025-01-12T03:11:54.891+0000] {manager.py:740} INFO - There are 1 files in /opt/airflow/dags
[2025-01-12T03:12:17.029+0000] {manager.py:878} INFO - 
================================================================================
DAG File Processing Stats

File Path                        PID    Runtime      # DAGs    # Errors  Last Runtime    Last Run
-------------------------------  -----  ---------  --------  ----------  --------------  -------------------
/opt/airflow/dags/reddit_dag.py                           0           1  0.07s           2025-01-12T03:12:11
================================================================================
[2025-01-12T03:12:47.208+0000] {manager.py:878} INFO - 
================================================================================
DAG File Processing Stats

File Path                        PID    Runtime      # DAGs    # Errors  Last Runtime    Last Run
-------------------------------  -----  ---------  --------  ----------  --------------  -------------------
/opt/airflow/dags/reddit_dag.py                           0           1  0.07s           2025-01-12T03:12:41
================================================================================
[2025-01-12T03:13:17.371+0000] {manager.py:878} INFO - 
================================================================================
DAG File Processing Stats

File Path                        PID    Runtime      # DAGs    # Errors  Last Runtime    Last Run
-------------------------------  -----  ---------  --------  ----------  --------------  -------------------
/opt/airflow/dags/reddit_dag.py                           0           1  0.06s           2025-01-12T03:13:11
================================================================================
[2025-01-12T03:13:47.546+0000] {manager.py:878} INFO - 
================================================================================
DAG File Processing Stats

File Path                        PID    Runtime      # DAGs    # Errors  Last Runtime    Last Run
-------------------------------  -----  ---------  --------  ----------  --------------  -------------------
/opt/airflow/dags/reddit_dag.py                           0           1  0.06s           2025-01-12T03:13:41
================================================================================
[2025-01-12T03:14:17.715+0000] {manager.py:878} INFO - 
================================================================================
DAG File Processing Stats

File Path                        PID    Runtime      # DAGs    # Errors  Last Runtime    Last Run
-------------------------------  -----  ---------  --------  ----------  --------------  -------------------
/opt/airflow/dags/reddit_dag.py                           0           1  0.06s           2025-01-12T03:14:11
================================================================================
[2025-01-12T03:14:47.877+0000] {manager.py:878} INFO - 
================================================================================
DAG File Processing Stats

File Path                        PID    Runtime      # DAGs    # Errors  Last Runtime    Last Run
-------------------------------  -----  ---------  --------  ----------  --------------  -------------------
/opt/airflow/dags/reddit_dag.py                           0           1  0.05s           2025-01-12T03:14:41
================================================================================
[2025-01-12T03:15:18.039+0000] {manager.py:878} INFO - 
================================================================================
DAG File Processing Stats

File Path                        PID    Runtime      # DAGs    # Errors  Last Runtime    Last Run
-------------------------------  -----  ---------  --------  ----------  --------------  -------------------
/opt/airflow/dags/reddit_dag.py                           0           1  0.05s           2025-01-12T03:15:12
================================================================================
[2025-01-12T03:15:48.211+0000] {manager.py:878} INFO - 
================================================================================
DAG File Processing Stats

File Path                        PID    Runtime      # DAGs    # Errors  Last Runtime    Last Run
-------------------------------  -----  ---------  --------  ----------  --------------  -------------------
/opt/airflow/dags/reddit_dag.py                           0           1  0.06s           2025-01-12T03:15:42
================================================================================
[2025-01-12T03:16:18.374+0000] {manager.py:878} INFO - 
================================================================================
DAG File Processing Stats

File Path                        PID    Runtime      # DAGs    # Errors  Last Runtime    Last Run
-------------------------------  -----  ---------  --------  ----------  --------------  -------------------
/opt/airflow/dags/reddit_dag.py                           0           1  0.06s           2025-01-12T03:16:12
================================================================================
[2025-01-12T03:16:48.538+0000] {manager.py:878} INFO - 
================================================================================
DAG File Processing Stats

File Path                        PID    Runtime      # DAGs    # Errors  Last Runtime    Last Run
-------------------------------  -----  ---------  --------  ----------  --------------  -------------------
/opt/airflow/dags/reddit_dag.py                           0           1  0.06s           2025-01-12T03:16:42
================================================================================
[2025-01-12T03:16:55.575+0000] {manager.py:737} INFO - Searching for files in /opt/airflow/dags
[2025-01-12T03:16:55.582+0000] {manager.py:740} INFO - There are 1 files in /opt/airflow/dags
[2025-01-12T03:17:18.726+0000] {manager.py:878} INFO - 
================================================================================
DAG File Processing Stats

File Path                        PID    Runtime      # DAGs    # Errors  Last Runtime    Last Run
-------------------------------  -----  ---------  --------  ----------  --------------  -------------------
/opt/airflow/dags/reddit_dag.py                           0           1  0.06s           2025-01-12T03:17:12
================================================================================
[2025-01-12T03:17:48.892+0000] {manager.py:878} INFO - 
================================================================================
DAG File Processing Stats

File Path                        PID    Runtime      # DAGs    # Errors  Last Runtime    Last Run
-------------------------------  -----  ---------  --------  ----------  --------------  -------------------
/opt/airflow/dags/reddit_dag.py                           0           1  0.05s           2025-01-12T03:17:42
================================================================================
[2025-01-12T03:18:19.056+0000] {manager.py:878} INFO - 
================================================================================
DAG File Processing Stats

File Path                        PID    Runtime      # DAGs    # Errors  Last Runtime    Last Run
-------------------------------  -----  ---------  --------  ----------  --------------  -------------------
/opt/airflow/dags/reddit_dag.py                           0           1  0.06s           2025-01-12T03:18:13
================================================================================
[2025-01-12T03:18:49.226+0000] {manager.py:878} INFO - 
================================================================================
DAG File Processing Stats

File Path                        PID    Runtime      # DAGs    # Errors  Last Runtime    Last Run
-------------------------------  -----  ---------  --------  ----------  --------------  -------------------
/opt/airflow/dags/reddit_dag.py                           0           1  0.05s           2025-01-12T03:18:43
================================================================================
[2025-01-12T03:19:19.397+0000] {manager.py:878} INFO - 
================================================================================
DAG File Processing Stats

File Path                        PID    Runtime      # DAGs    # Errors  Last Runtime    Last Run
-------------------------------  -----  ---------  --------  ----------  --------------  -------------------
/opt/airflow/dags/reddit_dag.py                           0           1  0.05s           2025-01-12T03:19:06
================================================================================
[2025-01-12T03:19:49.575+0000] {manager.py:878} INFO - 
================================================================================
DAG File Processing Stats

File Path                        PID    Runtime      # DAGs    # Errors  Last Runtime    Last Run
-------------------------------  -----  ---------  --------  ----------  --------------  -------------------
/opt/airflow/dags/reddit_dag.py                           0           1  0.05s           2025-01-12T03:19:32
================================================================================
[2025-01-12T03:20:19.738+0000] {manager.py:878} INFO - 
================================================================================
DAG File Processing Stats

File Path                        PID    Runtime      # DAGs    # Errors  Last Runtime    Last Run
-------------------------------  -----  ---------  --------  ----------  --------------  -------------------
/opt/airflow/dags/reddit_dag.py                           0           1  0.05s           2025-01-12T03:20:02
================================================================================
[2025-01-12T03:20:49.899+0000] {manager.py:878} INFO - 
================================================================================
DAG File Processing Stats

File Path                        PID    Runtime      # DAGs    # Errors  Last Runtime    Last Run
-------------------------------  -----  ---------  --------  ----------  --------------  -------------------
/opt/airflow/dags/reddit_dag.py                           0           1  0.06s           2025-01-12T03:20:32
================================================================================
[2025-01-12T03:21:20.066+0000] {manager.py:878} INFO - 
================================================================================
DAG File Processing Stats

File Path                        PID    Runtime      # DAGs    # Errors  Last Runtime    Last Run
-------------------------------  -----  ---------  --------  ----------  --------------  -------------------
/opt/airflow/dags/reddit_dag.py                           0           1  0.05s           2025-01-12T03:21:03
================================================================================
[2025-01-12T03:21:50.227+0000] {manager.py:878} INFO - 
================================================================================
DAG File Processing Stats

File Path                        PID    Runtime      # DAGs    # Errors  Last Runtime    Last Run
-------------------------------  -----  ---------  --------  ----------  --------------  -------------------
/opt/airflow/dags/reddit_dag.py                           0           1  0.05s           2025-01-12T03:21:33
================================================================================
[2025-01-12T03:21:56.255+0000] {manager.py:737} INFO - Searching for files in /opt/airflow/dags
[2025-01-12T03:21:56.261+0000] {manager.py:740} INFO - There are 1 files in /opt/airflow/dags
[2025-01-12T03:22:20.395+0000] {manager.py:878} INFO - 
================================================================================
DAG File Processing Stats

File Path                        PID    Runtime      # DAGs    # Errors  Last Runtime    Last Run
-------------------------------  -----  ---------  --------  ----------  --------------  -------------------
/opt/airflow/dags/reddit_dag.py                           0           1  0.05s           2025-01-12T03:22:03
================================================================================
[2025-01-12T03:22:50.560+0000] {manager.py:878} INFO - 
================================================================================
DAG File Processing Stats

File Path                        PID    Runtime      # DAGs    # Errors  Last Runtime    Last Run
-------------------------------  -----  ---------  --------  ----------  --------------  -------------------
/opt/airflow/dags/reddit_dag.py                           0           1  0.06s           2025-01-12T03:22:33
================================================================================
[2025-01-12T03:23:20.726+0000] {manager.py:878} INFO - 
================================================================================
DAG File Processing Stats

File Path                        PID    Runtime      # DAGs    # Errors  Last Runtime    Last Run
-------------------------------  -----  ---------  --------  ----------  --------------  -------------------
/opt/airflow/dags/reddit_dag.py                           0           1  0.06s           2025-01-12T03:23:03
================================================================================
[2025-01-12T03:23:50.895+0000] {manager.py:878} INFO - 
================================================================================
DAG File Processing Stats

File Path                        PID    Runtime      # DAGs    # Errors  Last Runtime    Last Run
-------------------------------  -----  ---------  --------  ----------  --------------  -------------------
/opt/airflow/dags/reddit_dag.py                           0           1  0.05s           2025-01-12T03:23:33
================================================================================
[2025-01-12T03:24:21.059+0000] {manager.py:878} INFO - 
================================================================================
DAG File Processing Stats

File Path                        PID    Runtime      # DAGs    # Errors  Last Runtime    Last Run
-------------------------------  -----  ---------  --------  ----------  --------------  -------------------
/opt/airflow/dags/reddit_dag.py                           0           1  0.06s           2025-01-12T03:24:04
================================================================================
[2025-01-12T03:24:51.220+0000] {manager.py:878} INFO - 
================================================================================
DAG File Processing Stats

File Path                        PID    Runtime      # DAGs    # Errors  Last Runtime    Last Run
-------------------------------  -----  ---------  --------  ----------  --------------  -------------------
/opt/airflow/dags/reddit_dag.py                           0           1  0.05s           2025-01-12T03:24:34
================================================================================
[2025-01-12T03:25:21.382+0000] {manager.py:878} INFO - 
================================================================================
DAG File Processing Stats

File Path                        PID    Runtime      # DAGs    # Errors  Last Runtime    Last Run
-------------------------------  -----  ---------  --------  ----------  --------------  -------------------
/opt/airflow/dags/reddit_dag.py                           0           1  0.05s           2025-01-12T03:25:04
================================================================================
[2025-01-12T03:25:51.549+0000] {manager.py:878} INFO - 
================================================================================
DAG File Processing Stats

File Path                        PID    Runtime      # DAGs    # Errors  Last Runtime    Last Run
-------------------------------  -----  ---------  --------  ----------  --------------  -------------------
/opt/airflow/dags/reddit_dag.py                           0           1  0.06s           2025-01-12T03:25:34
================================================================================
[2025-01-12T03:26:21.720+0000] {manager.py:878} INFO - 
================================================================================
DAG File Processing Stats

File Path                        PID    Runtime      # DAGs    # Errors  Last Runtime    Last Run
-------------------------------  -----  ---------  --------  ----------  --------------  -------------------
/opt/airflow/dags/reddit_dag.py                           0           1  0.06s           2025-01-12T03:26:04
================================================================================
[2025-01-12T03:26:51.898+0000] {manager.py:878} INFO - 
================================================================================
DAG File Processing Stats

File Path                        PID    Runtime      # DAGs    # Errors  Last Runtime    Last Run
-------------------------------  -----  ---------  --------  ----------  --------------  -------------------
/opt/airflow/dags/reddit_dag.py                           0           1  0.06s           2025-01-12T03:26:34
================================================================================
[2025-01-12T03:26:56.924+0000] {manager.py:737} INFO - Searching for files in /opt/airflow/dags
[2025-01-12T03:26:56.931+0000] {manager.py:740} INFO - There are 1 files in /opt/airflow/dags
[2025-01-12T03:27:22.098+0000] {manager.py:878} INFO - 
================================================================================
DAG File Processing Stats

File Path                        PID    Runtime      # DAGs    # Errors  Last Runtime    Last Run
-------------------------------  -----  ---------  --------  ----------  --------------  -------------------
/opt/airflow/dags/reddit_dag.py                           0           1  0.08s           2025-01-12T03:27:05
================================================================================
[2025-01-12T03:27:52.282+0000] {manager.py:878} INFO - 
================================================================================
DAG File Processing Stats

File Path                        PID    Runtime      # DAGs    # Errors  Last Runtime    Last Run
-------------------------------  -----  ---------  --------  ----------  --------------  -------------------
/opt/airflow/dags/reddit_dag.py                           0           1  0.06s           2025-01-12T03:27:35
================================================================================
[2025-01-12T03:28:22.471+0000] {manager.py:878} INFO - 
================================================================================
DAG File Processing Stats

File Path                        PID    Runtime      # DAGs    # Errors  Last Runtime    Last Run
-------------------------------  -----  ---------  --------  ----------  --------------  -------------------
/opt/airflow/dags/reddit_dag.py                           0           1  0.07s           2025-01-12T03:28:05
================================================================================
[2025-01-12T03:28:52.644+0000] {manager.py:878} INFO - 
================================================================================
DAG File Processing Stats

File Path                        PID    Runtime      # DAGs    # Errors  Last Runtime    Last Run
-------------------------------  -----  ---------  --------  ----------  --------------  -------------------
/opt/airflow/dags/reddit_dag.py                           0           1  0.06s           2025-01-12T03:28:31
================================================================================
[2025-01-12T03:29:22.817+0000] {manager.py:878} INFO - 
================================================================================
DAG File Processing Stats

File Path                        PID    Runtime      # DAGs    # Errors  Last Runtime    Last Run
-------------------------------  -----  ---------  --------  ----------  --------------  -------------------
/opt/airflow/dags/reddit_dag.py                           0           1  0.06s           2025-01-12T03:29:01
================================================================================
[2025-01-12T03:29:52.982+0000] {manager.py:878} INFO - 
================================================================================
DAG File Processing Stats

File Path                        PID    Runtime      # DAGs    # Errors  Last Runtime    Last Run
-------------------------------  -----  ---------  --------  ----------  --------------  -------------------
/opt/airflow/dags/reddit_dag.py                           0           1  0.08s           2025-01-12T03:29:31
================================================================================
[2025-01-12T03:30:23.198+0000] {manager.py:878} INFO - 
================================================================================
DAG File Processing Stats

File Path                        PID    Runtime      # DAGs    # Errors  Last Runtime    Last Run
-------------------------------  -----  ---------  --------  ----------  --------------  -------------------
/opt/airflow/dags/reddit_dag.py                           0           1  0.05s           2025-01-12T03:30:17
================================================================================
[2025-01-12T03:30:53.361+0000] {manager.py:878} INFO - 
================================================================================
DAG File Processing Stats

File Path                        PID    Runtime      # DAGs    # Errors  Last Runtime    Last Run
-------------------------------  -----  ---------  --------  ----------  --------------  -------------------
/opt/airflow/dags/reddit_dag.py                           0           1  0.06s           2025-01-12T03:30:47
================================================================================
[2025-01-12T03:31:23.559+0000] {manager.py:878} INFO - 
================================================================================
DAG File Processing Stats

File Path                        PID    Runtime      # DAGs    # Errors  Last Runtime    Last Run
-------------------------------  -----  ---------  --------  ----------  --------------  -------------------
/opt/airflow/dags/reddit_dag.py                           0           1  0.06s           2025-01-12T03:31:00
================================================================================
[2025-01-12T03:31:53.731+0000] {manager.py:878} INFO - 
================================================================================
DAG File Processing Stats

File Path                        PID    Runtime      # DAGs    # Errors  Last Runtime    Last Run
-------------------------------  -----  ---------  --------  ----------  --------------  -------------------
/opt/airflow/dags/reddit_dag.py                           0           1  0.06s           2025-01-12T03:31:28
================================================================================
[2025-01-12T03:31:57.753+0000] {manager.py:737} INFO - Searching for files in /opt/airflow/dags
[2025-01-12T03:31:57.760+0000] {manager.py:740} INFO - There are 1 files in /opt/airflow/dags
[2025-01-12T03:32:23.916+0000] {manager.py:878} INFO - 
================================================================================
DAG File Processing Stats

File Path                        PID    Runtime      # DAGs    # Errors  Last Runtime    Last Run
-------------------------------  -----  ---------  --------  ----------  --------------  -------------------
/opt/airflow/dags/reddit_dag.py                           0           1  0.06s           2025-01-12T03:31:58
================================================================================
[2025-01-12T03:32:54.138+0000] {manager.py:878} INFO - 
================================================================================
DAG File Processing Stats

File Path                        PID    Runtime      # DAGs    # Errors  Last Runtime    Last Run
-------------------------------  -----  ---------  --------  ----------  --------------  -------------------
/opt/airflow/dags/reddit_dag.py                           0           1  0.08s           2025-01-12T03:32:53
================================================================================
[2025-01-12T03:33:24.321+0000] {manager.py:878} INFO - 
================================================================================
DAG File Processing Stats

File Path                        PID    Runtime      # DAGs    # Errors  Last Runtime    Last Run
-------------------------------  -----  ---------  --------  ----------  --------------  -------------------
/opt/airflow/dags/reddit_dag.py                           0           1  0.07s           2025-01-12T03:33:23
================================================================================
[2025-01-12T03:33:54.492+0000] {manager.py:878} INFO - 
================================================================================
DAG File Processing Stats

File Path                        PID    Runtime      # DAGs    # Errors  Last Runtime    Last Run
-------------------------------  -----  ---------  --------  ----------  --------------  -------------------
/opt/airflow/dags/reddit_dag.py                           0           1  0.07s           2025-01-12T03:33:53
================================================================================
[2025-01-12T03:34:24.676+0000] {manager.py:878} INFO - 
================================================================================
DAG File Processing Stats

File Path                        PID    Runtime      # DAGs    # Errors  Last Runtime    Last Run
-------------------------------  -----  ---------  --------  ----------  --------------  -------------------
/opt/airflow/dags/reddit_dag.py                           0           1  0.06s           2025-01-12T03:34:23
================================================================================
[2025-01-12T03:34:54.852+0000] {manager.py:878} INFO - 
================================================================================
DAG File Processing Stats

File Path                        PID    Runtime      # DAGs    # Errors  Last Runtime    Last Run
-------------------------------  -----  ---------  --------  ----------  --------------  -------------------
/opt/airflow/dags/reddit_dag.py                           0           1  0.06s           2025-01-12T03:34:53
================================================================================
[2025-01-12T03:35:25.024+0000] {manager.py:878} INFO - 
================================================================================
DAG File Processing Stats

File Path                        PID    Runtime      # DAGs    # Errors  Last Runtime    Last Run
-------------------------------  -----  ---------  --------  ----------  --------------  -------------------
/opt/airflow/dags/reddit_dag.py                           0           1  0.06s           2025-01-12T03:35:20
================================================================================
[2025-01-12T03:35:55.213+0000] {manager.py:878} INFO - 
================================================================================
DAG File Processing Stats

File Path                        PID    Runtime      # DAGs    # Errors  Last Runtime    Last Run
-------------------------------  -----  ---------  --------  ----------  --------------  -------------------
/opt/airflow/dags/reddit_dag.py                           0           1  0.06s           2025-01-12T03:35:43
================================================================================
[2025-01-12T03:36:25.404+0000] {manager.py:878} INFO - 
================================================================================
DAG File Processing Stats

File Path                          PID  Runtime      # DAGs    # Errors  Last Runtime    Last Run
-------------------------------  -----  ---------  --------  ----------  --------------  -------------------
/opt/airflow/dags/reddit_dag.py    119  0.00s             0           1  0.07s           2025-01-12T03:36:12
================================================================================
[2025-01-12T03:36:55.581+0000] {manager.py:878} INFO - 
================================================================================
DAG File Processing Stats

File Path                        PID    Runtime      # DAGs    # Errors  Last Runtime    Last Run
-------------------------------  -----  ---------  --------  ----------  --------------  -------------------
/opt/airflow/dags/reddit_dag.py                           0           1  1.17s           2025-01-12T03:36:26
================================================================================
[2025-01-12T03:36:58.124+0000] {manager.py:737} INFO - Searching for files in /opt/airflow/dags
[2025-01-12T03:36:58.137+0000] {manager.py:740} INFO - There are 1 files in /opt/airflow/dags
[2025-01-12T03:37:25.821+0000] {manager.py:878} INFO - 
================================================================================
DAG File Processing Stats

File Path                        PID    Runtime      # DAGs    # Errors  Last Runtime    Last Run
-------------------------------  -----  ---------  --------  ----------  --------------  -------------------
/opt/airflow/dags/reddit_dag.py                           0           1  0.52s           2025-01-12T03:36:57
================================================================================
[2025-01-12T03:37:55.963+0000] {manager.py:878} INFO - 
================================================================================
DAG File Processing Stats

File Path                        PID    Runtime      # DAGs    # Errors  Last Runtime    Last Run
-------------------------------  -----  ---------  --------  ----------  --------------  -------------------
/opt/airflow/dags/reddit_dag.py                           0           1  0.64s           2025-01-12T03:37:27
================================================================================
[2025-01-12T03:38:26.157+0000] {manager.py:878} INFO - 
================================================================================
DAG File Processing Stats

File Path                        PID    Runtime      # DAGs    # Errors  Last Runtime    Last Run
-------------------------------  -----  ---------  --------  ----------  --------------  -------------------
/opt/airflow/dags/reddit_dag.py                           0           1  0.51s           2025-01-12T03:37:58
================================================================================
[2025-01-12T03:38:56.285+0000] {manager.py:878} INFO - 
================================================================================
DAG File Processing Stats

File Path                        PID    Runtime      # DAGs    # Errors  Last Runtime    Last Run
-------------------------------  -----  ---------  --------  ----------  --------------  -------------------
/opt/airflow/dags/reddit_dag.py                           0           1  0.54s           2025-01-12T03:38:29
================================================================================
[2025-01-12T03:39:26.896+0000] {manager.py:878} INFO - 
================================================================================
DAG File Processing Stats

File Path                        PID    Runtime      # DAGs    # Errors  Last Runtime    Last Run
-------------------------------  -----  ---------  --------  ----------  --------------  -------------------
/opt/airflow/dags/reddit_dag.py                           0           1  0.51s           2025-01-12T03:38:59
================================================================================
[2025-01-12T03:39:57.048+0000] {manager.py:878} INFO - 
================================================================================
DAG File Processing Stats

File Path                        PID    Runtime      # DAGs    # Errors  Last Runtime    Last Run
-------------------------------  -----  ---------  --------  ----------  --------------  -------------------
/opt/airflow/dags/reddit_dag.py                           0           1  0.53s           2025-01-12T03:39:30
================================================================================
[2025-01-12T03:40:27.192+0000] {manager.py:878} INFO - 
================================================================================
DAG File Processing Stats

File Path                        PID    Runtime      # DAGs    # Errors  Last Runtime    Last Run
-------------------------------  -----  ---------  --------  ----------  --------------  -------------------
/opt/airflow/dags/reddit_dag.py                           0           1  0.53s           2025-01-12T03:40:01
================================================================================
[2025-01-12T03:40:57.350+0000] {manager.py:878} INFO - 
================================================================================
DAG File Processing Stats

File Path                        PID    Runtime      # DAGs    # Errors  Last Runtime    Last Run
-------------------------------  -----  ---------  --------  ----------  --------------  -------------------
/opt/airflow/dags/reddit_dag.py                           1           0  1.01s           2025-01-12T03:40:32
================================================================================
[2025-01-12T03:41:28.140+0000] {manager.py:878} INFO - 
================================================================================
DAG File Processing Stats

File Path                        PID    Runtime      # DAGs    # Errors  Last Runtime    Last Run
-------------------------------  -----  ---------  --------  ----------  --------------  -------------------
/opt/airflow/dags/reddit_dag.py                           1           0  0.69s           2025-01-12T03:41:27
================================================================================
[2025-01-12T03:41:58.349+0000] {manager.py:737} INFO - Searching for files in /opt/airflow/dags
[2025-01-12T03:41:58.366+0000] {manager.py:740} INFO - There are 1 files in /opt/airflow/dags
[2025-01-12T03:41:58.378+0000] {manager.py:878} INFO - 
================================================================================
DAG File Processing Stats

File Path                        PID    Runtime      # DAGs    # Errors  Last Runtime    Last Run
-------------------------------  -----  ---------  --------  ----------  --------------  -------------------
/opt/airflow/dags/reddit_dag.py                           1           0  0.55s           2025-01-12T03:41:33
================================================================================
[2025-01-12T03:42:28.523+0000] {manager.py:878} INFO - 
================================================================================
DAG File Processing Stats

File Path                        PID    Runtime      # DAGs    # Errors  Last Runtime    Last Run
-------------------------------  -----  ---------  --------  ----------  --------------  -------------------
/opt/airflow/dags/reddit_dag.py                           1           0  0.72s           2025-01-12T03:42:04
================================================================================
[2025-01-12T03:42:58.836+0000] {manager.py:878} INFO - 
================================================================================
DAG File Processing Stats

File Path                        PID    Runtime      # DAGs    # Errors  Last Runtime    Last Run
-------------------------------  -----  ---------  --------  ----------  --------------  -------------------
/opt/airflow/dags/reddit_dag.py                           1           0  0.53s           2025-01-12T03:42:35
================================================================================
[2025-01-12T03:43:28.977+0000] {manager.py:878} INFO - 
================================================================================
DAG File Processing Stats

File Path                        PID    Runtime      # DAGs    # Errors  Last Runtime    Last Run
-------------------------------  -----  ---------  --------  ----------  --------------  -------------------
/opt/airflow/dags/reddit_dag.py                           1           0  0.52s           2025-01-12T03:43:05
================================================================================
[2025-01-12T03:43:59.142+0000] {manager.py:878} INFO - 
================================================================================
DAG File Processing Stats

File Path                        PID    Runtime      # DAGs    # Errors  Last Runtime    Last Run
-------------------------------  -----  ---------  --------  ----------  --------------  -------------------
/opt/airflow/dags/reddit_dag.py                           1           0  0.55s           2025-01-12T03:43:36
================================================================================
[2025-01-12T03:44:29.293+0000] {manager.py:878} INFO - 
================================================================================
DAG File Processing Stats

File Path                        PID    Runtime      # DAGs    # Errors  Last Runtime    Last Run
-------------------------------  -----  ---------  --------  ----------  --------------  -------------------
/opt/airflow/dags/reddit_dag.py                           1           0  0.67s           2025-01-12T03:44:07
================================================================================
[2025-01-12T03:44:59.640+0000] {manager.py:878} INFO - 
================================================================================
DAG File Processing Stats

File Path                        PID    Runtime      # DAGs    # Errors  Last Runtime    Last Run
-------------------------------  -----  ---------  --------  ----------  --------------  -------------------
/opt/airflow/dags/reddit_dag.py                           1           0  0.55s           2025-01-12T03:44:38
================================================================================
[2025-01-12T03:45:29.790+0000] {manager.py:878} INFO - 
================================================================================
DAG File Processing Stats

File Path                        PID    Runtime      # DAGs    # Errors  Last Runtime    Last Run
-------------------------------  -----  ---------  --------  ----------  --------------  -------------------
/opt/airflow/dags/reddit_dag.py                           1           0  0.63s           2025-01-12T03:45:08
================================================================================
[2025-01-12T03:46:00.102+0000] {manager.py:878} INFO - 
================================================================================
DAG File Processing Stats

File Path                        PID    Runtime      # DAGs    # Errors  Last Runtime    Last Run
-------------------------------  -----  ---------  --------  ----------  --------------  -------------------
/opt/airflow/dags/reddit_dag.py                           1           0  0.63s           2025-01-12T03:45:39
================================================================================
[2025-01-12T03:46:30.245+0000] {manager.py:878} INFO - 
================================================================================
DAG File Processing Stats

File Path                        PID    Runtime      # DAGs    # Errors  Last Runtime    Last Run
-------------------------------  -----  ---------  --------  ----------  --------------  -------------------
/opt/airflow/dags/reddit_dag.py                           1           0  0.94s           2025-01-12T03:46:10
================================================================================
[2025-01-12T03:46:58.380+0000] {manager.py:737} INFO - Searching for files in /opt/airflow/dags
[2025-01-12T03:46:58.392+0000] {manager.py:740} INFO - There are 1 files in /opt/airflow/dags
[2025-01-12T03:47:00.410+0000] {manager.py:878} INFO - 
================================================================================
DAG File Processing Stats

File Path                        PID    Runtime      # DAGs    # Errors  Last Runtime    Last Run
-------------------------------  -----  ---------  --------  ----------  --------------  -------------------
/opt/airflow/dags/reddit_dag.py                           1           0  0.82s           2025-01-12T03:46:41
================================================================================
[2025-01-12T03:47:30.486+0000] {manager.py:878} INFO - 
================================================================================
DAG File Processing Stats

File Path                        PID    Runtime      # DAGs    # Errors  Last Runtime    Last Run
-------------------------------  -----  ---------  --------  ----------  --------------  -------------------
/opt/airflow/dags/reddit_dag.py                           1           0  0.55s           2025-01-12T03:47:12
================================================================================
[2025-01-12T03:48:01.084+0000] {manager.py:878} INFO - 
================================================================================
DAG File Processing Stats

File Path                        PID    Runtime      # DAGs    # Errors  Last Runtime    Last Run
-------------------------------  -----  ---------  --------  ----------  --------------  -------------------
/opt/airflow/dags/reddit_dag.py                           1           0  0.67s           2025-01-12T03:47:43
================================================================================
[2025-01-12T03:48:31.117+0000] {manager.py:878} INFO - 
================================================================================
DAG File Processing Stats

File Path                        PID    Runtime      # DAGs    # Errors  Last Runtime    Last Run
-------------------------------  -----  ---------  --------  ----------  --------------  -------------------
/opt/airflow/dags/reddit_dag.py                           1           0  0.68s           2025-01-12T03:48:14
================================================================================
[2025-01-12T03:49:01.594+0000] {manager.py:878} INFO - 
================================================================================
DAG File Processing Stats

File Path                        PID    Runtime      # DAGs    # Errors  Last Runtime    Last Run
-------------------------------  -----  ---------  --------  ----------  --------------  -------------------
/opt/airflow/dags/reddit_dag.py                           1           0  0.59s           2025-01-12T03:48:44
================================================================================
[2025-01-12T03:49:32.009+0000] {manager.py:878} INFO - 
================================================================================
DAG File Processing Stats

File Path                        PID    Runtime      # DAGs    # Errors  Last Runtime    Last Run
-------------------------------  -----  ---------  --------  ----------  --------------  -------------------
/opt/airflow/dags/reddit_dag.py                           1           0  0.58s           2025-01-12T03:49:15
================================================================================
[2025-01-12T03:50:02.186+0000] {manager.py:878} INFO - 
================================================================================
DAG File Processing Stats

File Path                        PID    Runtime      # DAGs    # Errors  Last Runtime    Last Run
-------------------------------  -----  ---------  --------  ----------  --------------  -------------------
/opt/airflow/dags/reddit_dag.py                           1           0  0.79s           2025-01-12T03:49:46
================================================================================
[2025-01-12T03:50:32.315+0000] {manager.py:878} INFO - 
================================================================================
DAG File Processing Stats

File Path                        PID    Runtime      # DAGs    # Errors  Last Runtime    Last Run
-------------------------------  -----  ---------  --------  ----------  --------------  -------------------
/opt/airflow/dags/reddit_dag.py                           1           0  0.63s           2025-01-12T03:50:17
================================================================================
[2025-01-12T03:51:02.825+0000] {manager.py:878} INFO - 
================================================================================
DAG File Processing Stats

File Path                        PID    Runtime      # DAGs    # Errors  Last Runtime    Last Run
-------------------------------  -----  ---------  --------  ----------  --------------  -------------------
/opt/airflow/dags/reddit_dag.py                           1           0  0.55s           2025-01-12T03:50:47
================================================================================
[2025-01-12T03:51:33.145+0000] {manager.py:878} INFO - 
================================================================================
DAG File Processing Stats

File Path                        PID    Runtime      # DAGs    # Errors  Last Runtime    Last Run
-------------------------------  -----  ---------  --------  ----------  --------------  -------------------
/opt/airflow/dags/reddit_dag.py                           1           0  0.57s           2025-01-12T03:51:18
================================================================================
[2025-01-12T03:51:58.448+0000] {manager.py:737} INFO - Searching for files in /opt/airflow/dags
[2025-01-12T03:51:58.461+0000] {manager.py:740} INFO - There are 1 files in /opt/airflow/dags
[2025-01-12T03:52:03.295+0000] {manager.py:878} INFO - 
================================================================================
DAG File Processing Stats

File Path                        PID    Runtime      # DAGs    # Errors  Last Runtime    Last Run
-------------------------------  -----  ---------  --------  ----------  --------------  -------------------
/opt/airflow/dags/reddit_dag.py                           1           0  0.62s           2025-01-12T03:51:49
================================================================================
[2025-01-12T03:52:33.626+0000] {manager.py:878} INFO - 
================================================================================
DAG File Processing Stats

File Path                        PID    Runtime      # DAGs    # Errors  Last Runtime    Last Run
-------------------------------  -----  ---------  --------  ----------  --------------  -------------------
/opt/airflow/dags/reddit_dag.py                           1           0  0.61s           2025-01-12T03:52:20
================================================================================
[2025-01-12T03:53:03.764+0000] {manager.py:878} INFO - 
================================================================================
DAG File Processing Stats

File Path                        PID    Runtime      # DAGs    # Errors  Last Runtime    Last Run
-------------------------------  -----  ---------  --------  ----------  --------------  -------------------
/opt/airflow/dags/reddit_dag.py                           1           0  0.80s           2025-01-12T03:52:51
================================================================================
[2025-01-12T03:53:33.879+0000] {manager.py:878} INFO - 
================================================================================
DAG File Processing Stats

File Path                        PID    Runtime      # DAGs    # Errors  Last Runtime    Last Run
-------------------------------  -----  ---------  --------  ----------  --------------  -------------------
/opt/airflow/dags/reddit_dag.py                           1           0  0.56s           2025-01-12T03:53:21
================================================================================
[2025-01-12T03:54:04.463+0000] {manager.py:878} INFO - 
================================================================================
DAG File Processing Stats

File Path                        PID    Runtime      # DAGs    # Errors  Last Runtime    Last Run
-------------------------------  -----  ---------  --------  ----------  --------------  -------------------
/opt/airflow/dags/reddit_dag.py                           1           0  0.54s           2025-01-12T03:53:52
================================================================================
[2025-01-12T03:54:34.685+0000] {manager.py:878} INFO - 
================================================================================
DAG File Processing Stats

File Path                        PID    Runtime      # DAGs    # Errors  Last Runtime    Last Run
-------------------------------  -----  ---------  --------  ----------  --------------  -------------------
/opt/airflow/dags/reddit_dag.py                           1           0  0.53s           2025-01-12T03:54:23
================================================================================
[2025-01-12T03:55:04.824+0000] {manager.py:878} INFO - 
================================================================================
DAG File Processing Stats

File Path                        PID    Runtime      # DAGs    # Errors  Last Runtime    Last Run
-------------------------------  -----  ---------  --------  ----------  --------------  -------------------
/opt/airflow/dags/reddit_dag.py                           1           0  0.54s           2025-01-12T03:54:53
================================================================================
[2025-01-12T03:55:35.433+0000] {manager.py:878} INFO - 
================================================================================
DAG File Processing Stats

File Path                        PID    Runtime      # DAGs    # Errors  Last Runtime    Last Run
-------------------------------  -----  ---------  --------  ----------  --------------  -------------------
/opt/airflow/dags/reddit_dag.py                           1           0  0.52s           2025-01-12T03:55:24
================================================================================
[2025-01-12T03:56:05.621+0000] {manager.py:878} INFO - 
================================================================================
DAG File Processing Stats

File Path                        PID    Runtime      # DAGs    # Errors  Last Runtime    Last Run
-------------------------------  -----  ---------  --------  ----------  --------------  -------------------
/opt/airflow/dags/reddit_dag.py                           1           0  0.50s           2025-01-12T03:55:55
================================================================================
[2025-01-12T03:56:35.729+0000] {manager.py:878} INFO - 
================================================================================
DAG File Processing Stats

File Path                        PID    Runtime      # DAGs    # Errors  Last Runtime    Last Run
-------------------------------  -----  ---------  --------  ----------  --------------  -------------------
/opt/airflow/dags/reddit_dag.py                           1           0  0.50s           2025-01-12T03:56:25
================================================================================
[2025-01-12T03:56:59.332+0000] {manager.py:737} INFO - Searching for files in /opt/airflow/dags
[2025-01-12T03:56:59.344+0000] {manager.py:740} INFO - There are 1 files in /opt/airflow/dags
[2025-01-12T03:57:06.387+0000] {manager.py:878} INFO - 
================================================================================
DAG File Processing Stats

File Path                        PID    Runtime      # DAGs    # Errors  Last Runtime    Last Run
-------------------------------  -----  ---------  --------  ----------  --------------  -------------------
/opt/airflow/dags/reddit_dag.py                           1           0  0.52s           2025-01-12T03:56:56
================================================================================
[2025-01-12T03:57:36.546+0000] {manager.py:878} INFO - 
================================================================================
DAG File Processing Stats

File Path                        PID    Runtime      # DAGs    # Errors  Last Runtime    Last Run
-------------------------------  -----  ---------  --------  ----------  --------------  -------------------
/opt/airflow/dags/reddit_dag.py                           1           0  0.58s           2025-01-12T03:57:27
================================================================================
[2025-01-12T03:58:06.696+0000] {manager.py:878} INFO - 
================================================================================
DAG File Processing Stats

File Path                        PID    Runtime      # DAGs    # Errors  Last Runtime    Last Run
-------------------------------  -----  ---------  --------  ----------  --------------  -------------------
/opt/airflow/dags/reddit_dag.py                           1           0  0.52s           2025-01-12T03:57:57
================================================================================
[2025-01-12T03:58:36.916+0000] {manager.py:878} INFO - 
================================================================================
DAG File Processing Stats

File Path                        PID    Runtime      # DAGs    # Errors  Last Runtime    Last Run
-------------------------------  -----  ---------  --------  ----------  --------------  -------------------
/opt/airflow/dags/reddit_dag.py                           1           0  0.53s           2025-01-12T03:58:28
================================================================================
[2025-01-12T03:59:07.048+0000] {manager.py:878} INFO - 
================================================================================
DAG File Processing Stats

File Path                        PID    Runtime      # DAGs    # Errors  Last Runtime    Last Run
-------------------------------  -----  ---------  --------  ----------  --------------  -------------------
/opt/airflow/dags/reddit_dag.py                           1           0  0.53s           2025-01-12T03:58:59
================================================================================
[2025-01-12T03:59:37.657+0000] {manager.py:878} INFO - 
================================================================================
DAG File Processing Stats

File Path                        PID    Runtime      # DAGs    # Errors  Last Runtime    Last Run
-------------------------------  -----  ---------  --------  ----------  --------------  -------------------
/opt/airflow/dags/reddit_dag.py                           1           0  0.53s           2025-01-12T03:59:29
================================================================================
[2025-01-12T04:00:07.847+0000] {manager.py:878} INFO - 
================================================================================
DAG File Processing Stats

File Path                        PID    Runtime      # DAGs    # Errors  Last Runtime    Last Run
-------------------------------  -----  ---------  --------  ----------  --------------  -------------------
/opt/airflow/dags/reddit_dag.py                           1           0  0.51s           2025-01-12T04:00:00
================================================================================
[2025-01-12T04:00:37.983+0000] {manager.py:878} INFO - 
================================================================================
DAG File Processing Stats

File Path                        PID    Runtime      # DAGs    # Errors  Last Runtime    Last Run
-------------------------------  -----  ---------  --------  ----------  --------------  -------------------
/opt/airflow/dags/reddit_dag.py                           1           0  0.51s           2025-01-12T04:00:30
================================================================================
[2025-01-12T04:01:08.626+0000] {manager.py:878} INFO - 
================================================================================
DAG File Processing Stats

File Path                        PID    Runtime      # DAGs    # Errors  Last Runtime    Last Run
-------------------------------  -----  ---------  --------  ----------  --------------  -------------------
/opt/airflow/dags/reddit_dag.py                           1           0  0.49s           2025-01-12T04:01:01
================================================================================
[2025-01-12T04:01:38.794+0000] {manager.py:878} INFO - 
================================================================================
DAG File Processing Stats

File Path                        PID    Runtime      # DAGs    # Errors  Last Runtime    Last Run
-------------------------------  -----  ---------  --------  ----------  --------------  -------------------
/opt/airflow/dags/reddit_dag.py                           1           0  0.52s           2025-01-12T04:01:32
================================================================================
[2025-01-12T04:01:59.398+0000] {manager.py:737} INFO - Searching for files in /opt/airflow/dags
[2025-01-12T04:01:59.409+0000] {manager.py:740} INFO - There are 1 files in /opt/airflow/dags
[2025-01-12T04:02:08.943+0000] {manager.py:878} INFO - 
================================================================================
DAG File Processing Stats

File Path                        PID    Runtime      # DAGs    # Errors  Last Runtime    Last Run
-------------------------------  -----  ---------  --------  ----------  --------------  -------------------
/opt/airflow/dags/reddit_dag.py                           1           0  0.50s           2025-01-12T04:02:02
================================================================================
[2025-01-12T04:02:39.114+0000] {manager.py:878} INFO - 
================================================================================
DAG File Processing Stats

File Path                        PID    Runtime      # DAGs    # Errors  Last Runtime    Last Run
-------------------------------  -----  ---------  --------  ----------  --------------  -------------------
/opt/airflow/dags/reddit_dag.py                           1           0  0.52s           2025-01-12T04:02:33
================================================================================
[2025-01-12T04:03:09.258+0000] {manager.py:878} INFO - 
================================================================================
DAG File Processing Stats

File Path                        PID    Runtime      # DAGs    # Errors  Last Runtime    Last Run
-------------------------------  -----  ---------  --------  ----------  --------------  -------------------
/opt/airflow/dags/reddit_dag.py                           1           0  0.59s           2025-01-12T04:03:04
================================================================================
[2025-01-12T04:03:39.494+0000] {manager.py:878} INFO - 
================================================================================
DAG File Processing Stats

File Path                        PID    Runtime      # DAGs    # Errors  Last Runtime    Last Run
-------------------------------  -----  ---------  --------  ----------  --------------  -------------------
/opt/airflow/dags/reddit_dag.py                           1           0  0.63s           2025-01-12T04:03:35
================================================================================
[2025-01-12T04:04:09.636+0000] {manager.py:878} INFO - 
================================================================================
DAG File Processing Stats

File Path                        PID    Runtime      # DAGs    # Errors  Last Runtime    Last Run
-------------------------------  -----  ---------  --------  ----------  --------------  -------------------
/opt/airflow/dags/reddit_dag.py                           1           0  0.58s           2025-01-12T04:04:05
================================================================================
[2025-01-12T04:04:39.911+0000] {manager.py:878} INFO - 
================================================================================
DAG File Processing Stats

File Path                        PID    Runtime      # DAGs    # Errors  Last Runtime    Last Run
-------------------------------  -----  ---------  --------  ----------  --------------  -------------------
/opt/airflow/dags/reddit_dag.py                           1           0  0.71s           2025-01-12T04:04:36
================================================================================
[2025-01-12T04:05:10.052+0000] {manager.py:878} INFO - 
================================================================================
DAG File Processing Stats

File Path                        PID    Runtime      # DAGs    # Errors  Last Runtime    Last Run
-------------------------------  -----  ---------  --------  ----------  --------------  -------------------
/opt/airflow/dags/reddit_dag.py                           1           0  0.58s           2025-01-12T04:05:07
================================================================================
[2025-01-12T04:05:40.373+0000] {manager.py:878} INFO - 
================================================================================
DAG File Processing Stats

File Path                        PID    Runtime      # DAGs    # Errors  Last Runtime    Last Run
-------------------------------  -----  ---------  --------  ----------  --------------  -------------------
/opt/airflow/dags/reddit_dag.py                           1           0  0.58s           2025-01-12T04:05:37
================================================================================
