[2025-01-12T20:41:46.565+0000] {local_task_job_runner.py:120} INFO - ::group::Pre task execution logs
[2025-01-12T20:41:46.585+0000] {taskinstance.py:2073} INFO - Dependencies all met for dep_context=non-requeueable deps ti=<TaskInstance: etl_reddit_pipeline.s3_upload manual__2025-01-12T20:41:42.101433+00:00 [queued]>
[2025-01-12T20:41:46.592+0000] {taskinstance.py:2073} INFO - Dependencies all met for dep_context=requeueable deps ti=<TaskInstance: etl_reddit_pipeline.s3_upload manual__2025-01-12T20:41:42.101433+00:00 [queued]>
[2025-01-12T20:41:46.593+0000] {taskinstance.py:2303} INFO - Starting attempt 1 of 1
[2025-01-12T20:41:46.606+0000] {taskinstance.py:2327} INFO - Executing <Task(PythonOperator): s3_upload> on 2025-01-12 20:41:42.101433+00:00
[2025-01-12T20:41:46.614+0000] {standard_task_runner.py:63} INFO - Started process 92 to run task
[2025-01-12T20:41:46.616+0000] {standard_task_runner.py:90} INFO - Running: ['airflow', 'tasks', 'run', 'etl_reddit_pipeline', 's3_upload', 'manual__2025-01-12T20:41:42.101433+00:00', '--job-id', '11', '--raw', '--subdir', 'DAGS_FOLDER/reddit_dag.py', '--cfg-path', '/tmp/tmp5qu1en2f']
[2025-01-12T20:41:46.619+0000] {standard_task_runner.py:91} INFO - Job 11: Subtask s3_upload
[2025-01-12T20:41:46.660+0000] {task_command.py:426} INFO - Running <TaskInstance: etl_reddit_pipeline.s3_upload manual__2025-01-12T20:41:42.101433+00:00 [running]> on host 171130cc8ff7
[2025-01-12T20:41:46.743+0000] {taskinstance.py:2644} INFO - Exporting env vars: AIRFLOW_CTX_DAG_OWNER='Leepaakshi Gokulkrishnan' AIRFLOW_CTX_DAG_ID='etl_reddit_pipeline' AIRFLOW_CTX_TASK_ID='s3_upload' AIRFLOW_CTX_EXECUTION_DATE='2025-01-12T20:41:42.101433+00:00' AIRFLOW_CTX_TRY_NUMBER='1' AIRFLOW_CTX_DAG_RUN_ID='manual__2025-01-12T20:41:42.101433+00:00'
[2025-01-12T20:41:46.744+0000] {taskinstance.py:430} INFO - ::endgroup::
[2025-01-12T20:41:46.776+0000] {logging_mixin.py:188} INFO - expected string or bytes-like object
[2025-01-12T20:41:46.780+0000] {taskinstance.py:441} INFO - ::group::Post task execution logs
[2025-01-12T20:41:46.780+0000] {taskinstance.py:2890} ERROR - Task failed with exception
Traceback (most recent call last):
  File "/home/airflow/.local/lib/python3.9/site-packages/airflow/models/taskinstance.py", line 465, in _execute_task
    result = _execute_callable(context=context, **execute_callable_kwargs)
  File "/home/airflow/.local/lib/python3.9/site-packages/airflow/models/taskinstance.py", line 432, in _execute_callable
    return execute_callable(context=context, **execute_callable_kwargs)
  File "/home/airflow/.local/lib/python3.9/site-packages/airflow/models/baseoperator.py", line 400, in wrapper
    return func(self, *args, **kwargs)
  File "/home/airflow/.local/lib/python3.9/site-packages/airflow/operators/python.py", line 235, in execute
    return_value = self.execute_callable()
  File "/home/airflow/.local/lib/python3.9/site-packages/airflow/operators/python.py", line 252, in execute_callable
    return self.python_callable(*self.op_args, **self.op_kwargs)
  File "/opt/airflow/pipelines/aws_s3_pipeline.py", line 10, in upload_s3_pipeline
    upload_to_s3(s3, file_path, AWS_BUCKET_NAME, file_path.split('/')[-1])
  File "/opt/airflow/etls/aws_etl.py", line 27, in upload_to_s3
    s3.put(file_path, bucket+'/raw/'+ s3_file_name)
  File "/home/airflow/.local/lib/python3.9/site-packages/fsspec/asyn.py", line 118, in wrapper
    return sync(self.loop, func, *args, **kwargs)
  File "/home/airflow/.local/lib/python3.9/site-packages/fsspec/asyn.py", line 103, in sync
    raise return_result
  File "/home/airflow/.local/lib/python3.9/site-packages/fsspec/asyn.py", line 56, in _runner
    result[0] = await coro
  File "/home/airflow/.local/lib/python3.9/site-packages/fsspec/asyn.py", line 536, in _put
    trailing_sep(rpath) or await self._isdir(rpath)
  File "/home/airflow/.local/lib/python3.9/site-packages/s3fs/core.py", line 1411, in _isdir
    return bool(await self._lsdir(path))
  File "/home/airflow/.local/lib/python3.9/site-packages/s3fs/core.py", line 706, in _lsdir
    async for c in self._iterdir(
  File "/home/airflow/.local/lib/python3.9/site-packages/s3fs/core.py", line 737, in _iterdir
    await self.set_session()
  File "/home/airflow/.local/lib/python3.9/site-packages/s3fs/core.py", line 527, in set_session
    self._s3 = await s3creator.__aenter__()
  File "/home/airflow/.local/lib/python3.9/site-packages/aiobotocore/session.py", line 27, in __aenter__
    self._client = await self._coro
  File "/home/airflow/.local/lib/python3.9/site-packages/aiobotocore/session.py", line 140, in _create_client
    region_name = self._resolve_region_name(region_name, config)
  File "/home/airflow/.local/lib/python3.9/site-packages/botocore/session.py", line 1023, in _resolve_region_name
    validate_region_name(region_name)
  File "/home/airflow/.local/lib/python3.9/site-packages/botocore/utils.py", line 1307, in validate_region_name
    valid = valid_host_label.match(region_name)
TypeError: expected string or bytes-like object
[2025-01-12T20:41:46.800+0000] {taskinstance.py:1205} INFO - Marking task as FAILED. dag_id=etl_reddit_pipeline, task_id=s3_upload, execution_date=20250112T204142, start_date=20250112T204146, end_date=20250112T204146
[2025-01-12T20:41:46.811+0000] {standard_task_runner.py:110} ERROR - Failed to execute job 11 for task s3_upload (expected string or bytes-like object; 92)
[2025-01-12T20:41:46.830+0000] {local_task_job_runner.py:240} INFO - Task exited with return code 1
[2025-01-12T20:41:46.846+0000] {taskinstance.py:3482} INFO - 0 downstream tasks scheduled from follow-on schedule check
[2025-01-12T20:41:46.848+0000] {local_task_job_runner.py:222} INFO - ::endgroup::
