[2025-01-12T20:09:26.699+0000] {local_task_job_runner.py:120} INFO - ::group::Pre task execution logs
[2025-01-12T20:09:26.722+0000] {taskinstance.py:2073} INFO - Dependencies all met for dep_context=non-requeueable deps ti=<TaskInstance: etl_reddit_pipeline.s3_upload manual__2025-01-12T20:09:21.990081+00:00 [queued]>
[2025-01-12T20:09:26.729+0000] {taskinstance.py:2073} INFO - Dependencies all met for dep_context=requeueable deps ti=<TaskInstance: etl_reddit_pipeline.s3_upload manual__2025-01-12T20:09:21.990081+00:00 [queued]>
[2025-01-12T20:09:26.730+0000] {taskinstance.py:2303} INFO - Starting attempt 1 of 1
[2025-01-12T20:09:26.743+0000] {taskinstance.py:2327} INFO - Executing <Task(PythonOperator): s3_upload> on 2025-01-12 20:09:21.990081+00:00
[2025-01-12T20:09:26.750+0000] {standard_task_runner.py:63} INFO - Started process 123 to run task
[2025-01-12T20:09:26.753+0000] {standard_task_runner.py:90} INFO - Running: ['airflow', 'tasks', 'run', 'etl_reddit_pipeline', 's3_upload', 'manual__2025-01-12T20:09:21.990081+00:00', '--job-id', '21', '--raw', '--subdir', 'DAGS_FOLDER/reddit_dag.py', '--cfg-path', '/tmp/tmp7y0je1wr']
[2025-01-12T20:09:26.756+0000] {standard_task_runner.py:91} INFO - Job 21: Subtask s3_upload
[2025-01-12T20:09:26.800+0000] {task_command.py:426} INFO - Running <TaskInstance: etl_reddit_pipeline.s3_upload manual__2025-01-12T20:09:21.990081+00:00 [running]> on host 374becc60cd1
[2025-01-12T20:09:26.882+0000] {taskinstance.py:2644} INFO - Exporting env vars: AIRFLOW_CTX_DAG_OWNER='Leepaakshi Gokulkrishnan' AIRFLOW_CTX_DAG_ID='etl_reddit_pipeline' AIRFLOW_CTX_TASK_ID='s3_upload' AIRFLOW_CTX_EXECUTION_DATE='2025-01-12T20:09:21.990081+00:00' AIRFLOW_CTX_TRY_NUMBER='1' AIRFLOW_CTX_DAG_RUN_ID='manual__2025-01-12T20:09:21.990081+00:00'
[2025-01-12T20:09:26.883+0000] {taskinstance.py:430} INFO - ::endgroup::
[2025-01-12T20:09:27.964+0000] {logging_mixin.py:188} INFO - Bucket already exists
[2025-01-12T20:09:27.964+0000] {taskinstance.py:441} INFO - ::group::Post task execution logs
[2025-01-12T20:09:27.965+0000] {taskinstance.py:2890} ERROR - Task failed with exception
Traceback (most recent call last):
  File "/home/airflow/.local/lib/python3.9/site-packages/airflow/models/taskinstance.py", line 465, in _execute_task
    result = _execute_callable(context=context, **execute_callable_kwargs)
  File "/home/airflow/.local/lib/python3.9/site-packages/airflow/models/taskinstance.py", line 432, in _execute_callable
    return execute_callable(context=context, **execute_callable_kwargs)
  File "/home/airflow/.local/lib/python3.9/site-packages/airflow/models/baseoperator.py", line 400, in wrapper
    return func(self, *args, **kwargs)
  File "/home/airflow/.local/lib/python3.9/site-packages/airflow/operators/python.py", line 235, in execute
    return_value = self.execute_callable()
  File "/home/airflow/.local/lib/python3.9/site-packages/airflow/operators/python.py", line 252, in execute_callable
    return self.python_callable(*self.op_args, **self.op_kwargs)
  File "/opt/airflow/pipelines/aws_s3_pipeline.py", line 10, in upload_s3_pipeline
    upload_to_s3(s3, file_path, AWS_BUCKET_NAME, file_path.split('/')[-1])
AttributeError: 'NoneType' object has no attribute 'split'
[2025-01-12T20:09:27.978+0000] {taskinstance.py:1205} INFO - Marking task as FAILED. dag_id=etl_reddit_pipeline, task_id=s3_upload, execution_date=20250112T200921, start_date=20250112T200926, end_date=20250112T200927
[2025-01-12T20:09:27.990+0000] {standard_task_runner.py:110} ERROR - Failed to execute job 21 for task s3_upload ('NoneType' object has no attribute 'split'; 123)
[2025-01-12T20:09:28.011+0000] {local_task_job_runner.py:240} INFO - Task exited with return code 1
[2025-01-12T20:09:28.029+0000] {taskinstance.py:3482} INFO - 0 downstream tasks scheduled from follow-on schedule check
[2025-01-12T20:09:28.031+0000] {local_task_job_runner.py:222} INFO - ::endgroup::
