[2025-01-12T20:42:48.912+0000] {local_task_job_runner.py:120} INFO - ::group::Pre task execution logs
[2025-01-12T20:42:48.937+0000] {taskinstance.py:2073} INFO - Dependencies all met for dep_context=non-requeueable deps ti=<TaskInstance: etl_reddit_pipeline.extraction_from_reddit manual__2025-01-12T20:42:47.063480+00:00 [queued]>
[2025-01-12T20:42:48.945+0000] {taskinstance.py:2073} INFO - Dependencies all met for dep_context=requeueable deps ti=<TaskInstance: etl_reddit_pipeline.extraction_from_reddit manual__2025-01-12T20:42:47.063480+00:00 [queued]>
[2025-01-12T20:42:48.946+0000] {taskinstance.py:2303} INFO - Starting attempt 1 of 1
[2025-01-12T20:42:48.959+0000] {taskinstance.py:2327} INFO - Executing <Task(PythonOperator): extraction_from_reddit> on 2025-01-12 20:42:47.063480+00:00
[2025-01-12T20:42:48.967+0000] {standard_task_runner.py:63} INFO - Started process 96 to run task
[2025-01-12T20:42:48.970+0000] {standard_task_runner.py:90} INFO - Running: ['airflow', 'tasks', 'run', 'etl_reddit_pipeline', 'extraction_from_reddit', 'manual__2025-01-12T20:42:47.063480+00:00', '--job-id', '12', '--raw', '--subdir', 'DAGS_FOLDER/reddit_dag.py', '--cfg-path', '/tmp/tmp0jcxevo9']
[2025-01-12T20:42:48.972+0000] {standard_task_runner.py:91} INFO - Job 12: Subtask extraction_from_reddit
[2025-01-12T20:42:49.019+0000] {task_command.py:426} INFO - Running <TaskInstance: etl_reddit_pipeline.extraction_from_reddit manual__2025-01-12T20:42:47.063480+00:00 [running]> on host 171130cc8ff7
[2025-01-12T20:42:49.109+0000] {taskinstance.py:2644} INFO - Exporting env vars: AIRFLOW_CTX_DAG_OWNER='Leepaakshi Gokulkrishnan' AIRFLOW_CTX_DAG_ID='etl_reddit_pipeline' AIRFLOW_CTX_TASK_ID='extraction_from_reddit' AIRFLOW_CTX_EXECUTION_DATE='2025-01-12T20:42:47.063480+00:00' AIRFLOW_CTX_TRY_NUMBER='1' AIRFLOW_CTX_DAG_RUN_ID='manual__2025-01-12T20:42:47.063480+00:00'
[2025-01-12T20:42:49.110+0000] {taskinstance.py:430} INFO - ::endgroup::
[2025-01-12T20:42:49.122+0000] {logging_mixin.py:188} WARNING - Version 7.7.1 of praw is outdated. Version 7.8.1 was released Friday October 25, 2024.
[2025-01-12T20:42:49.123+0000] {logging_mixin.py:188} INFO - Connected to Reddit successfully!
[2025-01-12T20:42:50.508+0000] {logging_mixin.py:188} INFO - /opt/airflow/data/output/reddit_250112.csv
[2025-01-12T20:42:50.517+0000] {python.py:237} INFO - Done. Returned value was: /opt/airflow/data/output/reddit_250112.csv
[2025-01-12T20:42:50.517+0000] {taskinstance.py:441} INFO - ::group::Post task execution logs
[2025-01-12T20:42:50.539+0000] {taskinstance.py:1205} INFO - Marking task as SUCCESS. dag_id=etl_reddit_pipeline, task_id=extraction_from_reddit, execution_date=20250112T204247, start_date=20250112T204248, end_date=20250112T204250
[2025-01-12T20:42:50.588+0000] {local_task_job_runner.py:240} INFO - Task exited with return code 0
[2025-01-12T20:42:50.608+0000] {taskinstance.py:3482} INFO - 1 downstream tasks scheduled from follow-on schedule check
[2025-01-12T20:42:50.610+0000] {local_task_job_runner.py:222} INFO - ::endgroup::
