[2025-01-12T20:39:24.543+0000] {local_task_job_runner.py:120} INFO - ::group::Pre task execution logs
[2025-01-12T20:39:24.564+0000] {taskinstance.py:2073} INFO - Dependencies all met for dep_context=non-requeueable deps ti=<TaskInstance: etl_reddit_pipeline.s3_upload manual__2025-01-12T20:39:19.829768+00:00 [queued]>
[2025-01-12T20:39:24.572+0000] {taskinstance.py:2073} INFO - Dependencies all met for dep_context=requeueable deps ti=<TaskInstance: etl_reddit_pipeline.s3_upload manual__2025-01-12T20:39:19.829768+00:00 [queued]>
[2025-01-12T20:39:24.573+0000] {taskinstance.py:2303} INFO - Starting attempt 1 of 1
[2025-01-12T20:39:24.584+0000] {taskinstance.py:2327} INFO - Executing <Task(PythonOperator): s3_upload> on 2025-01-12 20:39:19.829768+00:00
[2025-01-12T20:39:24.592+0000] {standard_task_runner.py:63} INFO - Started process 85 to run task
[2025-01-12T20:39:24.595+0000] {standard_task_runner.py:90} INFO - Running: ['airflow', 'tasks', 'run', 'etl_reddit_pipeline', 's3_upload', 'manual__2025-01-12T20:39:19.829768+00:00', '--job-id', '9', '--raw', '--subdir', 'DAGS_FOLDER/reddit_dag.py', '--cfg-path', '/tmp/tmpjb4keym3']
[2025-01-12T20:39:24.597+0000] {standard_task_runner.py:91} INFO - Job 9: Subtask s3_upload
[2025-01-12T20:39:24.638+0000] {task_command.py:426} INFO - Running <TaskInstance: etl_reddit_pipeline.s3_upload manual__2025-01-12T20:39:19.829768+00:00 [running]> on host 171130cc8ff7
[2025-01-12T20:39:24.709+0000] {taskinstance.py:2644} INFO - Exporting env vars: AIRFLOW_CTX_DAG_OWNER='Leepaakshi Gokulkrishnan' AIRFLOW_CTX_DAG_ID='etl_reddit_pipeline' AIRFLOW_CTX_TASK_ID='s3_upload' AIRFLOW_CTX_EXECUTION_DATE='2025-01-12T20:39:19.829768+00:00' AIRFLOW_CTX_TRY_NUMBER='1' AIRFLOW_CTX_DAG_RUN_ID='manual__2025-01-12T20:39:19.829768+00:00'
[2025-01-12T20:39:24.710+0000] {taskinstance.py:430} INFO - ::endgroup::
[2025-01-12T20:39:24.732+0000] {logging_mixin.py:188} INFO - 'set' object has no attribute 'get'
[2025-01-12T20:39:24.735+0000] {taskinstance.py:441} INFO - ::group::Post task execution logs
[2025-01-12T20:39:24.736+0000] {taskinstance.py:2890} ERROR - Task failed with exception
Traceback (most recent call last):
  File "/home/airflow/.local/lib/python3.9/site-packages/airflow/models/taskinstance.py", line 465, in _execute_task
    result = _execute_callable(context=context, **execute_callable_kwargs)
  File "/home/airflow/.local/lib/python3.9/site-packages/airflow/models/taskinstance.py", line 432, in _execute_callable
    return execute_callable(context=context, **execute_callable_kwargs)
  File "/home/airflow/.local/lib/python3.9/site-packages/airflow/models/baseoperator.py", line 400, in wrapper
    return func(self, *args, **kwargs)
  File "/home/airflow/.local/lib/python3.9/site-packages/airflow/operators/python.py", line 235, in execute
    return_value = self.execute_callable()
  File "/home/airflow/.local/lib/python3.9/site-packages/airflow/operators/python.py", line 252, in execute_callable
    return self.python_callable(*self.op_args, **self.op_kwargs)
  File "/opt/airflow/pipelines/aws_s3_pipeline.py", line 10, in upload_s3_pipeline
    upload_to_s3(s3, file_path, AWS_BUCKET_NAME, file_path.split('/')[-1])
  File "/opt/airflow/etls/aws_etl.py", line 27, in upload_to_s3
    s3.put(file_path, bucket+'/raw/'+ s3_file_name)
  File "/home/airflow/.local/lib/python3.9/site-packages/fsspec/asyn.py", line 118, in wrapper
    return sync(self.loop, func, *args, **kwargs)
  File "/home/airflow/.local/lib/python3.9/site-packages/fsspec/asyn.py", line 103, in sync
    raise return_result
  File "/home/airflow/.local/lib/python3.9/site-packages/fsspec/asyn.py", line 56, in _runner
    result[0] = await coro
  File "/home/airflow/.local/lib/python3.9/site-packages/fsspec/asyn.py", line 536, in _put
    trailing_sep(rpath) or await self._isdir(rpath)
  File "/home/airflow/.local/lib/python3.9/site-packages/s3fs/core.py", line 1411, in _isdir
    return bool(await self._lsdir(path))
  File "/home/airflow/.local/lib/python3.9/site-packages/s3fs/core.py", line 706, in _lsdir
    async for c in self._iterdir(
  File "/home/airflow/.local/lib/python3.9/site-packages/s3fs/core.py", line 737, in _iterdir
    await self.set_session()
  File "/home/airflow/.local/lib/python3.9/site-packages/s3fs/core.py", line 474, in set_session
    init_kwargs = {
  File "/home/airflow/.local/lib/python3.9/site-packages/s3fs/core.py", line 477, in <dictcomp>
    if value is not None and value != client_kwargs.get(key)
AttributeError: 'set' object has no attribute 'get'
[2025-01-12T20:39:24.752+0000] {taskinstance.py:1205} INFO - Marking task as FAILED. dag_id=etl_reddit_pipeline, task_id=s3_upload, execution_date=20250112T203919, start_date=20250112T203924, end_date=20250112T203924
[2025-01-12T20:39:24.762+0000] {standard_task_runner.py:110} ERROR - Failed to execute job 9 for task s3_upload ('set' object has no attribute 'get'; 85)
[2025-01-12T20:39:24.808+0000] {local_task_job_runner.py:240} INFO - Task exited with return code 1
[2025-01-12T20:39:24.825+0000] {taskinstance.py:3482} INFO - 0 downstream tasks scheduled from follow-on schedule check
[2025-01-12T20:39:24.827+0000] {local_task_job_runner.py:222} INFO - ::endgroup::
