[2025-01-13T01:51:46.207+0000] {processor.py:161} INFO - Started process (PID=877) to work on /opt/airflow/dags/reddit_dag.py
[2025-01-13T01:51:46.209+0000] {processor.py:830} INFO - Processing file /opt/airflow/dags/reddit_dag.py for tasks to queue
[2025-01-13T01:51:46.221+0000] {logging_mixin.py:188} INFO - [2025-01-13T01:51:46.220+0000] {dagbag.py:540} INFO - Filling up the DagBag from /opt/airflow/dags/reddit_dag.py
[2025-01-13T01:51:48.904+0000] {processor.py:840} INFO - DAG(s) 'etl_reddit_pipeline' retrieved from /opt/airflow/dags/reddit_dag.py
[2025-01-13T01:51:49.542+0000] {logging_mixin.py:188} INFO - [2025-01-13T01:51:49.541+0000] {dag.py:3096} INFO - Sync 1 DAGs
[2025-01-13T02:01:10.442+0000] {logging_mixin.py:188} INFO - [2025-01-13T02:01:10.442+0000] {dag.py:3954} INFO - Setting next_dagrun for etl_reddit_pipeline to 2025-01-13T00:00:00+00:00, run_after=2025-01-14T00:00:00+00:00
[2025-01-13T02:01:10.524+0000] {processor.py:183} INFO - Processing /opt/airflow/dags/reddit_dag.py took 3.530 seconds
[2025-01-13T02:01:41.018+0000] {processor.py:161} INFO - Started process (PID=879) to work on /opt/airflow/dags/reddit_dag.py
[2025-01-13T02:01:41.020+0000] {processor.py:830} INFO - Processing file /opt/airflow/dags/reddit_dag.py for tasks to queue
[2025-01-13T02:01:41.024+0000] {logging_mixin.py:188} INFO - [2025-01-13T02:01:41.023+0000] {dagbag.py:540} INFO - Filling up the DagBag from /opt/airflow/dags/reddit_dag.py
[2025-01-13T02:01:41.870+0000] {processor.py:840} INFO - DAG(s) 'etl_reddit_pipeline' retrieved from /opt/airflow/dags/reddit_dag.py
[2025-01-13T02:01:41.907+0000] {logging_mixin.py:188} INFO - [2025-01-13T02:01:41.906+0000] {dag.py:3096} INFO - Sync 1 DAGs
[2025-01-13T02:01:41.952+0000] {logging_mixin.py:188} INFO - [2025-01-13T02:01:41.951+0000] {dag.py:3954} INFO - Setting next_dagrun for etl_reddit_pipeline to 2025-01-13T00:00:00+00:00, run_after=2025-01-14T00:00:00+00:00
[2025-01-13T02:01:41.989+0000] {processor.py:183} INFO - Processing /opt/airflow/dags/reddit_dag.py took 0.981 seconds
[2025-01-13T02:02:12.169+0000] {processor.py:161} INFO - Started process (PID=881) to work on /opt/airflow/dags/reddit_dag.py
[2025-01-13T02:02:12.170+0000] {processor.py:830} INFO - Processing file /opt/airflow/dags/reddit_dag.py for tasks to queue
[2025-01-13T02:02:12.172+0000] {logging_mixin.py:188} INFO - [2025-01-13T02:02:12.171+0000] {dagbag.py:540} INFO - Filling up the DagBag from /opt/airflow/dags/reddit_dag.py
[2025-01-13T02:02:12.991+0000] {processor.py:840} INFO - DAG(s) 'etl_reddit_pipeline' retrieved from /opt/airflow/dags/reddit_dag.py
[2025-01-13T02:02:13.023+0000] {logging_mixin.py:188} INFO - [2025-01-13T02:02:13.022+0000] {dag.py:3096} INFO - Sync 1 DAGs
[2025-01-13T02:02:13.045+0000] {logging_mixin.py:188} INFO - [2025-01-13T02:02:13.044+0000] {dag.py:3954} INFO - Setting next_dagrun for etl_reddit_pipeline to 2025-01-13T00:00:00+00:00, run_after=2025-01-14T00:00:00+00:00
[2025-01-13T02:02:13.063+0000] {processor.py:183} INFO - Processing /opt/airflow/dags/reddit_dag.py took 0.900 seconds
[2025-01-13T02:02:43.250+0000] {processor.py:161} INFO - Started process (PID=883) to work on /opt/airflow/dags/reddit_dag.py
[2025-01-13T02:02:43.251+0000] {processor.py:830} INFO - Processing file /opt/airflow/dags/reddit_dag.py for tasks to queue
[2025-01-13T02:02:43.253+0000] {logging_mixin.py:188} INFO - [2025-01-13T02:02:43.252+0000] {dagbag.py:540} INFO - Filling up the DagBag from /opt/airflow/dags/reddit_dag.py
[2025-01-13T02:02:43.820+0000] {processor.py:840} INFO - DAG(s) 'etl_reddit_pipeline' retrieved from /opt/airflow/dags/reddit_dag.py
[2025-01-13T02:02:43.848+0000] {logging_mixin.py:188} INFO - [2025-01-13T02:02:43.848+0000] {dag.py:3096} INFO - Sync 1 DAGs
[2025-01-13T02:02:43.871+0000] {logging_mixin.py:188} INFO - [2025-01-13T02:02:43.871+0000] {dag.py:3954} INFO - Setting next_dagrun for etl_reddit_pipeline to 2025-01-13T00:00:00+00:00, run_after=2025-01-14T00:00:00+00:00
[2025-01-13T02:02:43.890+0000] {processor.py:183} INFO - Processing /opt/airflow/dags/reddit_dag.py took 0.646 seconds
[2025-01-13T02:03:14.071+0000] {processor.py:161} INFO - Started process (PID=885) to work on /opt/airflow/dags/reddit_dag.py
[2025-01-13T02:03:14.072+0000] {processor.py:830} INFO - Processing file /opt/airflow/dags/reddit_dag.py for tasks to queue
[2025-01-13T02:03:14.074+0000] {logging_mixin.py:188} INFO - [2025-01-13T02:03:14.074+0000] {dagbag.py:540} INFO - Filling up the DagBag from /opt/airflow/dags/reddit_dag.py
[2025-01-13T02:03:14.592+0000] {processor.py:840} INFO - DAG(s) 'etl_reddit_pipeline' retrieved from /opt/airflow/dags/reddit_dag.py
[2025-01-13T02:03:14.612+0000] {logging_mixin.py:188} INFO - [2025-01-13T02:03:14.611+0000] {dag.py:3096} INFO - Sync 1 DAGs
[2025-01-13T02:03:14.635+0000] {logging_mixin.py:188} INFO - [2025-01-13T02:03:14.635+0000] {dag.py:3954} INFO - Setting next_dagrun for etl_reddit_pipeline to 2025-01-13T00:00:00+00:00, run_after=2025-01-14T00:00:00+00:00
[2025-01-13T02:03:14.657+0000] {processor.py:183} INFO - Processing /opt/airflow/dags/reddit_dag.py took 0.591 seconds
[2025-01-13T02:03:44.830+0000] {processor.py:161} INFO - Started process (PID=887) to work on /opt/airflow/dags/reddit_dag.py
[2025-01-13T02:03:44.831+0000] {processor.py:830} INFO - Processing file /opt/airflow/dags/reddit_dag.py for tasks to queue
[2025-01-13T02:03:44.834+0000] {logging_mixin.py:188} INFO - [2025-01-13T02:03:44.834+0000] {dagbag.py:540} INFO - Filling up the DagBag from /opt/airflow/dags/reddit_dag.py
[2025-01-13T02:03:45.456+0000] {processor.py:840} INFO - DAG(s) 'etl_reddit_pipeline' retrieved from /opt/airflow/dags/reddit_dag.py
[2025-01-13T02:03:45.477+0000] {logging_mixin.py:188} INFO - [2025-01-13T02:03:45.476+0000] {dag.py:3096} INFO - Sync 1 DAGs
[2025-01-13T02:03:45.501+0000] {logging_mixin.py:188} INFO - [2025-01-13T02:03:45.501+0000] {dag.py:3954} INFO - Setting next_dagrun for etl_reddit_pipeline to 2025-01-13T00:00:00+00:00, run_after=2025-01-14T00:00:00+00:00
[2025-01-13T02:03:45.522+0000] {processor.py:183} INFO - Processing /opt/airflow/dags/reddit_dag.py took 0.698 seconds
[2025-01-13T02:04:15.731+0000] {processor.py:161} INFO - Started process (PID=889) to work on /opt/airflow/dags/reddit_dag.py
[2025-01-13T02:04:15.732+0000] {processor.py:830} INFO - Processing file /opt/airflow/dags/reddit_dag.py for tasks to queue
[2025-01-13T02:04:15.735+0000] {logging_mixin.py:188} INFO - [2025-01-13T02:04:15.734+0000] {dagbag.py:540} INFO - Filling up the DagBag from /opt/airflow/dags/reddit_dag.py
[2025-01-13T02:04:16.441+0000] {processor.py:840} INFO - DAG(s) 'etl_reddit_pipeline' retrieved from /opt/airflow/dags/reddit_dag.py
[2025-01-13T02:04:16.466+0000] {logging_mixin.py:188} INFO - [2025-01-13T02:04:16.465+0000] {dag.py:3096} INFO - Sync 1 DAGs
[2025-01-13T02:04:16.490+0000] {logging_mixin.py:188} INFO - [2025-01-13T02:04:16.490+0000] {dag.py:3954} INFO - Setting next_dagrun for etl_reddit_pipeline to 2025-01-13T00:00:00+00:00, run_after=2025-01-14T00:00:00+00:00
[2025-01-13T02:04:16.513+0000] {processor.py:183} INFO - Processing /opt/airflow/dags/reddit_dag.py took 0.788 seconds
[2025-01-13T02:04:46.709+0000] {processor.py:161} INFO - Started process (PID=891) to work on /opt/airflow/dags/reddit_dag.py
[2025-01-13T02:04:46.710+0000] {processor.py:830} INFO - Processing file /opt/airflow/dags/reddit_dag.py for tasks to queue
[2025-01-13T02:04:46.711+0000] {logging_mixin.py:188} INFO - [2025-01-13T02:04:46.711+0000] {dagbag.py:540} INFO - Filling up the DagBag from /opt/airflow/dags/reddit_dag.py
[2025-01-13T02:04:47.268+0000] {processor.py:840} INFO - DAG(s) 'etl_reddit_pipeline' retrieved from /opt/airflow/dags/reddit_dag.py
[2025-01-13T02:04:47.287+0000] {logging_mixin.py:188} INFO - [2025-01-13T02:04:47.287+0000] {dag.py:3096} INFO - Sync 1 DAGs
[2025-01-13T02:04:47.308+0000] {logging_mixin.py:188} INFO - [2025-01-13T02:04:47.308+0000] {dag.py:3954} INFO - Setting next_dagrun for etl_reddit_pipeline to 2025-01-13T00:00:00+00:00, run_after=2025-01-14T00:00:00+00:00
[2025-01-13T02:04:47.325+0000] {processor.py:183} INFO - Processing /opt/airflow/dags/reddit_dag.py took 0.622 seconds
[2025-01-13T02:05:17.489+0000] {processor.py:161} INFO - Started process (PID=893) to work on /opt/airflow/dags/reddit_dag.py
[2025-01-13T02:05:17.490+0000] {processor.py:830} INFO - Processing file /opt/airflow/dags/reddit_dag.py for tasks to queue
[2025-01-13T02:05:17.491+0000] {logging_mixin.py:188} INFO - [2025-01-13T02:05:17.491+0000] {dagbag.py:540} INFO - Filling up the DagBag from /opt/airflow/dags/reddit_dag.py
[2025-01-13T02:05:18.035+0000] {processor.py:840} INFO - DAG(s) 'etl_reddit_pipeline' retrieved from /opt/airflow/dags/reddit_dag.py
[2025-01-13T02:05:18.055+0000] {logging_mixin.py:188} INFO - [2025-01-13T02:05:18.055+0000] {dag.py:3096} INFO - Sync 1 DAGs
[2025-01-13T02:05:18.074+0000] {logging_mixin.py:188} INFO - [2025-01-13T02:05:18.074+0000] {dag.py:3954} INFO - Setting next_dagrun for etl_reddit_pipeline to 2025-01-13T00:00:00+00:00, run_after=2025-01-14T00:00:00+00:00
[2025-01-13T02:05:18.090+0000] {processor.py:183} INFO - Processing /opt/airflow/dags/reddit_dag.py took 0.606 seconds
[2025-01-13T02:05:48.282+0000] {processor.py:161} INFO - Started process (PID=895) to work on /opt/airflow/dags/reddit_dag.py
[2025-01-13T02:05:48.283+0000] {processor.py:830} INFO - Processing file /opt/airflow/dags/reddit_dag.py for tasks to queue
[2025-01-13T02:05:48.285+0000] {logging_mixin.py:188} INFO - [2025-01-13T02:05:48.285+0000] {dagbag.py:540} INFO - Filling up the DagBag from /opt/airflow/dags/reddit_dag.py
[2025-01-13T02:05:48.864+0000] {processor.py:840} INFO - DAG(s) 'etl_reddit_pipeline' retrieved from /opt/airflow/dags/reddit_dag.py
[2025-01-13T02:05:48.884+0000] {logging_mixin.py:188} INFO - [2025-01-13T02:05:48.883+0000] {dag.py:3096} INFO - Sync 1 DAGs
[2025-01-13T02:05:48.902+0000] {logging_mixin.py:188} INFO - [2025-01-13T02:05:48.902+0000] {dag.py:3954} INFO - Setting next_dagrun for etl_reddit_pipeline to 2025-01-13T00:00:00+00:00, run_after=2025-01-14T00:00:00+00:00
[2025-01-13T02:05:48.917+0000] {processor.py:183} INFO - Processing /opt/airflow/dags/reddit_dag.py took 0.640 seconds
[2025-01-13T02:06:19.086+0000] {processor.py:161} INFO - Started process (PID=897) to work on /opt/airflow/dags/reddit_dag.py
[2025-01-13T02:06:19.087+0000] {processor.py:830} INFO - Processing file /opt/airflow/dags/reddit_dag.py for tasks to queue
[2025-01-13T02:06:19.090+0000] {logging_mixin.py:188} INFO - [2025-01-13T02:06:19.090+0000] {dagbag.py:540} INFO - Filling up the DagBag from /opt/airflow/dags/reddit_dag.py
[2025-01-13T02:06:19.701+0000] {processor.py:840} INFO - DAG(s) 'etl_reddit_pipeline' retrieved from /opt/airflow/dags/reddit_dag.py
[2025-01-13T02:06:19.726+0000] {logging_mixin.py:188} INFO - [2025-01-13T02:06:19.725+0000] {dag.py:3096} INFO - Sync 1 DAGs
[2025-01-13T02:06:19.750+0000] {logging_mixin.py:188} INFO - [2025-01-13T02:06:19.750+0000] {dag.py:3954} INFO - Setting next_dagrun for etl_reddit_pipeline to 2025-01-13T00:00:00+00:00, run_after=2025-01-14T00:00:00+00:00
[2025-01-13T02:06:19.773+0000] {processor.py:183} INFO - Processing /opt/airflow/dags/reddit_dag.py took 0.693 seconds
[2025-01-13T02:06:49.971+0000] {processor.py:161} INFO - Started process (PID=899) to work on /opt/airflow/dags/reddit_dag.py
[2025-01-13T02:06:49.972+0000] {processor.py:830} INFO - Processing file /opt/airflow/dags/reddit_dag.py for tasks to queue
[2025-01-13T02:06:49.975+0000] {logging_mixin.py:188} INFO - [2025-01-13T02:06:49.974+0000] {dagbag.py:540} INFO - Filling up the DagBag from /opt/airflow/dags/reddit_dag.py
[2025-01-13T02:06:50.527+0000] {processor.py:840} INFO - DAG(s) 'etl_reddit_pipeline' retrieved from /opt/airflow/dags/reddit_dag.py
[2025-01-13T02:06:50.549+0000] {logging_mixin.py:188} INFO - [2025-01-13T02:06:50.548+0000] {dag.py:3096} INFO - Sync 1 DAGs
[2025-01-13T02:06:50.570+0000] {logging_mixin.py:188} INFO - [2025-01-13T02:06:50.569+0000] {dag.py:3954} INFO - Setting next_dagrun for etl_reddit_pipeline to 2025-01-13T00:00:00+00:00, run_after=2025-01-14T00:00:00+00:00
[2025-01-13T02:06:50.589+0000] {processor.py:183} INFO - Processing /opt/airflow/dags/reddit_dag.py took 0.623 seconds
[2025-01-13T02:07:20.766+0000] {processor.py:161} INFO - Started process (PID=901) to work on /opt/airflow/dags/reddit_dag.py
[2025-01-13T02:07:20.767+0000] {processor.py:830} INFO - Processing file /opt/airflow/dags/reddit_dag.py for tasks to queue
[2025-01-13T02:07:20.769+0000] {logging_mixin.py:188} INFO - [2025-01-13T02:07:20.769+0000] {dagbag.py:540} INFO - Filling up the DagBag from /opt/airflow/dags/reddit_dag.py
[2025-01-13T02:07:21.372+0000] {processor.py:840} INFO - DAG(s) 'etl_reddit_pipeline' retrieved from /opt/airflow/dags/reddit_dag.py
[2025-01-13T02:07:21.396+0000] {logging_mixin.py:188} INFO - [2025-01-13T02:07:21.395+0000] {dag.py:3096} INFO - Sync 1 DAGs
[2025-01-13T02:07:21.420+0000] {logging_mixin.py:188} INFO - [2025-01-13T02:07:21.420+0000] {dag.py:3954} INFO - Setting next_dagrun for etl_reddit_pipeline to 2025-01-13T00:00:00+00:00, run_after=2025-01-14T00:00:00+00:00
[2025-01-13T02:07:21.439+0000] {processor.py:183} INFO - Processing /opt/airflow/dags/reddit_dag.py took 0.679 seconds
[2025-01-13T02:07:51.532+0000] {processor.py:161} INFO - Started process (PID=903) to work on /opt/airflow/dags/reddit_dag.py
[2025-01-13T02:07:51.533+0000] {processor.py:830} INFO - Processing file /opt/airflow/dags/reddit_dag.py for tasks to queue
[2025-01-13T02:07:51.535+0000] {logging_mixin.py:188} INFO - [2025-01-13T02:07:51.535+0000] {dagbag.py:540} INFO - Filling up the DagBag from /opt/airflow/dags/reddit_dag.py
[2025-01-13T02:07:52.046+0000] {processor.py:840} INFO - DAG(s) 'etl_reddit_pipeline' retrieved from /opt/airflow/dags/reddit_dag.py
[2025-01-13T02:07:52.065+0000] {logging_mixin.py:188} INFO - [2025-01-13T02:07:52.065+0000] {dag.py:3096} INFO - Sync 1 DAGs
[2025-01-13T02:07:52.085+0000] {logging_mixin.py:188} INFO - [2025-01-13T02:07:52.085+0000] {dag.py:3954} INFO - Setting next_dagrun for etl_reddit_pipeline to 2025-01-13T00:00:00+00:00, run_after=2025-01-14T00:00:00+00:00
[2025-01-13T02:07:52.101+0000] {processor.py:183} INFO - Processing /opt/airflow/dags/reddit_dag.py took 0.575 seconds
[2025-01-13T02:08:22.285+0000] {processor.py:161} INFO - Started process (PID=905) to work on /opt/airflow/dags/reddit_dag.py
[2025-01-13T02:08:22.286+0000] {processor.py:830} INFO - Processing file /opt/airflow/dags/reddit_dag.py for tasks to queue
[2025-01-13T02:08:22.288+0000] {logging_mixin.py:188} INFO - [2025-01-13T02:08:22.287+0000] {dagbag.py:540} INFO - Filling up the DagBag from /opt/airflow/dags/reddit_dag.py
[2025-01-13T02:08:22.802+0000] {processor.py:840} INFO - DAG(s) 'etl_reddit_pipeline' retrieved from /opt/airflow/dags/reddit_dag.py
[2025-01-13T02:08:22.823+0000] {logging_mixin.py:188} INFO - [2025-01-13T02:08:22.823+0000] {dag.py:3096} INFO - Sync 1 DAGs
[2025-01-13T02:08:22.842+0000] {logging_mixin.py:188} INFO - [2025-01-13T02:08:22.842+0000] {dag.py:3954} INFO - Setting next_dagrun for etl_reddit_pipeline to 2025-01-13T00:00:00+00:00, run_after=2025-01-14T00:00:00+00:00
[2025-01-13T02:08:22.858+0000] {processor.py:183} INFO - Processing /opt/airflow/dags/reddit_dag.py took 0.578 seconds
[2025-01-13T02:08:53.029+0000] {processor.py:161} INFO - Started process (PID=907) to work on /opt/airflow/dags/reddit_dag.py
[2025-01-13T02:08:53.030+0000] {processor.py:830} INFO - Processing file /opt/airflow/dags/reddit_dag.py for tasks to queue
[2025-01-13T02:08:53.032+0000] {logging_mixin.py:188} INFO - [2025-01-13T02:08:53.032+0000] {dagbag.py:540} INFO - Filling up the DagBag from /opt/airflow/dags/reddit_dag.py
[2025-01-13T02:08:53.604+0000] {processor.py:840} INFO - DAG(s) 'etl_reddit_pipeline' retrieved from /opt/airflow/dags/reddit_dag.py
[2025-01-13T02:08:53.629+0000] {logging_mixin.py:188} INFO - [2025-01-13T02:08:53.628+0000] {dag.py:3096} INFO - Sync 1 DAGs
[2025-01-13T02:08:53.649+0000] {logging_mixin.py:188} INFO - [2025-01-13T02:08:53.649+0000] {dag.py:3954} INFO - Setting next_dagrun for etl_reddit_pipeline to 2025-01-13T00:00:00+00:00, run_after=2025-01-14T00:00:00+00:00
[2025-01-13T02:08:53.669+0000] {processor.py:183} INFO - Processing /opt/airflow/dags/reddit_dag.py took 0.645 seconds
[2025-01-13T02:09:23.872+0000] {processor.py:161} INFO - Started process (PID=909) to work on /opt/airflow/dags/reddit_dag.py
[2025-01-13T02:09:23.873+0000] {processor.py:830} INFO - Processing file /opt/airflow/dags/reddit_dag.py for tasks to queue
[2025-01-13T02:09:23.874+0000] {logging_mixin.py:188} INFO - [2025-01-13T02:09:23.874+0000] {dagbag.py:540} INFO - Filling up the DagBag from /opt/airflow/dags/reddit_dag.py
[2025-01-13T02:09:24.460+0000] {processor.py:840} INFO - DAG(s) 'etl_reddit_pipeline' retrieved from /opt/airflow/dags/reddit_dag.py
[2025-01-13T02:09:24.480+0000] {logging_mixin.py:188} INFO - [2025-01-13T02:09:24.479+0000] {dag.py:3096} INFO - Sync 1 DAGs
[2025-01-13T02:09:24.499+0000] {logging_mixin.py:188} INFO - [2025-01-13T02:09:24.499+0000] {dag.py:3954} INFO - Setting next_dagrun for etl_reddit_pipeline to 2025-01-13T00:00:00+00:00, run_after=2025-01-14T00:00:00+00:00
[2025-01-13T02:09:24.515+0000] {processor.py:183} INFO - Processing /opt/airflow/dags/reddit_dag.py took 0.649 seconds
[2025-01-13T02:09:54.685+0000] {processor.py:161} INFO - Started process (PID=911) to work on /opt/airflow/dags/reddit_dag.py
[2025-01-13T02:09:54.686+0000] {processor.py:830} INFO - Processing file /opt/airflow/dags/reddit_dag.py for tasks to queue
[2025-01-13T02:09:54.688+0000] {logging_mixin.py:188} INFO - [2025-01-13T02:09:54.688+0000] {dagbag.py:540} INFO - Filling up the DagBag from /opt/airflow/dags/reddit_dag.py
[2025-01-13T02:09:55.213+0000] {processor.py:840} INFO - DAG(s) 'etl_reddit_pipeline' retrieved from /opt/airflow/dags/reddit_dag.py
[2025-01-13T02:09:55.231+0000] {logging_mixin.py:188} INFO - [2025-01-13T02:09:55.231+0000] {dag.py:3096} INFO - Sync 1 DAGs
[2025-01-13T02:09:55.248+0000] {logging_mixin.py:188} INFO - [2025-01-13T02:09:55.248+0000] {dag.py:3954} INFO - Setting next_dagrun for etl_reddit_pipeline to 2025-01-13T00:00:00+00:00, run_after=2025-01-14T00:00:00+00:00
[2025-01-13T02:09:55.264+0000] {processor.py:183} INFO - Processing /opt/airflow/dags/reddit_dag.py took 0.584 seconds
[2025-01-13T02:10:25.447+0000] {processor.py:161} INFO - Started process (PID=913) to work on /opt/airflow/dags/reddit_dag.py
[2025-01-13T02:10:25.448+0000] {processor.py:830} INFO - Processing file /opt/airflow/dags/reddit_dag.py for tasks to queue
[2025-01-13T02:10:25.450+0000] {logging_mixin.py:188} INFO - [2025-01-13T02:10:25.450+0000] {dagbag.py:540} INFO - Filling up the DagBag from /opt/airflow/dags/reddit_dag.py
[2025-01-13T02:10:26.100+0000] {processor.py:840} INFO - DAG(s) 'etl_reddit_pipeline' retrieved from /opt/airflow/dags/reddit_dag.py
[2025-01-13T02:10:26.124+0000] {logging_mixin.py:188} INFO - [2025-01-13T02:10:26.123+0000] {dag.py:3096} INFO - Sync 1 DAGs
[2025-01-13T02:10:26.147+0000] {logging_mixin.py:188} INFO - [2025-01-13T02:10:26.147+0000] {dag.py:3954} INFO - Setting next_dagrun for etl_reddit_pipeline to 2025-01-13T00:00:00+00:00, run_after=2025-01-14T00:00:00+00:00
[2025-01-13T02:10:26.166+0000] {processor.py:183} INFO - Processing /opt/airflow/dags/reddit_dag.py took 0.725 seconds
[2025-01-13T02:10:56.374+0000] {processor.py:161} INFO - Started process (PID=915) to work on /opt/airflow/dags/reddit_dag.py
[2025-01-13T02:10:56.375+0000] {processor.py:830} INFO - Processing file /opt/airflow/dags/reddit_dag.py for tasks to queue
[2025-01-13T02:10:56.377+0000] {logging_mixin.py:188} INFO - [2025-01-13T02:10:56.377+0000] {dagbag.py:540} INFO - Filling up the DagBag from /opt/airflow/dags/reddit_dag.py
[2025-01-13T02:10:57.005+0000] {processor.py:840} INFO - DAG(s) 'etl_reddit_pipeline' retrieved from /opt/airflow/dags/reddit_dag.py
[2025-01-13T02:10:57.026+0000] {logging_mixin.py:188} INFO - [2025-01-13T02:10:57.026+0000] {dag.py:3096} INFO - Sync 1 DAGs
[2025-01-13T02:10:57.050+0000] {logging_mixin.py:188} INFO - [2025-01-13T02:10:57.049+0000] {dag.py:3954} INFO - Setting next_dagrun for etl_reddit_pipeline to 2025-01-13T00:00:00+00:00, run_after=2025-01-14T00:00:00+00:00
[2025-01-13T02:10:57.067+0000] {processor.py:183} INFO - Processing /opt/airflow/dags/reddit_dag.py took 0.701 seconds
[2025-01-13T02:11:27.189+0000] {processor.py:161} INFO - Started process (PID=917) to work on /opt/airflow/dags/reddit_dag.py
[2025-01-13T02:11:27.190+0000] {processor.py:830} INFO - Processing file /opt/airflow/dags/reddit_dag.py for tasks to queue
[2025-01-13T02:11:27.192+0000] {logging_mixin.py:188} INFO - [2025-01-13T02:11:27.192+0000] {dagbag.py:540} INFO - Filling up the DagBag from /opt/airflow/dags/reddit_dag.py
[2025-01-13T02:11:27.812+0000] {processor.py:840} INFO - DAG(s) 'etl_reddit_pipeline' retrieved from /opt/airflow/dags/reddit_dag.py
[2025-01-13T02:11:27.841+0000] {logging_mixin.py:188} INFO - [2025-01-13T02:11:27.841+0000] {dag.py:3096} INFO - Sync 1 DAGs
[2025-01-13T02:11:27.864+0000] {logging_mixin.py:188} INFO - [2025-01-13T02:11:27.864+0000] {dag.py:3954} INFO - Setting next_dagrun for etl_reddit_pipeline to 2025-01-13T00:00:00+00:00, run_after=2025-01-14T00:00:00+00:00
[2025-01-13T02:11:27.887+0000] {processor.py:183} INFO - Processing /opt/airflow/dags/reddit_dag.py took 0.706 seconds
[2025-01-13T02:11:58.105+0000] {processor.py:161} INFO - Started process (PID=919) to work on /opt/airflow/dags/reddit_dag.py
[2025-01-13T02:11:58.107+0000] {processor.py:830} INFO - Processing file /opt/airflow/dags/reddit_dag.py for tasks to queue
[2025-01-13T02:11:58.109+0000] {logging_mixin.py:188} INFO - [2025-01-13T02:11:58.109+0000] {dagbag.py:540} INFO - Filling up the DagBag from /opt/airflow/dags/reddit_dag.py
[2025-01-13T02:11:58.794+0000] {processor.py:840} INFO - DAG(s) 'etl_reddit_pipeline' retrieved from /opt/airflow/dags/reddit_dag.py
[2025-01-13T02:11:58.820+0000] {logging_mixin.py:188} INFO - [2025-01-13T02:11:58.819+0000] {dag.py:3096} INFO - Sync 1 DAGs
[2025-01-13T02:11:58.846+0000] {logging_mixin.py:188} INFO - [2025-01-13T02:11:58.846+0000] {dag.py:3954} INFO - Setting next_dagrun for etl_reddit_pipeline to 2025-01-13T00:00:00+00:00, run_after=2025-01-14T00:00:00+00:00
[2025-01-13T02:11:58.871+0000] {processor.py:183} INFO - Processing /opt/airflow/dags/reddit_dag.py took 0.774 seconds
[2025-01-13T02:12:29.069+0000] {processor.py:161} INFO - Started process (PID=921) to work on /opt/airflow/dags/reddit_dag.py
[2025-01-13T02:12:29.070+0000] {processor.py:830} INFO - Processing file /opt/airflow/dags/reddit_dag.py for tasks to queue
[2025-01-13T02:12:29.072+0000] {logging_mixin.py:188} INFO - [2025-01-13T02:12:29.072+0000] {dagbag.py:540} INFO - Filling up the DagBag from /opt/airflow/dags/reddit_dag.py
[2025-01-13T02:12:29.619+0000] {processor.py:840} INFO - DAG(s) 'etl_reddit_pipeline' retrieved from /opt/airflow/dags/reddit_dag.py
[2025-01-13T02:12:29.640+0000] {logging_mixin.py:188} INFO - [2025-01-13T02:12:29.640+0000] {dag.py:3096} INFO - Sync 1 DAGs
[2025-01-13T02:12:29.659+0000] {logging_mixin.py:188} INFO - [2025-01-13T02:12:29.659+0000] {dag.py:3954} INFO - Setting next_dagrun for etl_reddit_pipeline to 2025-01-13T00:00:00+00:00, run_after=2025-01-14T00:00:00+00:00
[2025-01-13T02:12:29.675+0000] {processor.py:183} INFO - Processing /opt/airflow/dags/reddit_dag.py took 0.611 seconds
[2025-01-13T02:12:59.836+0000] {processor.py:161} INFO - Started process (PID=923) to work on /opt/airflow/dags/reddit_dag.py
[2025-01-13T02:12:59.837+0000] {processor.py:830} INFO - Processing file /opt/airflow/dags/reddit_dag.py for tasks to queue
[2025-01-13T02:12:59.839+0000] {logging_mixin.py:188} INFO - [2025-01-13T02:12:59.839+0000] {dagbag.py:540} INFO - Filling up the DagBag from /opt/airflow/dags/reddit_dag.py
[2025-01-13T02:13:00.392+0000] {processor.py:840} INFO - DAG(s) 'etl_reddit_pipeline' retrieved from /opt/airflow/dags/reddit_dag.py
[2025-01-13T02:13:00.414+0000] {logging_mixin.py:188} INFO - [2025-01-13T02:13:00.413+0000] {dag.py:3096} INFO - Sync 1 DAGs
[2025-01-13T02:13:00.434+0000] {logging_mixin.py:188} INFO - [2025-01-13T02:13:00.434+0000] {dag.py:3954} INFO - Setting next_dagrun for etl_reddit_pipeline to 2025-01-13T00:00:00+00:00, run_after=2025-01-14T00:00:00+00:00
[2025-01-13T02:13:00.457+0000] {processor.py:183} INFO - Processing /opt/airflow/dags/reddit_dag.py took 0.626 seconds
[2025-01-13T02:13:30.646+0000] {processor.py:161} INFO - Started process (PID=925) to work on /opt/airflow/dags/reddit_dag.py
[2025-01-13T02:13:30.647+0000] {processor.py:830} INFO - Processing file /opt/airflow/dags/reddit_dag.py for tasks to queue
[2025-01-13T02:13:30.649+0000] {logging_mixin.py:188} INFO - [2025-01-13T02:13:30.649+0000] {dagbag.py:540} INFO - Filling up the DagBag from /opt/airflow/dags/reddit_dag.py
[2025-01-13T02:13:31.260+0000] {processor.py:840} INFO - DAG(s) 'etl_reddit_pipeline' retrieved from /opt/airflow/dags/reddit_dag.py
[2025-01-13T02:13:31.286+0000] {logging_mixin.py:188} INFO - [2025-01-13T02:13:31.285+0000] {dag.py:3096} INFO - Sync 1 DAGs
[2025-01-13T02:13:31.316+0000] {logging_mixin.py:188} INFO - [2025-01-13T02:13:31.315+0000] {dag.py:3954} INFO - Setting next_dagrun for etl_reddit_pipeline to 2025-01-13T00:00:00+00:00, run_after=2025-01-14T00:00:00+00:00
[2025-01-13T02:13:31.334+0000] {processor.py:183} INFO - Processing /opt/airflow/dags/reddit_dag.py took 0.694 seconds
[2025-01-13T02:14:01.531+0000] {processor.py:161} INFO - Started process (PID=927) to work on /opt/airflow/dags/reddit_dag.py
[2025-01-13T02:14:01.532+0000] {processor.py:830} INFO - Processing file /opt/airflow/dags/reddit_dag.py for tasks to queue
[2025-01-13T02:14:01.535+0000] {logging_mixin.py:188} INFO - [2025-01-13T02:14:01.534+0000] {dagbag.py:540} INFO - Filling up the DagBag from /opt/airflow/dags/reddit_dag.py
[2025-01-13T02:14:02.084+0000] {processor.py:840} INFO - DAG(s) 'etl_reddit_pipeline' retrieved from /opt/airflow/dags/reddit_dag.py
[2025-01-13T02:14:02.106+0000] {logging_mixin.py:188} INFO - [2025-01-13T02:14:02.105+0000] {dag.py:3096} INFO - Sync 1 DAGs
[2025-01-13T02:14:02.124+0000] {logging_mixin.py:188} INFO - [2025-01-13T02:14:02.124+0000] {dag.py:3954} INFO - Setting next_dagrun for etl_reddit_pipeline to 2025-01-13T00:00:00+00:00, run_after=2025-01-14T00:00:00+00:00
[2025-01-13T02:14:02.139+0000] {processor.py:183} INFO - Processing /opt/airflow/dags/reddit_dag.py took 0.615 seconds
[2025-01-13T02:14:32.285+0000] {processor.py:161} INFO - Started process (PID=929) to work on /opt/airflow/dags/reddit_dag.py
[2025-01-13T02:14:32.285+0000] {processor.py:830} INFO - Processing file /opt/airflow/dags/reddit_dag.py for tasks to queue
[2025-01-13T02:14:32.287+0000] {logging_mixin.py:188} INFO - [2025-01-13T02:14:32.287+0000] {dagbag.py:540} INFO - Filling up the DagBag from /opt/airflow/dags/reddit_dag.py
[2025-01-13T02:14:32.830+0000] {processor.py:840} INFO - DAG(s) 'etl_reddit_pipeline' retrieved from /opt/airflow/dags/reddit_dag.py
[2025-01-13T02:14:32.853+0000] {logging_mixin.py:188} INFO - [2025-01-13T02:14:32.852+0000] {dag.py:3096} INFO - Sync 1 DAGs
[2025-01-13T02:14:32.872+0000] {logging_mixin.py:188} INFO - [2025-01-13T02:14:32.872+0000] {dag.py:3954} INFO - Setting next_dagrun for etl_reddit_pipeline to 2025-01-13T00:00:00+00:00, run_after=2025-01-14T00:00:00+00:00
[2025-01-13T02:14:32.891+0000] {processor.py:183} INFO - Processing /opt/airflow/dags/reddit_dag.py took 0.612 seconds
[2025-01-13T02:15:03.094+0000] {processor.py:161} INFO - Started process (PID=931) to work on /opt/airflow/dags/reddit_dag.py
[2025-01-13T02:15:03.095+0000] {processor.py:830} INFO - Processing file /opt/airflow/dags/reddit_dag.py for tasks to queue
[2025-01-13T02:15:03.097+0000] {logging_mixin.py:188} INFO - [2025-01-13T02:15:03.096+0000] {dagbag.py:540} INFO - Filling up the DagBag from /opt/airflow/dags/reddit_dag.py
[2025-01-13T02:15:03.665+0000] {processor.py:840} INFO - DAG(s) 'etl_reddit_pipeline' retrieved from /opt/airflow/dags/reddit_dag.py
[2025-01-13T02:15:03.686+0000] {logging_mixin.py:188} INFO - [2025-01-13T02:15:03.686+0000] {dag.py:3096} INFO - Sync 1 DAGs
[2025-01-13T02:15:03.705+0000] {logging_mixin.py:188} INFO - [2025-01-13T02:15:03.705+0000] {dag.py:3954} INFO - Setting next_dagrun for etl_reddit_pipeline to 2025-01-13T00:00:00+00:00, run_after=2025-01-14T00:00:00+00:00
[2025-01-13T02:15:03.722+0000] {processor.py:183} INFO - Processing /opt/airflow/dags/reddit_dag.py took 0.634 seconds
[2025-01-13T02:15:33.915+0000] {processor.py:161} INFO - Started process (PID=933) to work on /opt/airflow/dags/reddit_dag.py
[2025-01-13T02:15:33.916+0000] {processor.py:830} INFO - Processing file /opt/airflow/dags/reddit_dag.py for tasks to queue
[2025-01-13T02:15:33.918+0000] {logging_mixin.py:188} INFO - [2025-01-13T02:15:33.918+0000] {dagbag.py:540} INFO - Filling up the DagBag from /opt/airflow/dags/reddit_dag.py
[2025-01-13T02:15:34.632+0000] {processor.py:840} INFO - DAG(s) 'etl_reddit_pipeline' retrieved from /opt/airflow/dags/reddit_dag.py
[2025-01-13T02:15:34.655+0000] {logging_mixin.py:188} INFO - [2025-01-13T02:15:34.654+0000] {dag.py:3096} INFO - Sync 1 DAGs
[2025-01-13T02:15:34.676+0000] {logging_mixin.py:188} INFO - [2025-01-13T02:15:34.676+0000] {dag.py:3954} INFO - Setting next_dagrun for etl_reddit_pipeline to 2025-01-13T00:00:00+00:00, run_after=2025-01-14T00:00:00+00:00
[2025-01-13T02:15:34.696+0000] {processor.py:183} INFO - Processing /opt/airflow/dags/reddit_dag.py took 0.787 seconds
[2025-01-13T02:16:04.774+0000] {processor.py:161} INFO - Started process (PID=935) to work on /opt/airflow/dags/reddit_dag.py
[2025-01-13T02:16:04.775+0000] {processor.py:830} INFO - Processing file /opt/airflow/dags/reddit_dag.py for tasks to queue
[2025-01-13T02:16:04.779+0000] {logging_mixin.py:188} INFO - [2025-01-13T02:16:04.779+0000] {dagbag.py:540} INFO - Filling up the DagBag from /opt/airflow/dags/reddit_dag.py
[2025-01-13T02:16:05.524+0000] {processor.py:840} INFO - DAG(s) 'etl_reddit_pipeline' retrieved from /opt/airflow/dags/reddit_dag.py
[2025-01-13T02:16:05.549+0000] {logging_mixin.py:188} INFO - [2025-01-13T02:16:05.548+0000] {dag.py:3096} INFO - Sync 1 DAGs
[2025-01-13T02:16:05.574+0000] {logging_mixin.py:188} INFO - [2025-01-13T02:16:05.574+0000] {dag.py:3954} INFO - Setting next_dagrun for etl_reddit_pipeline to 2025-01-13T00:00:00+00:00, run_after=2025-01-14T00:00:00+00:00
[2025-01-13T02:16:05.595+0000] {processor.py:183} INFO - Processing /opt/airflow/dags/reddit_dag.py took 0.832 seconds
[2025-01-13T02:16:35.846+0000] {processor.py:161} INFO - Started process (PID=937) to work on /opt/airflow/dags/reddit_dag.py
[2025-01-13T02:16:35.847+0000] {processor.py:830} INFO - Processing file /opt/airflow/dags/reddit_dag.py for tasks to queue
[2025-01-13T02:16:35.849+0000] {logging_mixin.py:188} INFO - [2025-01-13T02:16:35.849+0000] {dagbag.py:540} INFO - Filling up the DagBag from /opt/airflow/dags/reddit_dag.py
[2025-01-13T02:16:36.453+0000] {processor.py:840} INFO - DAG(s) 'etl_reddit_pipeline' retrieved from /opt/airflow/dags/reddit_dag.py
[2025-01-13T02:16:36.473+0000] {logging_mixin.py:188} INFO - [2025-01-13T02:16:36.473+0000] {dag.py:3096} INFO - Sync 1 DAGs
[2025-01-13T02:16:36.495+0000] {logging_mixin.py:188} INFO - [2025-01-13T02:16:36.495+0000] {dag.py:3954} INFO - Setting next_dagrun for etl_reddit_pipeline to 2025-01-13T00:00:00+00:00, run_after=2025-01-14T00:00:00+00:00
[2025-01-13T02:16:36.513+0000] {processor.py:183} INFO - Processing /opt/airflow/dags/reddit_dag.py took 0.673 seconds
[2025-01-13T02:17:06.693+0000] {processor.py:161} INFO - Started process (PID=939) to work on /opt/airflow/dags/reddit_dag.py
[2025-01-13T02:17:06.694+0000] {processor.py:830} INFO - Processing file /opt/airflow/dags/reddit_dag.py for tasks to queue
[2025-01-13T02:17:06.696+0000] {logging_mixin.py:188} INFO - [2025-01-13T02:17:06.695+0000] {dagbag.py:540} INFO - Filling up the DagBag from /opt/airflow/dags/reddit_dag.py
[2025-01-13T02:17:07.263+0000] {processor.py:840} INFO - DAG(s) 'etl_reddit_pipeline' retrieved from /opt/airflow/dags/reddit_dag.py
[2025-01-13T02:17:07.284+0000] {logging_mixin.py:188} INFO - [2025-01-13T02:17:07.284+0000] {dag.py:3096} INFO - Sync 1 DAGs
[2025-01-13T02:17:07.302+0000] {logging_mixin.py:188} INFO - [2025-01-13T02:17:07.301+0000] {dag.py:3954} INFO - Setting next_dagrun for etl_reddit_pipeline to 2025-01-13T00:00:00+00:00, run_after=2025-01-14T00:00:00+00:00
[2025-01-13T02:17:07.318+0000] {processor.py:183} INFO - Processing /opt/airflow/dags/reddit_dag.py took 0.632 seconds
[2025-01-13T02:17:37.495+0000] {processor.py:161} INFO - Started process (PID=941) to work on /opt/airflow/dags/reddit_dag.py
[2025-01-13T02:17:37.496+0000] {processor.py:830} INFO - Processing file /opt/airflow/dags/reddit_dag.py for tasks to queue
[2025-01-13T02:17:37.498+0000] {logging_mixin.py:188} INFO - [2025-01-13T02:17:37.498+0000] {dagbag.py:540} INFO - Filling up the DagBag from /opt/airflow/dags/reddit_dag.py
[2025-01-13T02:17:38.053+0000] {processor.py:840} INFO - DAG(s) 'etl_reddit_pipeline' retrieved from /opt/airflow/dags/reddit_dag.py
[2025-01-13T02:17:38.074+0000] {logging_mixin.py:188} INFO - [2025-01-13T02:17:38.073+0000] {dag.py:3096} INFO - Sync 1 DAGs
[2025-01-13T02:17:38.094+0000] {logging_mixin.py:188} INFO - [2025-01-13T02:17:38.094+0000] {dag.py:3954} INFO - Setting next_dagrun for etl_reddit_pipeline to 2025-01-13T00:00:00+00:00, run_after=2025-01-14T00:00:00+00:00
[2025-01-13T02:17:38.114+0000] {processor.py:183} INFO - Processing /opt/airflow/dags/reddit_dag.py took 0.625 seconds
[2025-01-13T02:18:08.307+0000] {processor.py:161} INFO - Started process (PID=943) to work on /opt/airflow/dags/reddit_dag.py
[2025-01-13T02:18:08.309+0000] {processor.py:830} INFO - Processing file /opt/airflow/dags/reddit_dag.py for tasks to queue
[2025-01-13T02:18:08.311+0000] {logging_mixin.py:188} INFO - [2025-01-13T02:18:08.310+0000] {dagbag.py:540} INFO - Filling up the DagBag from /opt/airflow/dags/reddit_dag.py
[2025-01-13T02:18:08.882+0000] {processor.py:840} INFO - DAG(s) 'etl_reddit_pipeline' retrieved from /opt/airflow/dags/reddit_dag.py
[2025-01-13T02:18:08.904+0000] {logging_mixin.py:188} INFO - [2025-01-13T02:18:08.903+0000] {dag.py:3096} INFO - Sync 1 DAGs
[2025-01-13T02:18:08.924+0000] {logging_mixin.py:188} INFO - [2025-01-13T02:18:08.923+0000] {dag.py:3954} INFO - Setting next_dagrun for etl_reddit_pipeline to 2025-01-13T00:00:00+00:00, run_after=2025-01-14T00:00:00+00:00
[2025-01-13T02:18:08.943+0000] {processor.py:183} INFO - Processing /opt/airflow/dags/reddit_dag.py took 0.642 seconds
[2025-01-13T02:18:39.125+0000] {processor.py:161} INFO - Started process (PID=945) to work on /opt/airflow/dags/reddit_dag.py
[2025-01-13T02:18:39.126+0000] {processor.py:830} INFO - Processing file /opt/airflow/dags/reddit_dag.py for tasks to queue
[2025-01-13T02:18:39.129+0000] {logging_mixin.py:188} INFO - [2025-01-13T02:18:39.129+0000] {dagbag.py:540} INFO - Filling up the DagBag from /opt/airflow/dags/reddit_dag.py
[2025-01-13T02:18:39.769+0000] {processor.py:840} INFO - DAG(s) 'etl_reddit_pipeline' retrieved from /opt/airflow/dags/reddit_dag.py
[2025-01-13T02:18:39.792+0000] {logging_mixin.py:188} INFO - [2025-01-13T02:18:39.791+0000] {dag.py:3096} INFO - Sync 1 DAGs
[2025-01-13T02:18:39.817+0000] {logging_mixin.py:188} INFO - [2025-01-13T02:18:39.817+0000] {dag.py:3954} INFO - Setting next_dagrun for etl_reddit_pipeline to 2025-01-13T00:00:00+00:00, run_after=2025-01-14T00:00:00+00:00
[2025-01-13T02:18:39.835+0000] {processor.py:183} INFO - Processing /opt/airflow/dags/reddit_dag.py took 0.717 seconds
[2025-01-13T02:19:09.948+0000] {processor.py:161} INFO - Started process (PID=947) to work on /opt/airflow/dags/reddit_dag.py
[2025-01-13T02:19:09.949+0000] {processor.py:830} INFO - Processing file /opt/airflow/dags/reddit_dag.py for tasks to queue
[2025-01-13T02:19:09.951+0000] {logging_mixin.py:188} INFO - [2025-01-13T02:19:09.950+0000] {dagbag.py:540} INFO - Filling up the DagBag from /opt/airflow/dags/reddit_dag.py
[2025-01-13T02:19:10.486+0000] {processor.py:840} INFO - DAG(s) 'etl_reddit_pipeline' retrieved from /opt/airflow/dags/reddit_dag.py
[2025-01-13T02:19:10.509+0000] {logging_mixin.py:188} INFO - [2025-01-13T02:19:10.508+0000] {dag.py:3096} INFO - Sync 1 DAGs
[2025-01-13T02:19:10.531+0000] {logging_mixin.py:188} INFO - [2025-01-13T02:19:10.530+0000] {dag.py:3954} INFO - Setting next_dagrun for etl_reddit_pipeline to 2025-01-13T00:00:00+00:00, run_after=2025-01-14T00:00:00+00:00
[2025-01-13T02:19:10.547+0000] {processor.py:183} INFO - Processing /opt/airflow/dags/reddit_dag.py took 0.605 seconds
[2025-01-13T02:19:40.730+0000] {processor.py:161} INFO - Started process (PID=949) to work on /opt/airflow/dags/reddit_dag.py
[2025-01-13T02:19:40.730+0000] {processor.py:830} INFO - Processing file /opt/airflow/dags/reddit_dag.py for tasks to queue
[2025-01-13T02:19:40.732+0000] {logging_mixin.py:188} INFO - [2025-01-13T02:19:40.732+0000] {dagbag.py:540} INFO - Filling up the DagBag from /opt/airflow/dags/reddit_dag.py
[2025-01-13T02:19:41.271+0000] {processor.py:840} INFO - DAG(s) 'etl_reddit_pipeline' retrieved from /opt/airflow/dags/reddit_dag.py
[2025-01-13T02:19:41.292+0000] {logging_mixin.py:188} INFO - [2025-01-13T02:19:41.291+0000] {dag.py:3096} INFO - Sync 1 DAGs
[2025-01-13T02:19:41.311+0000] {logging_mixin.py:188} INFO - [2025-01-13T02:19:41.311+0000] {dag.py:3954} INFO - Setting next_dagrun for etl_reddit_pipeline to 2025-01-13T00:00:00+00:00, run_after=2025-01-14T00:00:00+00:00
[2025-01-13T02:19:41.326+0000] {processor.py:183} INFO - Processing /opt/airflow/dags/reddit_dag.py took 0.602 seconds
[2025-01-13T02:20:11.497+0000] {processor.py:161} INFO - Started process (PID=951) to work on /opt/airflow/dags/reddit_dag.py
[2025-01-13T02:20:11.498+0000] {processor.py:830} INFO - Processing file /opt/airflow/dags/reddit_dag.py for tasks to queue
[2025-01-13T02:20:11.500+0000] {logging_mixin.py:188} INFO - [2025-01-13T02:20:11.500+0000] {dagbag.py:540} INFO - Filling up the DagBag from /opt/airflow/dags/reddit_dag.py
[2025-01-13T02:20:12.021+0000] {processor.py:840} INFO - DAG(s) 'etl_reddit_pipeline' retrieved from /opt/airflow/dags/reddit_dag.py
[2025-01-13T02:20:12.041+0000] {logging_mixin.py:188} INFO - [2025-01-13T02:20:12.041+0000] {dag.py:3096} INFO - Sync 1 DAGs
[2025-01-13T02:20:12.059+0000] {logging_mixin.py:188} INFO - [2025-01-13T02:20:12.059+0000] {dag.py:3954} INFO - Setting next_dagrun for etl_reddit_pipeline to 2025-01-13T00:00:00+00:00, run_after=2025-01-14T00:00:00+00:00
[2025-01-13T02:20:12.074+0000] {processor.py:183} INFO - Processing /opt/airflow/dags/reddit_dag.py took 0.583 seconds
[2025-01-13T02:20:42.267+0000] {processor.py:161} INFO - Started process (PID=953) to work on /opt/airflow/dags/reddit_dag.py
[2025-01-13T02:20:42.268+0000] {processor.py:830} INFO - Processing file /opt/airflow/dags/reddit_dag.py for tasks to queue
[2025-01-13T02:20:42.271+0000] {logging_mixin.py:188} INFO - [2025-01-13T02:20:42.271+0000] {dagbag.py:540} INFO - Filling up the DagBag from /opt/airflow/dags/reddit_dag.py
[2025-01-13T02:20:42.873+0000] {processor.py:840} INFO - DAG(s) 'etl_reddit_pipeline' retrieved from /opt/airflow/dags/reddit_dag.py
[2025-01-13T02:20:42.895+0000] {logging_mixin.py:188} INFO - [2025-01-13T02:20:42.895+0000] {dag.py:3096} INFO - Sync 1 DAGs
[2025-01-13T02:20:42.913+0000] {logging_mixin.py:188} INFO - [2025-01-13T02:20:42.913+0000] {dag.py:3954} INFO - Setting next_dagrun for etl_reddit_pipeline to 2025-01-13T00:00:00+00:00, run_after=2025-01-14T00:00:00+00:00
[2025-01-13T02:20:42.929+0000] {processor.py:183} INFO - Processing /opt/airflow/dags/reddit_dag.py took 0.669 seconds
[2025-01-13T02:21:13.126+0000] {processor.py:161} INFO - Started process (PID=955) to work on /opt/airflow/dags/reddit_dag.py
[2025-01-13T02:21:13.127+0000] {processor.py:830} INFO - Processing file /opt/airflow/dags/reddit_dag.py for tasks to queue
[2025-01-13T02:21:13.129+0000] {logging_mixin.py:188} INFO - [2025-01-13T02:21:13.129+0000] {dagbag.py:540} INFO - Filling up the DagBag from /opt/airflow/dags/reddit_dag.py
[2025-01-13T02:21:13.671+0000] {processor.py:840} INFO - DAG(s) 'etl_reddit_pipeline' retrieved from /opt/airflow/dags/reddit_dag.py
[2025-01-13T02:21:13.691+0000] {logging_mixin.py:188} INFO - [2025-01-13T02:21:13.691+0000] {dag.py:3096} INFO - Sync 1 DAGs
[2025-01-13T02:21:13.710+0000] {logging_mixin.py:188} INFO - [2025-01-13T02:21:13.709+0000] {dag.py:3954} INFO - Setting next_dagrun for etl_reddit_pipeline to 2025-01-13T00:00:00+00:00, run_after=2025-01-14T00:00:00+00:00
[2025-01-13T02:21:13.727+0000] {processor.py:183} INFO - Processing /opt/airflow/dags/reddit_dag.py took 0.607 seconds
[2025-01-13T02:21:43.897+0000] {processor.py:161} INFO - Started process (PID=957) to work on /opt/airflow/dags/reddit_dag.py
[2025-01-13T02:21:43.898+0000] {processor.py:830} INFO - Processing file /opt/airflow/dags/reddit_dag.py for tasks to queue
[2025-01-13T02:21:43.900+0000] {logging_mixin.py:188} INFO - [2025-01-13T02:21:43.900+0000] {dagbag.py:540} INFO - Filling up the DagBag from /opt/airflow/dags/reddit_dag.py
[2025-01-13T02:21:44.469+0000] {processor.py:840} INFO - DAG(s) 'etl_reddit_pipeline' retrieved from /opt/airflow/dags/reddit_dag.py
[2025-01-13T02:21:44.491+0000] {logging_mixin.py:188} INFO - [2025-01-13T02:21:44.490+0000] {dag.py:3096} INFO - Sync 1 DAGs
[2025-01-13T02:21:44.511+0000] {logging_mixin.py:188} INFO - [2025-01-13T02:21:44.511+0000] {dag.py:3954} INFO - Setting next_dagrun for etl_reddit_pipeline to 2025-01-13T00:00:00+00:00, run_after=2025-01-14T00:00:00+00:00
[2025-01-13T02:21:44.530+0000] {processor.py:183} INFO - Processing /opt/airflow/dags/reddit_dag.py took 0.639 seconds
[2025-01-13T02:22:14.720+0000] {processor.py:161} INFO - Started process (PID=959) to work on /opt/airflow/dags/reddit_dag.py
[2025-01-13T02:22:14.721+0000] {processor.py:830} INFO - Processing file /opt/airflow/dags/reddit_dag.py for tasks to queue
[2025-01-13T02:22:14.723+0000] {logging_mixin.py:188} INFO - [2025-01-13T02:22:14.723+0000] {dagbag.py:540} INFO - Filling up the DagBag from /opt/airflow/dags/reddit_dag.py
[2025-01-13T02:22:15.334+0000] {processor.py:840} INFO - DAG(s) 'etl_reddit_pipeline' retrieved from /opt/airflow/dags/reddit_dag.py
[2025-01-13T02:22:15.357+0000] {logging_mixin.py:188} INFO - [2025-01-13T02:22:15.356+0000] {dag.py:3096} INFO - Sync 1 DAGs
[2025-01-13T02:22:15.381+0000] {logging_mixin.py:188} INFO - [2025-01-13T02:22:15.381+0000] {dag.py:3954} INFO - Setting next_dagrun for etl_reddit_pipeline to 2025-01-13T00:00:00+00:00, run_after=2025-01-14T00:00:00+00:00
[2025-01-13T02:22:15.400+0000] {processor.py:183} INFO - Processing /opt/airflow/dags/reddit_dag.py took 0.685 seconds
[2025-01-13T02:22:45.590+0000] {processor.py:161} INFO - Started process (PID=961) to work on /opt/airflow/dags/reddit_dag.py
[2025-01-13T02:22:45.591+0000] {processor.py:830} INFO - Processing file /opt/airflow/dags/reddit_dag.py for tasks to queue
[2025-01-13T02:22:45.594+0000] {logging_mixin.py:188} INFO - [2025-01-13T02:22:45.593+0000] {dagbag.py:540} INFO - Filling up the DagBag from /opt/airflow/dags/reddit_dag.py
[2025-01-13T02:22:46.196+0000] {processor.py:840} INFO - DAG(s) 'etl_reddit_pipeline' retrieved from /opt/airflow/dags/reddit_dag.py
[2025-01-13T02:22:46.218+0000] {logging_mixin.py:188} INFO - [2025-01-13T02:22:46.218+0000] {dag.py:3096} INFO - Sync 1 DAGs
[2025-01-13T02:22:46.236+0000] {logging_mixin.py:188} INFO - [2025-01-13T02:22:46.236+0000] {dag.py:3954} INFO - Setting next_dagrun for etl_reddit_pipeline to 2025-01-13T00:00:00+00:00, run_after=2025-01-14T00:00:00+00:00
[2025-01-13T02:22:46.253+0000] {processor.py:183} INFO - Processing /opt/airflow/dags/reddit_dag.py took 0.668 seconds
[2025-01-13T02:23:16.361+0000] {processor.py:161} INFO - Started process (PID=963) to work on /opt/airflow/dags/reddit_dag.py
[2025-01-13T02:23:16.363+0000] {processor.py:830} INFO - Processing file /opt/airflow/dags/reddit_dag.py for tasks to queue
[2025-01-13T02:23:16.366+0000] {logging_mixin.py:188} INFO - [2025-01-13T02:23:16.365+0000] {dagbag.py:540} INFO - Filling up the DagBag from /opt/airflow/dags/reddit_dag.py
[2025-01-13T02:23:16.967+0000] {processor.py:840} INFO - DAG(s) 'etl_reddit_pipeline' retrieved from /opt/airflow/dags/reddit_dag.py
[2025-01-13T02:23:16.989+0000] {logging_mixin.py:188} INFO - [2025-01-13T02:23:16.988+0000] {dag.py:3096} INFO - Sync 1 DAGs
[2025-01-13T02:23:17.010+0000] {logging_mixin.py:188} INFO - [2025-01-13T02:23:17.009+0000] {dag.py:3954} INFO - Setting next_dagrun for etl_reddit_pipeline to 2025-01-13T00:00:00+00:00, run_after=2025-01-14T00:00:00+00:00
[2025-01-13T02:23:17.029+0000] {processor.py:183} INFO - Processing /opt/airflow/dags/reddit_dag.py took 0.675 seconds
[2025-01-13T02:23:47.223+0000] {processor.py:161} INFO - Started process (PID=965) to work on /opt/airflow/dags/reddit_dag.py
[2025-01-13T02:23:47.224+0000] {processor.py:830} INFO - Processing file /opt/airflow/dags/reddit_dag.py for tasks to queue
[2025-01-13T02:23:47.226+0000] {logging_mixin.py:188} INFO - [2025-01-13T02:23:47.226+0000] {dagbag.py:540} INFO - Filling up the DagBag from /opt/airflow/dags/reddit_dag.py
[2025-01-13T02:23:47.834+0000] {processor.py:840} INFO - DAG(s) 'etl_reddit_pipeline' retrieved from /opt/airflow/dags/reddit_dag.py
[2025-01-13T02:23:47.856+0000] {logging_mixin.py:188} INFO - [2025-01-13T02:23:47.855+0000] {dag.py:3096} INFO - Sync 1 DAGs
[2025-01-13T02:23:47.876+0000] {logging_mixin.py:188} INFO - [2025-01-13T02:23:47.875+0000] {dag.py:3954} INFO - Setting next_dagrun for etl_reddit_pipeline to 2025-01-13T00:00:00+00:00, run_after=2025-01-14T00:00:00+00:00
[2025-01-13T02:23:47.897+0000] {processor.py:183} INFO - Processing /opt/airflow/dags/reddit_dag.py took 0.681 seconds
[2025-01-13T02:24:18.070+0000] {processor.py:161} INFO - Started process (PID=967) to work on /opt/airflow/dags/reddit_dag.py
[2025-01-13T02:24:18.071+0000] {processor.py:830} INFO - Processing file /opt/airflow/dags/reddit_dag.py for tasks to queue
[2025-01-13T02:24:18.073+0000] {logging_mixin.py:188} INFO - [2025-01-13T02:24:18.073+0000] {dagbag.py:540} INFO - Filling up the DagBag from /opt/airflow/dags/reddit_dag.py
[2025-01-13T02:24:18.619+0000] {processor.py:840} INFO - DAG(s) 'etl_reddit_pipeline' retrieved from /opt/airflow/dags/reddit_dag.py
[2025-01-13T02:24:18.641+0000] {logging_mixin.py:188} INFO - [2025-01-13T02:24:18.640+0000] {dag.py:3096} INFO - Sync 1 DAGs
[2025-01-13T02:24:18.665+0000] {logging_mixin.py:188} INFO - [2025-01-13T02:24:18.664+0000] {dag.py:3954} INFO - Setting next_dagrun for etl_reddit_pipeline to 2025-01-13T00:00:00+00:00, run_after=2025-01-14T00:00:00+00:00
[2025-01-13T02:24:18.683+0000] {processor.py:183} INFO - Processing /opt/airflow/dags/reddit_dag.py took 0.618 seconds
[2025-01-13T02:24:48.872+0000] {processor.py:161} INFO - Started process (PID=969) to work on /opt/airflow/dags/reddit_dag.py
[2025-01-13T02:24:48.873+0000] {processor.py:830} INFO - Processing file /opt/airflow/dags/reddit_dag.py for tasks to queue
[2025-01-13T02:24:48.874+0000] {logging_mixin.py:188} INFO - [2025-01-13T02:24:48.874+0000] {dagbag.py:540} INFO - Filling up the DagBag from /opt/airflow/dags/reddit_dag.py
[2025-01-13T02:24:49.417+0000] {processor.py:840} INFO - DAG(s) 'etl_reddit_pipeline' retrieved from /opt/airflow/dags/reddit_dag.py
[2025-01-13T02:24:49.438+0000] {logging_mixin.py:188} INFO - [2025-01-13T02:24:49.437+0000] {dag.py:3096} INFO - Sync 1 DAGs
[2025-01-13T02:24:49.459+0000] {logging_mixin.py:188} INFO - [2025-01-13T02:24:49.459+0000] {dag.py:3954} INFO - Setting next_dagrun for etl_reddit_pipeline to 2025-01-13T00:00:00+00:00, run_after=2025-01-14T00:00:00+00:00
[2025-01-13T02:24:49.475+0000] {processor.py:183} INFO - Processing /opt/airflow/dags/reddit_dag.py took 0.608 seconds
[2025-01-13T02:25:19.655+0000] {processor.py:161} INFO - Started process (PID=971) to work on /opt/airflow/dags/reddit_dag.py
[2025-01-13T02:25:19.656+0000] {processor.py:830} INFO - Processing file /opt/airflow/dags/reddit_dag.py for tasks to queue
[2025-01-13T02:25:19.658+0000] {logging_mixin.py:188} INFO - [2025-01-13T02:25:19.658+0000] {dagbag.py:540} INFO - Filling up the DagBag from /opt/airflow/dags/reddit_dag.py
[2025-01-13T02:25:20.194+0000] {processor.py:840} INFO - DAG(s) 'etl_reddit_pipeline' retrieved from /opt/airflow/dags/reddit_dag.py
[2025-01-13T02:25:20.213+0000] {logging_mixin.py:188} INFO - [2025-01-13T02:25:20.213+0000] {dag.py:3096} INFO - Sync 1 DAGs
[2025-01-13T02:25:20.233+0000] {logging_mixin.py:188} INFO - [2025-01-13T02:25:20.232+0000] {dag.py:3954} INFO - Setting next_dagrun for etl_reddit_pipeline to 2025-01-13T00:00:00+00:00, run_after=2025-01-14T00:00:00+00:00
[2025-01-13T02:25:20.248+0000] {processor.py:183} INFO - Processing /opt/airflow/dags/reddit_dag.py took 0.599 seconds
[2025-01-13T02:25:50.411+0000] {processor.py:161} INFO - Started process (PID=973) to work on /opt/airflow/dags/reddit_dag.py
[2025-01-13T02:25:50.412+0000] {processor.py:830} INFO - Processing file /opt/airflow/dags/reddit_dag.py for tasks to queue
[2025-01-13T02:25:50.415+0000] {logging_mixin.py:188} INFO - [2025-01-13T02:25:50.414+0000] {dagbag.py:540} INFO - Filling up the DagBag from /opt/airflow/dags/reddit_dag.py
[2025-01-13T02:25:50.950+0000] {processor.py:840} INFO - DAG(s) 'etl_reddit_pipeline' retrieved from /opt/airflow/dags/reddit_dag.py
[2025-01-13T02:25:50.970+0000] {logging_mixin.py:188} INFO - [2025-01-13T02:25:50.970+0000] {dag.py:3096} INFO - Sync 1 DAGs
[2025-01-13T02:25:50.988+0000] {logging_mixin.py:188} INFO - [2025-01-13T02:25:50.988+0000] {dag.py:3954} INFO - Setting next_dagrun for etl_reddit_pipeline to 2025-01-13T00:00:00+00:00, run_after=2025-01-14T00:00:00+00:00
[2025-01-13T02:25:51.003+0000] {processor.py:183} INFO - Processing /opt/airflow/dags/reddit_dag.py took 0.597 seconds
[2025-01-13T02:26:21.206+0000] {processor.py:161} INFO - Started process (PID=975) to work on /opt/airflow/dags/reddit_dag.py
[2025-01-13T02:26:21.207+0000] {processor.py:830} INFO - Processing file /opt/airflow/dags/reddit_dag.py for tasks to queue
[2025-01-13T02:26:21.209+0000] {logging_mixin.py:188} INFO - [2025-01-13T02:26:21.208+0000] {dagbag.py:540} INFO - Filling up the DagBag from /opt/airflow/dags/reddit_dag.py
[2025-01-13T02:26:21.740+0000] {processor.py:840} INFO - DAG(s) 'etl_reddit_pipeline' retrieved from /opt/airflow/dags/reddit_dag.py
[2025-01-13T02:26:21.763+0000] {logging_mixin.py:188} INFO - [2025-01-13T02:26:21.762+0000] {dag.py:3096} INFO - Sync 1 DAGs
[2025-01-13T02:26:21.785+0000] {logging_mixin.py:188} INFO - [2025-01-13T02:26:21.785+0000] {dag.py:3954} INFO - Setting next_dagrun for etl_reddit_pipeline to 2025-01-13T00:00:00+00:00, run_after=2025-01-14T00:00:00+00:00
[2025-01-13T02:26:21.803+0000] {processor.py:183} INFO - Processing /opt/airflow/dags/reddit_dag.py took 0.603 seconds
[2025-01-13T02:26:51.976+0000] {processor.py:161} INFO - Started process (PID=977) to work on /opt/airflow/dags/reddit_dag.py
[2025-01-13T02:26:51.977+0000] {processor.py:830} INFO - Processing file /opt/airflow/dags/reddit_dag.py for tasks to queue
[2025-01-13T02:26:51.978+0000] {logging_mixin.py:188} INFO - [2025-01-13T02:26:51.978+0000] {dagbag.py:540} INFO - Filling up the DagBag from /opt/airflow/dags/reddit_dag.py
[2025-01-13T02:26:52.481+0000] {processor.py:840} INFO - DAG(s) 'etl_reddit_pipeline' retrieved from /opt/airflow/dags/reddit_dag.py
[2025-01-13T02:26:52.500+0000] {logging_mixin.py:188} INFO - [2025-01-13T02:26:52.499+0000] {dag.py:3096} INFO - Sync 1 DAGs
[2025-01-13T02:26:52.518+0000] {logging_mixin.py:188} INFO - [2025-01-13T02:26:52.517+0000] {dag.py:3954} INFO - Setting next_dagrun for etl_reddit_pipeline to 2025-01-13T00:00:00+00:00, run_after=2025-01-14T00:00:00+00:00
[2025-01-13T02:26:52.535+0000] {processor.py:183} INFO - Processing /opt/airflow/dags/reddit_dag.py took 0.564 seconds
[2025-01-13T02:27:22.724+0000] {processor.py:161} INFO - Started process (PID=979) to work on /opt/airflow/dags/reddit_dag.py
[2025-01-13T02:27:22.725+0000] {processor.py:830} INFO - Processing file /opt/airflow/dags/reddit_dag.py for tasks to queue
[2025-01-13T02:27:22.727+0000] {logging_mixin.py:188} INFO - [2025-01-13T02:27:22.727+0000] {dagbag.py:540} INFO - Filling up the DagBag from /opt/airflow/dags/reddit_dag.py
[2025-01-13T02:27:23.272+0000] {processor.py:840} INFO - DAG(s) 'etl_reddit_pipeline' retrieved from /opt/airflow/dags/reddit_dag.py
[2025-01-13T02:27:23.295+0000] {logging_mixin.py:188} INFO - [2025-01-13T02:27:23.295+0000] {dag.py:3096} INFO - Sync 1 DAGs
[2025-01-13T02:27:23.318+0000] {logging_mixin.py:188} INFO - [2025-01-13T02:27:23.318+0000] {dag.py:3954} INFO - Setting next_dagrun for etl_reddit_pipeline to 2025-01-13T00:00:00+00:00, run_after=2025-01-14T00:00:00+00:00
[2025-01-13T02:27:23.336+0000] {processor.py:183} INFO - Processing /opt/airflow/dags/reddit_dag.py took 0.617 seconds
[2025-01-13T02:27:53.501+0000] {processor.py:161} INFO - Started process (PID=981) to work on /opt/airflow/dags/reddit_dag.py
[2025-01-13T02:27:53.502+0000] {processor.py:830} INFO - Processing file /opt/airflow/dags/reddit_dag.py for tasks to queue
[2025-01-13T02:27:53.504+0000] {logging_mixin.py:188} INFO - [2025-01-13T02:27:53.504+0000] {dagbag.py:540} INFO - Filling up the DagBag from /opt/airflow/dags/reddit_dag.py
[2025-01-13T02:27:54.018+0000] {processor.py:840} INFO - DAG(s) 'etl_reddit_pipeline' retrieved from /opt/airflow/dags/reddit_dag.py
[2025-01-13T02:27:54.037+0000] {logging_mixin.py:188} INFO - [2025-01-13T02:27:54.037+0000] {dag.py:3096} INFO - Sync 1 DAGs
[2025-01-13T02:27:54.056+0000] {logging_mixin.py:188} INFO - [2025-01-13T02:27:54.056+0000] {dag.py:3954} INFO - Setting next_dagrun for etl_reddit_pipeline to 2025-01-13T00:00:00+00:00, run_after=2025-01-14T00:00:00+00:00
[2025-01-13T02:27:54.070+0000] {processor.py:183} INFO - Processing /opt/airflow/dags/reddit_dag.py took 0.573 seconds
[2025-01-13T02:28:24.250+0000] {processor.py:161} INFO - Started process (PID=983) to work on /opt/airflow/dags/reddit_dag.py
[2025-01-13T02:28:24.250+0000] {processor.py:830} INFO - Processing file /opt/airflow/dags/reddit_dag.py for tasks to queue
[2025-01-13T02:28:24.252+0000] {logging_mixin.py:188} INFO - [2025-01-13T02:28:24.252+0000] {dagbag.py:540} INFO - Filling up the DagBag from /opt/airflow/dags/reddit_dag.py
[2025-01-13T02:28:24.761+0000] {processor.py:840} INFO - DAG(s) 'etl_reddit_pipeline' retrieved from /opt/airflow/dags/reddit_dag.py
[2025-01-13T02:28:24.781+0000] {logging_mixin.py:188} INFO - [2025-01-13T02:28:24.781+0000] {dag.py:3096} INFO - Sync 1 DAGs
[2025-01-13T02:28:24.798+0000] {logging_mixin.py:188} INFO - [2025-01-13T02:28:24.798+0000] {dag.py:3954} INFO - Setting next_dagrun for etl_reddit_pipeline to 2025-01-13T00:00:00+00:00, run_after=2025-01-14T00:00:00+00:00
[2025-01-13T02:28:24.812+0000] {processor.py:183} INFO - Processing /opt/airflow/dags/reddit_dag.py took 0.568 seconds
[2025-01-13T02:28:54.972+0000] {processor.py:161} INFO - Started process (PID=985) to work on /opt/airflow/dags/reddit_dag.py
[2025-01-13T02:28:54.973+0000] {processor.py:830} INFO - Processing file /opt/airflow/dags/reddit_dag.py for tasks to queue
[2025-01-13T02:28:54.975+0000] {logging_mixin.py:188} INFO - [2025-01-13T02:28:54.974+0000] {dagbag.py:540} INFO - Filling up the DagBag from /opt/airflow/dags/reddit_dag.py
[2025-01-13T02:28:55.522+0000] {processor.py:840} INFO - DAG(s) 'etl_reddit_pipeline' retrieved from /opt/airflow/dags/reddit_dag.py
[2025-01-13T02:28:55.543+0000] {logging_mixin.py:188} INFO - [2025-01-13T02:28:55.543+0000] {dag.py:3096} INFO - Sync 1 DAGs
[2025-01-13T02:28:55.562+0000] {logging_mixin.py:188} INFO - [2025-01-13T02:28:55.561+0000] {dag.py:3954} INFO - Setting next_dagrun for etl_reddit_pipeline to 2025-01-13T00:00:00+00:00, run_after=2025-01-14T00:00:00+00:00
[2025-01-13T02:28:55.577+0000] {processor.py:183} INFO - Processing /opt/airflow/dags/reddit_dag.py took 0.611 seconds
[2025-01-13T02:29:25.756+0000] {processor.py:161} INFO - Started process (PID=987) to work on /opt/airflow/dags/reddit_dag.py
[2025-01-13T02:29:25.757+0000] {processor.py:830} INFO - Processing file /opt/airflow/dags/reddit_dag.py for tasks to queue
[2025-01-13T02:29:25.759+0000] {logging_mixin.py:188} INFO - [2025-01-13T02:29:25.758+0000] {dagbag.py:540} INFO - Filling up the DagBag from /opt/airflow/dags/reddit_dag.py
[2025-01-13T02:29:26.297+0000] {processor.py:840} INFO - DAG(s) 'etl_reddit_pipeline' retrieved from /opt/airflow/dags/reddit_dag.py
[2025-01-13T02:29:26.317+0000] {logging_mixin.py:188} INFO - [2025-01-13T02:29:26.317+0000] {dag.py:3096} INFO - Sync 1 DAGs
[2025-01-13T02:29:26.334+0000] {logging_mixin.py:188} INFO - [2025-01-13T02:29:26.334+0000] {dag.py:3954} INFO - Setting next_dagrun for etl_reddit_pipeline to 2025-01-13T00:00:00+00:00, run_after=2025-01-14T00:00:00+00:00
[2025-01-13T02:29:26.349+0000] {processor.py:183} INFO - Processing /opt/airflow/dags/reddit_dag.py took 0.599 seconds
[2025-01-13T02:29:56.512+0000] {processor.py:161} INFO - Started process (PID=989) to work on /opt/airflow/dags/reddit_dag.py
[2025-01-13T02:29:56.512+0000] {processor.py:830} INFO - Processing file /opt/airflow/dags/reddit_dag.py for tasks to queue
[2025-01-13T02:29:56.514+0000] {logging_mixin.py:188} INFO - [2025-01-13T02:29:56.514+0000] {dagbag.py:540} INFO - Filling up the DagBag from /opt/airflow/dags/reddit_dag.py
[2025-01-13T02:29:57.055+0000] {processor.py:840} INFO - DAG(s) 'etl_reddit_pipeline' retrieved from /opt/airflow/dags/reddit_dag.py
[2025-01-13T02:29:57.077+0000] {logging_mixin.py:188} INFO - [2025-01-13T02:29:57.077+0000] {dag.py:3096} INFO - Sync 1 DAGs
[2025-01-13T02:29:57.098+0000] {logging_mixin.py:188} INFO - [2025-01-13T02:29:57.098+0000] {dag.py:3954} INFO - Setting next_dagrun for etl_reddit_pipeline to 2025-01-13T00:00:00+00:00, run_after=2025-01-14T00:00:00+00:00
[2025-01-13T02:29:57.114+0000] {processor.py:183} INFO - Processing /opt/airflow/dags/reddit_dag.py took 0.608 seconds
